2026-08-02T07:38:17.8605165Z Current runner version: '2.336.0'
2026-08-02T07:38:17.8631850Z ##[group]Runner Image Provisioner
2026-08-02T07:38:17.8632747Z Hosted Compute Agent
2026-08-02T07:38:17.8633345Z Version: 20260707.563
2026-08-02T07:38:17.8634000Z Commit: 02667638d2b423fbc733a8e32a88b44996a3ba6e
2026-08-02T07:38:17.8634754Z Build Date: 2026-07-07T19:33:50Z
2026-08-02T07:38:17.8635426Z Worker ID: {deb61dde-4931-4dba-a405-14325360d119}
2026-08-02T07:38:17.8636156Z Azure Region: centralus
2026-08-02T07:38:17.8636791Z ##[endgroup]
2026-08-02T07:38:17.8638591Z ##[group]Operating System
2026-08-02T07:38:17.8639299Z Ubuntu
2026-08-02T07:38:17.8639858Z 24.04.4
2026-08-02T07:38:17.8640358Z LTS
2026-08-02T07:38:17.8640913Z ##[endgroup]
2026-08-02T07:38:17.8641498Z ##[group]Runner Image
2026-08-02T07:38:17.8642082Z Image: ubuntu-24.04
2026-08-02T07:38:17.8642719Z Version: 20260720.247.2
2026-08-02T07:38:17.8643941Z Included Software: https://github.com/actions/runner-images/blob/ubuntu24/20260720.247/images/ubuntu/Ubuntu2404-Readme.md
2026-08-02T07:38:17.8645545Z Image Release: https://github.com/actions/runner-images/releases/tag/ubuntu24%2F20260720.247
2026-08-02T07:38:17.8646490Z ##[endgroup]
2026-08-02T07:38:17.8647972Z ##[group]GITHUB_TOKEN Permissions
2026-08-02T07:38:17.8650277Z Actions: read
2026-08-02T07:38:17.8650940Z Contents: read
2026-08-02T07:38:17.8651530Z Metadata: read
2026-08-02T07:38:17.8652109Z ##[endgroup]
2026-08-02T07:38:17.8654639Z Secret source: Actions
2026-08-02T07:38:17.8656327Z Prepare workflow directory
2026-08-02T07:38:17.9074612Z Prepare all required actions
2026-08-02T07:38:17.9124130Z Getting action download info
2026-08-02T07:38:18.1425145Z Download action repository 'actions/checkout@v4' (SHA:11d5960a326750d5838078e36cf38b85af677262)
2026-08-02T07:38:18.5160121Z Download action repository 'actions/download-artifact@v4' (SHA:d3f86a106a0bac45b974a628896c90dbdf5c8093)
2026-08-02T07:38:18.9395836Z Download action repository 'actions/upload-artifact@v4' (SHA:ea165f8d65b6e75b540449e92b4886f43607fa02)
2026-08-02T07:38:19.1553962Z Complete job name: Verify V8 workspace exec contract (TASK-OSS-03)
2026-08-02T07:38:19.2375846Z Node 20 is being deprecated. This workflow is running with Node 24 by default. If you need to temporarily use Node 20, you can set the ACTIONS_ALLOW_USE_UNSECURE_NODE_VERSION=true environment variable. For more information see: https://github.blog/changelog/2025-09-19-deprecation-of-node-20-on-github-actions-runners/
2026-08-02T07:38:19.2385108Z ##[group]Run actions/checkout@v4
2026-08-02T07:38:19.2385919Z with:
2026-08-02T07:38:19.2386389Z   fetch-depth: 1
2026-08-02T07:38:19.2386886Z   repository: Eskasia/governseed
2026-08-02T07:38:19.2391347Z   token: ***
2026-08-02T07:38:19.2391821Z   ssh-strict: true
2026-08-02T07:38:19.2392295Z   ssh-user: git
2026-08-02T07:38:19.2392773Z   persist-credentials: true
2026-08-02T07:38:19.2393305Z   clean: true
2026-08-02T07:38:19.2393778Z   sparse-checkout-cone-mode: true
2026-08-02T07:38:19.2394336Z   fetch-tags: false
2026-08-02T07:38:19.2394824Z   show-progress: true
2026-08-02T07:38:19.2395344Z   lfs: false
2026-08-02T07:38:19.2395833Z   submodules: false
2026-08-02T07:38:19.2396317Z   set-safe-directory: true
2026-08-02T07:38:19.2396855Z   allow-unsafe-pr-checkout: false
2026-08-02T07:38:19.2398237Z env:
2026-08-02T07:38:19.2398742Z   BENCHMARK_ID: GS-OSS-2026-08-02-V8
2026-08-02T07:38:19.2399368Z   EVIDENCE_CLASS: external-observational
2026-08-02T07:38:19.2399977Z   V7_SOURCE_RUN_ID: 30732978684
2026-08-02T07:38:19.2400540Z ##[endgroup]
2026-08-02T07:38:19.3464413Z Syncing repository: Eskasia/governseed
2026-08-02T07:38:19.3467221Z ##[group]Getting Git version info
2026-08-02T07:38:19.3468849Z Working directory is '/home/runner/work/governseed/governseed'
2026-08-02T07:38:19.3470738Z [command]/usr/bin/git version
2026-08-02T07:38:19.3526260Z git version 2.54.0
2026-08-02T07:38:19.3551591Z ##[endgroup]
2026-08-02T07:38:19.3579491Z Temporarily overriding HOME='/home/runner/work/_temp/823dd935-b845-4010-b901-ab67fea30650' before making global git config changes
2026-08-02T07:38:19.3582626Z Adding repository directory to the temporary git global config as a safe directory
2026-08-02T07:38:19.3591054Z [command]/usr/bin/git config --global --add safe.directory /home/runner/work/governseed/governseed
2026-08-02T07:38:19.3651179Z Deleting the contents of '/home/runner/work/governseed/governseed'
2026-08-02T07:38:19.3656769Z ##[group]Initializing the repository
2026-08-02T07:38:19.3662113Z [command]/usr/bin/git init /home/runner/work/governseed/governseed
2026-08-02T07:38:19.3771951Z hint: Using 'master' as the name for the initial branch. This default branch name
2026-08-02T07:38:19.3774216Z hint: will change to "main" in Git 3.0. To configure the initial branch name
2026-08-02T07:38:19.3775480Z hint: to use in all of your new repositories, which will suppress this warning,
2026-08-02T07:38:19.3776749Z hint: call:
2026-08-02T07:38:19.3777488Z hint:
2026-08-02T07:38:19.3778747Z hint: 	git config --global init.defaultBranch <name>
2026-08-02T07:38:19.3779968Z hint:
2026-08-02T07:38:19.3781124Z hint: Names commonly chosen instead of 'master' are 'main', 'trunk' and
2026-08-02T07:38:19.3782741Z hint: 'development'. The just-created branch can be renamed via this command:
2026-08-02T07:38:19.3783642Z hint:
2026-08-02T07:38:19.3784132Z hint: 	git branch -m <name>
2026-08-02T07:38:19.3784951Z hint:
2026-08-02T07:38:19.3786141Z hint: Disable this message with "git config set advice.defaultBranchName false"
2026-08-02T07:38:19.3788457Z Initialized empty Git repository in /home/runner/work/governseed/governseed/.git/
2026-08-02T07:38:19.3791041Z [command]/usr/bin/git remote add origin https://github.com/Eskasia/governseed
2026-08-02T07:38:19.3840182Z ##[endgroup]
2026-08-02T07:38:19.3841396Z ##[group]Disabling automatic garbage collection
2026-08-02T07:38:19.3844448Z [command]/usr/bin/git config --local gc.auto 0
2026-08-02T07:38:19.3878642Z ##[endgroup]
2026-08-02T07:38:19.3879881Z ##[group]Setting up auth
2026-08-02T07:38:19.3886830Z [command]/usr/bin/git config --local --name-only --get-regexp core\.sshCommand
2026-08-02T07:38:19.3924265Z [command]/usr/bin/git submodule foreach --recursive sh -c "git config --local --name-only --get-regexp 'core\.sshCommand' && git config --local --unset-all 'core.sshCommand' || :"
2026-08-02T07:38:19.4293535Z [command]/usr/bin/git config --local --name-only --get-regexp http\.https\:\/\/github\.com\/\.extraheader
2026-08-02T07:38:19.4339572Z [command]/usr/bin/git submodule foreach --recursive sh -c "git config --local --name-only --get-regexp 'http\.https\:\/\/github\.com\/\.extraheader' && git config --local --unset-all 'http.https://github.com/.extraheader' || :"
2026-08-02T07:38:19.4576760Z [command]/usr/bin/git config --local --name-only --get-regexp ^includeIf\.gitdir:
2026-08-02T07:38:19.4615718Z [command]/usr/bin/git submodule foreach --recursive git config --local --show-origin --name-only --get-regexp remote.origin.url
2026-08-02T07:38:19.4849755Z [command]/usr/bin/git config --local http.https://github.com/.extraheader AUTHORIZATION: basic ***
2026-08-02T07:38:19.4892138Z ##[endgroup]
2026-08-02T07:38:19.4893065Z ##[group]Fetching the repository
2026-08-02T07:38:19.4904024Z [command]/usr/bin/git -c protocol.version=2 fetch --no-tags --prune --no-recurse-submodules --depth=1 origin +3148e3edc4900330c25377c7c5049a697f31a44c:refs/remotes/origin/main
2026-08-02T07:38:22.2207480Z From https://github.com/Eskasia/governseed
2026-08-02T07:38:22.2209056Z  * [new ref]         3148e3edc4900330c25377c7c5049a697f31a44c -> origin/main
2026-08-02T07:38:22.2239004Z ##[endgroup]
2026-08-02T07:38:22.2239651Z ##[group]Determining the checkout info
2026-08-02T07:38:22.2241843Z ##[endgroup]
2026-08-02T07:38:22.2247983Z [command]/usr/bin/git sparse-checkout disable
2026-08-02T07:38:22.2299588Z [command]/usr/bin/git config --local --unset-all extensions.worktreeConfig
2026-08-02T07:38:22.2331106Z ##[group]Checking out the ref
2026-08-02T07:38:22.2337919Z [command]/usr/bin/git checkout --progress --force -B main refs/remotes/origin/main
2026-08-02T07:38:22.4690335Z Switched to a new branch 'main'
2026-08-02T07:38:22.4691935Z branch 'main' set up to track 'origin/main'.
2026-08-02T07:38:22.4742867Z ##[endgroup]
2026-08-02T07:38:22.4826455Z [command]/usr/bin/git log -1 --format=%H
2026-08-02T07:38:22.4855611Z 3148e3edc4900330c25377c7c5049a697f31a44c
2026-08-02T07:38:22.5114242Z Node 20 is being deprecated. This workflow is running with Node 24 by default. If you need to temporarily use Node 20, you can set the ACTIONS_ALLOW_USE_UNSECURE_NODE_VERSION=true environment variable. For more information see: https://github.blog/changelog/2025-09-19-deprecation-of-node-20-on-github-actions-runners/
2026-08-02T07:38:22.5116140Z ##[group]Run actions/download-artifact@v4
2026-08-02T07:38:22.5116478Z with:
2026-08-02T07:38:22.5116785Z   name: external-oss-v8-dependency-cache-TASK-OSS-03
2026-08-02T07:38:22.5117210Z   path: /home/runner/work/_temp/v8-input/TASK-OSS-03
2026-08-02T07:38:22.5117591Z   merge-multiple: false
2026-08-02T07:38:22.5118156Z   repository: Eskasia/governseed
2026-08-02T07:38:22.5118474Z   run-id: 30738110739
2026-08-02T07:38:22.5118723Z env:
2026-08-02T07:38:22.5119018Z   BENCHMARK_ID: GS-OSS-2026-08-02-V8
2026-08-02T07:38:22.5119351Z   EVIDENCE_CLASS: external-observational
2026-08-02T07:38:22.5119676Z   V7_SOURCE_RUN_ID: 30732978684
2026-08-02T07:38:22.5119999Z ##[endgroup]
2026-08-02T07:38:22.6628076Z Downloading single artifact
2026-08-02T07:38:22.6847356Z (node:2253) [DEP0040] DeprecationWarning: The `punycode` module is deprecated. Please use a userland alternative instead.
2026-08-02T07:38:22.6849124Z (Use `node --trace-deprecation ...` to show where the warning was created)
2026-08-02T07:38:22.8328238Z Preparing to download the following artifacts:
2026-08-02T07:38:22.8329635Z - external-oss-v8-dependency-cache-TASK-OSS-03 (ID: 8830333841, Size: 503621020, Expected Digest: sha256:5ccc00317273aa5271227f4f023750a737f17a1ad586d3f56ed1142d4224a490)
2026-08-02T07:38:22.9526393Z Redirecting to blob download url: https://productionresultssa13.blob.core.windows.net/actions-results/ab62971e-a3bb-404d-a3a6-96b4193f2826/workflow-job-run-b1caea31-9a68-5114-b66e-ab7bdcb70c74/artifacts/832f0df008fe1ea67ae7beaf17995516c67dbdbb92a8df00f60e431f0b409f61.zip
2026-08-02T07:38:22.9528827Z Starting download of artifact to: /home/runner/work/_temp/v8-input/TASK-OSS-03
2026-08-02T07:38:23.1135992Z (node:2253) [DEP0005] DeprecationWarning: Buffer() is deprecated due to security and usability issues. Please use the Buffer.alloc(), Buffer.allocUnsafe(), or Buffer.from() methods instead.
2026-08-02T07:38:33.3892195Z SHA256 digest of downloaded artifact is 5ccc00317273aa5271227f4f023750a737f17a1ad586d3f56ed1142d4224a490
2026-08-02T07:38:33.3893195Z Artifact download completed successfully.
2026-08-02T07:38:33.3893664Z Total of 1 artifact(s) downloaded
2026-08-02T07:38:33.3900744Z Download artifact has finished successfully
2026-08-02T07:38:33.4122904Z ##[group]Run set -euo pipefail
2026-08-02T07:38:33.4123331Z [36;1mset -euo pipefail[0m
2026-08-02T07:38:33.4123646Z [36;1minput="$RUNNER_TEMP/v8-input/$TASK_ID"[0m
2026-08-02T07:38:33.4124025Z [36;1mroot="$RUNNER_TEMP/v8-contract/$TASK_ID"[0m
2026-08-02T07:38:33.4124339Z [36;1mseed="$root/seed"[0m
2026-08-02T07:38:33.4124581Z [36;1mcache="$root/cache"[0m
2026-08-02T07:38:33.4124825Z [36;1mharness="$root/harness"[0m
2026-08-02T07:38:33.4125146Z [36;1mout="$RUNNER_TEMP/v8-contract-receipts/$TASK_ID"[0m
2026-08-02T07:38:33.4125520Z [36;1mmkdir -p "$seed" "$cache" "$harness" "$out"[0m
2026-08-02T07:38:33.4125859Z [36;1mtar -xzf "$input/seed.tgz" -C "$seed"[0m
2026-08-02T07:38:33.4126210Z [36;1mtar -xzf "$input/cache.tgz" -C "$cache"[0m
2026-08-02T07:38:33.4126595Z [36;1mcp "$input/cache-roots.txt" "$harness/cache-roots.txt"[0m
2026-08-02T07:38:33.4127170Z [36;1mcp benchmarks/external-oss-v8/tests/v8-runtime-contract.sh "$harness/v8-runtime-contract.sh"[0m
2026-08-02T07:38:33.4128024Z [36;1mchmod 0555 "$harness/v8-runtime-contract.sh"[0m
2026-08-02T07:38:33.4128403Z [36;1mchmod 0444 "$harness/cache-roots.txt"[0m
2026-08-02T07:38:33.4128962Z [36;1mdocker load --input "$input/runtime-image.tgz" >/dev/null[0m
2026-08-02T07:38:33.4129368Z [36;1mruntime_tag="governseed-v7-runtime:$TASK_ID"[0m
2026-08-02T07:38:33.4129681Z [36;1mcontainer_id=[0m
2026-08-02T07:38:33.4130104Z [36;1mcleanup() { test -n "$container_id" && docker rm -f "$container_id" >/dev/null 2>&1 || true; }[0m
2026-08-02T07:38:33.4130581Z [36;1mtrap cleanup EXIT[0m
2026-08-02T07:38:33.4130906Z [36;1mdocker create --name "v8-${TASK_ID,,}-contract" \[0m
2026-08-02T07:38:33.4131413Z [36;1m  --network none --read-only --cap-drop=ALL --security-opt no-new-privileges:true \[0m
2026-08-02T07:38:33.4132751Z [36;1m  --user 65532:65532 --pids-limit 256 --cpus 4 --memory 15g \[0m
2026-08-02T07:38:33.4133294Z [36;1m  --tmpfs "/workspace:rw,exec,nosuid,nodev,size=8g,uid=65532,gid=65532,mode=0750" \[0m
2026-08-02T07:38:33.4133802Z [36;1m  --mount "type=bind,src=$seed,dst=/seed,readonly" \[0m
2026-08-02T07:38:33.4134226Z [36;1m  --mount "type=bind,src=$cache,dst=/cache,readonly" \[0m
2026-08-02T07:38:33.4134663Z [36;1m  --mount "type=bind,src=$harness,dst=/harness,readonly" \[0m
2026-08-02T07:38:33.4135213Z [36;1m  --tmpfs "/home/benchmark:rw,noexec,nosuid,nodev,size=1g,uid=65532,gid=65532,mode=0700" \[0m
2026-08-02T07:38:33.4135813Z [36;1m  --tmpfs "/tmp:rw,noexec,nosuid,nodev,size=2g,uid=65532,gid=65532,mode=1770" \[0m
2026-08-02T07:38:33.4136388Z [36;1m  "$runtime_tag" /harness/v8-runtime-contract.sh "$TASK_ID" > "$out/container-id"[0m
2026-08-02T07:38:33.4136878Z [36;1mcontainer_id=$(tail -n 1 "$out/container-id")[0m
2026-08-02T07:38:33.4137357Z [36;1mtest "$(docker inspect "$container_id" --format '{{.HostConfig.NetworkMode}}')" = none[0m
2026-08-02T07:38:33.4138135Z [36;1mtest "$(docker inspect "$container_id" --format '{{.HostConfig.ReadonlyRootfs}}')" = true[0m
2026-08-02T07:38:33.4138739Z [36;1mtest "$(docker inspect "$container_id" --format '{{.Config.User}}')" = 65532:65532[0m
2026-08-02T07:38:33.4139341Z [36;1mtest "$(docker inspect "$container_id" --format '{{json .HostConfig.CapDrop}}')" = '["ALL"]'[0m
2026-08-02T07:38:33.4140086Z [36;1mdocker inspect "$container_id" --format '{{json .HostConfig.SecurityOpt}}' | grep -Fq no-new-privileges:true[0m
2026-08-02T07:38:33.4140772Z [36;1mtmpfs_json=$(docker inspect "$container_id" --format '{{json .HostConfig.Tmpfs}}')[0m
2026-08-02T07:38:33.4141294Z [36;1mTMPFS_JSON="$tmpfs_json" node --input-type=module - <<'NODE'[0m
2026-08-02T07:38:33.4141721Z [36;1mconst tmpfs = JSON.parse(process.env.TMPFS_JSON);[0m
2026-08-02T07:38:33.4142053Z [36;1mconst required = {[0m
2026-08-02T07:38:33.4142477Z [36;1m  '/workspace': ['rw', 'exec', 'nosuid', 'nodev', 'size=8g', 'uid=65532', 'gid=65532', 'mode=0750'],[0m
2026-08-02T07:38:33.4143299Z [36;1m  '/home/benchmark': ['rw', 'noexec', 'nosuid', 'nodev', 'size=1g', 'uid=65532', 'gid=65532', 'mode=0700'],[0m
2026-08-02T07:38:33.4143925Z [36;1m  '/tmp': ['rw', 'noexec', 'nosuid', 'nodev', 'size=2g', 'uid=65532', 'gid=65532', 'mode=1770'][0m
2026-08-02T07:38:33.4144345Z [36;1m};[0m
2026-08-02T07:38:33.4145094Z [36;1mconst aliases = { 'size=8g': ['size=8g', 'size=8388608k'], 'size=1g': ['size=1g', 'size=1048576k'], 'size=2g': ['size=2g', 'size=2097152k'], 'mode=0750': ['mode=0750', 'mode=750'], 'mode=0700': ['mode=0700', 'mode=700'], 'mode=1770': ['mode=1770'] };[0m
2026-08-02T07:38:33.4146035Z [36;1mfor (const [destination, tokens] of Object.entries(required)) {[0m
2026-08-02T07:38:33.4146505Z [36;1m  const options = String(tmpfs[destination] || '').split(',');[0m
2026-08-02T07:38:33.4147209Z [36;1m  if (!options.length || tokens.some((token) => !(aliases[token] || [token]).some((candidate) => options.includes(candidate)))) process.exit(1);[0m
2026-08-02T07:38:33.4148111Z [36;1m  if (destination === '/workspace' && options.includes('noexec')) process.exit(1);[0m
2026-08-02T07:38:33.4148540Z [36;1m}[0m
2026-08-02T07:38:33.4148727Z [36;1mNODE[0m
2026-08-02T07:38:33.4149015Z [36;1mfor spec in '/seed false' '/cache false' '/harness false'; do[0m
2026-08-02T07:38:33.4149559Z [36;1m  destination=${spec% *}; expected_rw=${spec#* }[0m
2026-08-02T07:38:33.4150235Z [36;1m  count=$(docker inspect "$container_id" --format '{{range .Mounts}}{{println .Destination}}{{end}}' | grep -Fxc "$destination")[0m
2026-08-02T07:38:33.4150818Z [36;1m  test "$count" -eq 1[0m
2026-08-02T07:38:33.4151380Z [36;1m  actual_rw=$(docker inspect "$container_id" --format '{{range .Mounts}}{{if eq .Destination "'"$destination"'"}}{{.RW}}{{end}}{{end}}')[0m
2026-08-02T07:38:33.4151985Z [36;1m  test "$actual_rw" = "$expected_rw"[0m
2026-08-02T07:38:33.4152268Z [36;1mdone[0m
2026-08-02T07:38:33.4152463Z [36;1mset +e[0m
2026-08-02T07:38:33.4152770Z [36;1mdocker start -a "$container_id" > "$out/container-output" 2>&1[0m
2026-08-02T07:38:33.4153129Z [36;1mrc=$?[0m
2026-08-02T07:38:33.4153360Z [36;1mset -e[0m
2026-08-02T07:38:33.4154646Z [36;1mfor file in workspace-exec-receipt.json mountinfo.txt workspace-mount.txt cache-mount.txt home-mount.txt tmp-mount.txt vitest-resolved-path.txt vitest-symlink.txt vitest-version.txt runner-probe.txt python-version.txt pytest-version.txt libmagic-library-path.txt libmagic-database-path.txt libmagic-probe.txt; do[0m
2026-08-02T07:38:33.4156098Z [36;1m  docker cp "$container_id:/workspace/$file" "$out/$file" 2>/dev/null || true[0m
2026-08-02T07:38:33.4156506Z [36;1mdone[0m
2026-08-02T07:38:33.4156709Z [36;1mtest "$rc" -eq 0[0m
2026-08-02T07:38:33.4156995Z [36;1mtest -f "$out/workspace-exec-receipt.json"[0m
2026-08-02T07:38:33.4157342Z [36;1mdocker rm -f "$container_id" >/dev/null[0m
2026-08-02T07:38:33.4157638Z [36;1mcontainer_id=[0m
2026-08-02T07:38:33.4207037Z shell: /usr/bin/bash --noprofile --norc -e -o pipefail {0}
2026-08-02T07:38:33.4207413Z env:
2026-08-02T07:38:33.4207957Z   BENCHMARK_ID: GS-OSS-2026-08-02-V8
2026-08-02T07:38:33.4208329Z   EVIDENCE_CLASS: external-observational
2026-08-02T07:38:33.4208623Z   V7_SOURCE_RUN_ID: 30732978684
2026-08-02T07:38:33.4208878Z   TASK_ID: TASK-OSS-03
2026-08-02T07:38:33.4209103Z ##[endgroup]
2026-08-02T07:39:05.5683362Z ##[error]Process completed with exit code 1.
2026-08-02T07:39:05.5765135Z Node 20 is being deprecated. This workflow is running with Node 24 by default. If you need to temporarily use Node 20, you can set the ACTIONS_ALLOW_USE_UNSECURE_NODE_VERSION=true environment variable. For more information see: https://github.blog/changelog/2025-09-19-deprecation-of-node-20-on-github-actions-runners/
2026-08-02T07:39:05.5766438Z ##[group]Run actions/upload-artifact@v4
2026-08-02T07:39:05.5766727Z with:
2026-08-02T07:39:05.5766998Z   name: external-oss-v8-workspace-exec-TASK-OSS-03
2026-08-02T07:39:05.5767425Z   path: /home/runner/work/_temp/v8-contract-receipts/TASK-OSS-03/
2026-08-02T07:39:05.5768097Z   if-no-files-found: ignore
2026-08-02T07:39:05.5768367Z   compression-level: 6
2026-08-02T07:39:05.5768609Z   overwrite: false
2026-08-02T07:39:05.5768836Z   include-hidden-files: false
2026-08-02T07:39:05.5769096Z env:
2026-08-02T07:39:05.5769310Z   BENCHMARK_ID: GS-OSS-2026-08-02-V8
2026-08-02T07:39:05.5769621Z   EVIDENCE_CLASS: external-observational
2026-08-02T07:39:05.5769955Z   V7_SOURCE_RUN_ID: 30732978684
2026-08-02T07:39:05.5770211Z ##[endgroup]
2026-08-02T07:39:05.7416430Z (node:2738) [DEP0040] DeprecationWarning: The `punycode` module is deprecated. Please use a userland alternative instead.
2026-08-02T07:39:05.7417246Z (Use `node --trace-deprecation ...` to show where the warning was created)
2026-08-02T07:39:05.7479767Z With the provided path, there will be 2 files uploaded
2026-08-02T07:39:05.7490646Z Artifact name is valid!
2026-08-02T07:39:05.7491483Z Root directory input is valid!
2026-08-02T07:39:05.9500666Z Beginning upload of artifact content to blob storage
2026-08-02T07:39:05.9725101Z (node:2738) [DEP0169] DeprecationWarning: `url.parse()` behavior is not standardized and prone to errors that have security implications. Use the WHATWG URL API instead. CVEs are not issued for `url.parse()` vulnerabilities.
2026-08-02T07:39:06.1223611Z Uploaded bytes 322
2026-08-02T07:39:06.1675374Z Finished uploading artifact content to blob storage!
2026-08-02T07:39:06.1676641Z SHA256 digest of uploaded artifact zip is a4ce56ad712d3087edac6dc9047d7afc49aacbecdeb2e8afe800f7e44eeee873
2026-08-02T07:39:06.1678271Z Finalizing artifact upload
2026-08-02T07:39:06.3430839Z Artifact external-oss-v8-workspace-exec-TASK-OSS-03.zip successfully finalized. Artifact ID 8830346564
2026-08-02T07:39:06.3432660Z Artifact external-oss-v8-workspace-exec-TASK-OSS-03 has been successfully uploaded! Final size is 322 bytes. Artifact ID is 8830346564
2026-08-02T07:39:06.3438864Z Artifact download URL: https://github.com/Eskasia/governseed/actions/runs/30738110739/artifacts/8830346564
2026-08-02T07:39:06.3614958Z Node 20 is being deprecated. This workflow is running with Node 24 by default. If you need to temporarily use Node 20, you can set the ACTIONS_ALLOW_USE_UNSECURE_NODE_VERSION=true environment variable. For more information see: https://github.blog/changelog/2025-09-19-deprecation-of-node-20-on-github-actions-runners/
2026-08-02T07:39:06.3616254Z Post job cleanup.
2026-08-02T07:39:06.4466714Z [command]/usr/bin/git version
2026-08-02T07:39:06.4510737Z git version 2.54.0
2026-08-02T07:39:06.4550176Z Temporarily overriding HOME='/home/runner/work/_temp/67b6dd34-357d-47ba-a6bb-245282d38c0e' before making global git config changes
2026-08-02T07:39:06.4551878Z Adding repository directory to the temporary git global config as a safe directory
2026-08-02T07:39:06.4555725Z [command]/usr/bin/git config --global --add safe.directory /home/runner/work/governseed/governseed
2026-08-02T07:39:06.4597108Z [command]/usr/bin/git config --local --name-only --get-regexp core\.sshCommand
2026-08-02T07:39:06.4633468Z [command]/usr/bin/git submodule foreach --recursive sh -c "git config --local --name-only --get-regexp 'core\.sshCommand' && git config --local --unset-all 'core.sshCommand' || :"
2026-08-02T07:39:06.4901597Z [command]/usr/bin/git config --local --name-only --get-regexp http\.https\:\/\/github\.com\/\.extraheader
2026-08-02T07:39:06.4931165Z http.https://github.com/.extraheader
2026-08-02T07:39:06.4942963Z [command]/usr/bin/git config --local --unset-all http.https://github.com/.extraheader
2026-08-02T07:39:06.4979855Z [command]/usr/bin/git submodule foreach --recursive sh -c "git config --local --name-only --get-regexp 'http\.https\:\/\/github\.com\/\.extraheader' && git config --local --unset-all 'http.https://github.com/.extraheader' || :"
2026-08-02T07:39:06.5248566Z [command]/usr/bin/git config --local --name-only --get-regexp ^includeIf\.gitdir:
2026-08-02T07:39:06.5289221Z [command]/usr/bin/git submodule foreach --recursive git config --local --show-origin --name-only --get-regexp remote.origin.url
2026-08-02T07:39:06.5721277Z Cleaning up orphan processes
2026-08-02T07:39:06.6034639Z ##[warning]Node.js 20 is deprecated. The following actions target Node.js 20 but are being forced to run on Node.js 24: actions/checkout@v4, actions/download-artifact@v4, actions/upload-artifact@v4. For more information see: https://github.blog/changelog/2025-09-19-deprecation-of-node-20-on-github-actions-runners/
