2026-08-02T07:38:25.4490707Z Current runner version: '2.336.0'
2026-08-02T07:38:25.4515098Z ##[group]Runner Image Provisioner
2026-08-02T07:38:25.4515970Z Hosted Compute Agent
2026-08-02T07:38:25.4516681Z Version: 20260707.563
2026-08-02T07:38:25.4517299Z Commit: 02667638d2b423fbc733a8e32a88b44996a3ba6e
2026-08-02T07:38:25.4518032Z Build Date: 2026-07-07T19:33:50Z
2026-08-02T07:38:25.4518808Z Worker ID: {fd02767c-2d86-4790-8d47-5dc29cedbd2c}
2026-08-02T07:38:25.4519496Z Azure Region: westus
2026-08-02T07:38:25.4520101Z ##[endgroup]
2026-08-02T07:38:25.4521668Z ##[group]Operating System
2026-08-02T07:38:25.4522343Z Ubuntu
2026-08-02T07:38:25.4523259Z 24.04.4
2026-08-02T07:38:25.4523755Z LTS
2026-08-02T07:38:25.4524261Z ##[endgroup]
2026-08-02T07:38:25.4524909Z ##[group]Runner Image
2026-08-02T07:38:25.4525566Z Image: ubuntu-24.04
2026-08-02T07:38:25.4526180Z Version: 20260720.247.2
2026-08-02T07:38:25.4527365Z Included Software: https://github.com/actions/runner-images/blob/ubuntu24/20260720.247/images/ubuntu/Ubuntu2404-Readme.md
2026-08-02T07:38:25.4528965Z Image Release: https://github.com/actions/runner-images/releases/tag/ubuntu24%2F20260720.247
2026-08-02T07:38:25.4529944Z ##[endgroup]
2026-08-02T07:38:25.4531151Z ##[group]GITHUB_TOKEN Permissions
2026-08-02T07:38:25.4533471Z Actions: read
2026-08-02T07:38:25.4534190Z Contents: read
2026-08-02T07:38:25.4534761Z Metadata: read
2026-08-02T07:38:25.4535325Z ##[endgroup]
2026-08-02T07:38:25.4537431Z Secret source: Actions
2026-08-02T07:38:25.4538495Z Prepare workflow directory
2026-08-02T07:38:25.4975758Z Prepare all required actions
2026-08-02T07:38:25.5047041Z Getting action download info
2026-08-02T07:38:25.8472068Z Download action repository 'actions/checkout@v4' (SHA:11d5960a326750d5838078e36cf38b85af677262)
2026-08-02T07:38:26.3117581Z Download action repository 'actions/download-artifact@v4' (SHA:d3f86a106a0bac45b974a628896c90dbdf5c8093)
2026-08-02T07:38:26.8031862Z Download action repository 'actions/upload-artifact@v4' (SHA:ea165f8d65b6e75b540449e92b4886f43607fa02)
2026-08-02T07:38:27.0179187Z Complete job name: Verify V8 workspace exec contract (TASK-OSS-01)
2026-08-02T07:38:27.1059335Z Node 20 is being deprecated. This workflow is running with Node 24 by default. If you need to temporarily use Node 20, you can set the ACTIONS_ALLOW_USE_UNSECURE_NODE_VERSION=true environment variable. For more information see: https://github.blog/changelog/2025-09-19-deprecation-of-node-20-on-github-actions-runners/
2026-08-02T07:38:27.1068624Z ##[group]Run actions/checkout@v4
2026-08-02T07:38:27.1069481Z with:
2026-08-02T07:38:27.1069935Z   fetch-depth: 1
2026-08-02T07:38:27.1070433Z   repository: Eskasia/governseed
2026-08-02T07:38:27.1075887Z   token: ***
2026-08-02T07:38:27.1076398Z   ssh-strict: true
2026-08-02T07:38:27.1076865Z   ssh-user: git
2026-08-02T07:38:27.1077390Z   persist-credentials: true
2026-08-02T07:38:27.1077910Z   clean: true
2026-08-02T07:38:27.1078384Z   sparse-checkout-cone-mode: true
2026-08-02T07:38:27.1078938Z   fetch-tags: false
2026-08-02T07:38:27.1079423Z   show-progress: true
2026-08-02T07:38:27.1079939Z   lfs: false
2026-08-02T07:38:27.1080416Z   submodules: false
2026-08-02T07:38:27.1080893Z   set-safe-directory: true
2026-08-02T07:38:27.1081413Z   allow-unsafe-pr-checkout: false
2026-08-02T07:38:27.1083066Z env:
2026-08-02T07:38:27.1083795Z   BENCHMARK_ID: GS-OSS-2026-08-02-V8
2026-08-02T07:38:27.1084452Z   EVIDENCE_CLASS: external-observational
2026-08-02T07:38:27.1085061Z   V7_SOURCE_RUN_ID: 30732978684
2026-08-02T07:38:27.1085583Z ##[endgroup]
2026-08-02T07:38:27.2125852Z Syncing repository: Eskasia/governseed
2026-08-02T07:38:27.2128503Z ##[group]Getting Git version info
2026-08-02T07:38:27.2130005Z Working directory is '/home/runner/work/governseed/governseed'
2026-08-02T07:38:27.2131894Z [command]/usr/bin/git version
2026-08-02T07:38:27.2257235Z git version 2.54.0
2026-08-02T07:38:27.2284779Z ##[endgroup]
2026-08-02T07:38:27.2296935Z Temporarily overriding HOME='/home/runner/work/_temp/d072f66b-fb4b-4194-adad-802c33ecfd9e' before making global git config changes
2026-08-02T07:38:27.2300003Z Adding repository directory to the temporary git global config as a safe directory
2026-08-02T07:38:27.2302631Z [command]/usr/bin/git config --global --add safe.directory /home/runner/work/governseed/governseed
2026-08-02T07:38:27.2359898Z Deleting the contents of '/home/runner/work/governseed/governseed'
2026-08-02T07:38:27.2365051Z ##[group]Initializing the repository
2026-08-02T07:38:27.2368926Z [command]/usr/bin/git init /home/runner/work/governseed/governseed
2026-08-02T07:38:27.2547054Z hint: Using 'master' as the name for the initial branch. This default branch name
2026-08-02T07:38:27.2548981Z hint: will change to "main" in Git 3.0. To configure the initial branch name
2026-08-02T07:38:27.2550093Z hint: to use in all of your new repositories, which will suppress this warning,
2026-08-02T07:38:27.2551148Z hint: call:
2026-08-02T07:38:27.2551981Z hint:
2026-08-02T07:38:27.2553215Z hint: 	git config --global init.defaultBranch <name>
2026-08-02T07:38:27.2554433Z hint:
2026-08-02T07:38:27.2555696Z hint: Names commonly chosen instead of 'master' are 'main', 'trunk' and
2026-08-02T07:38:27.2557786Z hint: 'development'. The just-created branch can be renamed via this command:
2026-08-02T07:38:27.2559430Z hint:
2026-08-02T07:38:27.2560377Z hint: 	git branch -m <name>
2026-08-02T07:38:27.2561440Z hint:
2026-08-02T07:38:27.2563042Z hint: Disable this message with "git config set advice.defaultBranchName false"
2026-08-02T07:38:27.2569116Z Initialized empty Git repository in /home/runner/work/governseed/governseed/.git/
2026-08-02T07:38:27.2572483Z [command]/usr/bin/git remote add origin https://github.com/Eskasia/governseed
2026-08-02T07:38:27.2626777Z ##[endgroup]
2026-08-02T07:38:27.2627679Z ##[group]Disabling automatic garbage collection
2026-08-02T07:38:27.2631085Z [command]/usr/bin/git config --local gc.auto 0
2026-08-02T07:38:27.2666709Z ##[endgroup]
2026-08-02T07:38:27.2667506Z ##[group]Setting up auth
2026-08-02T07:38:27.2674992Z [command]/usr/bin/git config --local --name-only --get-regexp core\.sshCommand
2026-08-02T07:38:27.2745061Z [command]/usr/bin/git submodule foreach --recursive sh -c "git config --local --name-only --get-regexp 'core\.sshCommand' && git config --local --unset-all 'core.sshCommand' || :"
2026-08-02T07:38:27.3119955Z [command]/usr/bin/git config --local --name-only --get-regexp http\.https\:\/\/github\.com\/\.extraheader
2026-08-02T07:38:27.3158977Z [command]/usr/bin/git submodule foreach --recursive sh -c "git config --local --name-only --get-regexp 'http\.https\:\/\/github\.com\/\.extraheader' && git config --local --unset-all 'http.https://github.com/.extraheader' || :"
2026-08-02T07:38:27.3384603Z [command]/usr/bin/git config --local --name-only --get-regexp ^includeIf\.gitdir:
2026-08-02T07:38:27.3423000Z [command]/usr/bin/git submodule foreach --recursive git config --local --show-origin --name-only --get-regexp remote.origin.url
2026-08-02T07:38:27.3646915Z [command]/usr/bin/git config --local http.https://github.com/.extraheader AUTHORIZATION: basic ***
2026-08-02T07:38:27.3685972Z ##[endgroup]
2026-08-02T07:38:27.3686881Z ##[group]Fetching the repository
2026-08-02T07:38:27.3695675Z [command]/usr/bin/git -c protocol.version=2 fetch --no-tags --prune --no-recurse-submodules --depth=1 origin +3148e3edc4900330c25377c7c5049a697f31a44c:refs/remotes/origin/main
2026-08-02T07:38:30.7341540Z From https://github.com/Eskasia/governseed
2026-08-02T07:38:30.7344081Z  * [new ref]         3148e3edc4900330c25377c7c5049a697f31a44c -> origin/main
2026-08-02T07:38:30.7380515Z ##[endgroup]
2026-08-02T07:38:30.7381144Z ##[group]Determining the checkout info
2026-08-02T07:38:30.7383472Z ##[endgroup]
2026-08-02T07:38:30.7389055Z [command]/usr/bin/git sparse-checkout disable
2026-08-02T07:38:30.7441218Z [command]/usr/bin/git config --local --unset-all extensions.worktreeConfig
2026-08-02T07:38:30.7473391Z ##[group]Checking out the ref
2026-08-02T07:38:30.7477900Z [command]/usr/bin/git checkout --progress --force -B main refs/remotes/origin/main
2026-08-02T07:38:30.9849034Z Switched to a new branch 'main'
2026-08-02T07:38:30.9850679Z branch 'main' set up to track 'origin/main'.
2026-08-02T07:38:30.9900444Z ##[endgroup]
2026-08-02T07:38:30.9949931Z [command]/usr/bin/git log -1 --format=%H
2026-08-02T07:38:30.9977864Z 3148e3edc4900330c25377c7c5049a697f31a44c
2026-08-02T07:38:31.0227095Z Node 20 is being deprecated. This workflow is running with Node 24 by default. If you need to temporarily use Node 20, you can set the ACTIONS_ALLOW_USE_UNSECURE_NODE_VERSION=true environment variable. For more information see: https://github.blog/changelog/2025-09-19-deprecation-of-node-20-on-github-actions-runners/
2026-08-02T07:38:31.0228847Z ##[group]Run actions/download-artifact@v4
2026-08-02T07:38:31.0229124Z with:
2026-08-02T07:38:31.0229379Z   name: external-oss-v8-dependency-cache-TASK-OSS-01
2026-08-02T07:38:31.0229759Z   path: /home/runner/work/_temp/v8-input/TASK-OSS-01
2026-08-02T07:38:31.0230082Z   merge-multiple: false
2026-08-02T07:38:31.0230322Z   repository: Eskasia/governseed
2026-08-02T07:38:31.0230590Z   run-id: 30738110739
2026-08-02T07:38:31.0230793Z env:
2026-08-02T07:38:31.0230999Z   BENCHMARK_ID: GS-OSS-2026-08-02-V8
2026-08-02T07:38:31.0231280Z   EVIDENCE_CLASS: external-observational
2026-08-02T07:38:31.0231556Z   V7_SOURCE_RUN_ID: 30732978684
2026-08-02T07:38:31.0231901Z ##[endgroup]
2026-08-02T07:38:31.1703153Z Downloading single artifact
2026-08-02T07:38:31.1849261Z (node:2228) [DEP0040] DeprecationWarning: The `punycode` module is deprecated. Please use a userland alternative instead.
2026-08-02T07:38:31.4423983Z (Use `node --trace-deprecation ...` to show where the warning was created)
2026-08-02T07:38:31.4441722Z Preparing to download the following artifacts:
2026-08-02T07:38:31.4443456Z - external-oss-v8-dependency-cache-TASK-OSS-01 (ID: 8830337226, Size: 788484146, Expected Digest: sha256:8b91d405720d21578fb59f608bde6974d5cd118ab35c7ad403e8ad47349636ac)
2026-08-02T07:38:31.6595483Z Redirecting to blob download url: https://productionresultssa13.blob.core.windows.net/actions-results/ab62971e-a3bb-404d-a3a6-96b4193f2826/workflow-job-run-a7979826-2f20-55c0-ad2c-ca914637b211/artifacts/71a07b4dc0b4e2117b306a8da1fbbc5d3dcfb91b7213e8eaa3abc47d5f77e5d7.zip
2026-08-02T07:38:31.6598510Z Starting download of artifact to: /home/runner/work/_temp/v8-input/TASK-OSS-01
2026-08-02T07:38:31.9775711Z (node:2228) [DEP0005] DeprecationWarning: Buffer() is deprecated due to security and usability issues. Please use the Buffer.alloc(), Buffer.allocUnsafe(), or Buffer.from() methods instead.
2026-08-02T07:39:05.2746261Z SHA256 digest of downloaded artifact is 8b91d405720d21578fb59f608bde6974d5cd118ab35c7ad403e8ad47349636ac
2026-08-02T07:39:05.2747335Z Artifact download completed successfully.
2026-08-02T07:39:05.2750056Z Total of 1 artifact(s) downloaded
2026-08-02T07:39:05.2757346Z Download artifact has finished successfully
2026-08-02T07:39:05.2949387Z ##[group]Run set -euo pipefail
2026-08-02T07:39:05.2949810Z [36;1mset -euo pipefail[0m
2026-08-02T07:39:05.2950117Z [36;1minput="$RUNNER_TEMP/v8-input/$TASK_ID"[0m
2026-08-02T07:39:05.2950492Z [36;1mroot="$RUNNER_TEMP/v8-contract/$TASK_ID"[0m
2026-08-02T07:39:05.2950797Z [36;1mseed="$root/seed"[0m
2026-08-02T07:39:05.2951033Z [36;1mcache="$root/cache"[0m
2026-08-02T07:39:05.2951274Z [36;1mharness="$root/harness"[0m
2026-08-02T07:39:05.2951592Z [36;1mout="$RUNNER_TEMP/v8-contract-receipts/$TASK_ID"[0m
2026-08-02T07:39:05.2951957Z [36;1mmkdir -p "$seed" "$cache" "$harness" "$out"[0m
2026-08-02T07:39:05.2952314Z [36;1mtar -xzf "$input/seed.tgz" -C "$seed"[0m
2026-08-02T07:39:05.2952645Z [36;1mtar -xzf "$input/cache.tgz" -C "$cache"[0m
2026-08-02T07:39:05.2953475Z [36;1mcp "$input/cache-roots.txt" "$harness/cache-roots.txt"[0m
2026-08-02T07:39:05.2954235Z [36;1mcp benchmarks/external-oss-v8/tests/v8-runtime-contract.sh "$harness/v8-runtime-contract.sh"[0m
2026-08-02T07:39:05.2954807Z [36;1mchmod 0555 "$harness/v8-runtime-contract.sh"[0m
2026-08-02T07:39:05.2955145Z [36;1mchmod 0444 "$harness/cache-roots.txt"[0m
2026-08-02T07:39:05.2955717Z [36;1mdocker load --input "$input/runtime-image.tgz" >/dev/null[0m
2026-08-02T07:39:05.2956109Z [36;1mruntime_tag="governseed-v7-runtime:$TASK_ID"[0m
2026-08-02T07:39:05.2956414Z [36;1mcontainer_id=[0m
2026-08-02T07:39:05.2956825Z [36;1mcleanup() { test -n "$container_id" && docker rm -f "$container_id" >/dev/null 2>&1 || true; }[0m
2026-08-02T07:39:05.2957290Z [36;1mtrap cleanup EXIT[0m
2026-08-02T07:39:05.2957587Z [36;1mdocker create --name "v8-${TASK_ID,,}-contract" \[0m
2026-08-02T07:39:05.2958090Z [36;1m  --network none --read-only --cap-drop=ALL --security-opt no-new-privileges:true \[0m
2026-08-02T07:39:05.2958613Z [36;1m  --user 65532:65532 --pids-limit 256 --cpus 4 --memory 15g \[0m
2026-08-02T07:39:05.2959142Z [36;1m  --tmpfs "/workspace:rw,exec,nosuid,nodev,size=8g,uid=65532,gid=65532,mode=0750" \[0m
2026-08-02T07:39:05.2959650Z [36;1m  --mount "type=bind,src=$seed,dst=/seed,readonly" \[0m
2026-08-02T07:39:05.2960047Z [36;1m  --mount "type=bind,src=$cache,dst=/cache,readonly" \[0m
2026-08-02T07:39:05.2960467Z [36;1m  --mount "type=bind,src=$harness,dst=/harness,readonly" \[0m
2026-08-02T07:39:05.2960997Z [36;1m  --tmpfs "/home/benchmark:rw,noexec,nosuid,nodev,size=1g,uid=65532,gid=65532,mode=0700" \[0m
2026-08-02T07:39:05.2961579Z [36;1m  --tmpfs "/tmp:rw,noexec,nosuid,nodev,size=2g,uid=65532,gid=65532,mode=1770" \[0m
2026-08-02T07:39:05.2962143Z [36;1m  "$runtime_tag" /harness/v8-runtime-contract.sh "$TASK_ID" > "$out/container-id"[0m
2026-08-02T07:39:05.2962629Z [36;1mcontainer_id=$(tail -n 1 "$out/container-id")[0m
2026-08-02T07:39:05.2963341Z [36;1mtest "$(docker inspect "$container_id" --format '{{.HostConfig.NetworkMode}}')" = none[0m
2026-08-02T07:39:05.2963959Z [36;1mtest "$(docker inspect "$container_id" --format '{{.HostConfig.ReadonlyRootfs}}')" = true[0m
2026-08-02T07:39:05.2964553Z [36;1mtest "$(docker inspect "$container_id" --format '{{.Config.User}}')" = 65532:65532[0m
2026-08-02T07:39:05.2965161Z [36;1mtest "$(docker inspect "$container_id" --format '{{json .HostConfig.CapDrop}}')" = '["ALL"]'[0m
2026-08-02T07:39:05.2965882Z [36;1mdocker inspect "$container_id" --format '{{json .HostConfig.SecurityOpt}}' | grep -Fq no-new-privileges:true[0m
2026-08-02T07:39:05.2966562Z [36;1mtmpfs_json=$(docker inspect "$container_id" --format '{{json .HostConfig.Tmpfs}}')[0m
2026-08-02T07:39:05.2967085Z [36;1mTMPFS_JSON="$tmpfs_json" node --input-type=module - <<'NODE'[0m
2026-08-02T07:39:05.2967507Z [36;1mconst tmpfs = JSON.parse(process.env.TMPFS_JSON);[0m
2026-08-02T07:39:05.2967840Z [36;1mconst required = {[0m
2026-08-02T07:39:05.2968311Z [36;1m  '/workspace': ['rw', 'exec', 'nosuid', 'nodev', 'size=8g', 'uid=65532', 'gid=65532', 'mode=0750'],[0m
2026-08-02T07:39:05.2969106Z [36;1m  '/home/benchmark': ['rw', 'noexec', 'nosuid', 'nodev', 'size=1g', 'uid=65532', 'gid=65532', 'mode=0700'],[0m
2026-08-02T07:39:05.2969729Z [36;1m  '/tmp': ['rw', 'noexec', 'nosuid', 'nodev', 'size=2g', 'uid=65532', 'gid=65532', 'mode=1770'][0m
2026-08-02T07:39:05.2970142Z [36;1m};[0m
2026-08-02T07:39:05.2970887Z [36;1mconst aliases = { 'size=8g': ['size=8g', 'size=8388608k'], 'size=1g': ['size=1g', 'size=1048576k'], 'size=2g': ['size=2g', 'size=2097152k'], 'mode=0750': ['mode=0750', 'mode=750'], 'mode=0700': ['mode=0700', 'mode=700'], 'mode=1770': ['mode=1770'] };[0m
2026-08-02T07:39:05.2971811Z [36;1mfor (const [destination, tokens] of Object.entries(required)) {[0m
2026-08-02T07:39:05.2972263Z [36;1m  const options = String(tmpfs[destination] || '').split(',');[0m
2026-08-02T07:39:05.2973089Z [36;1m  if (!options.length || tokens.some((token) => !(aliases[token] || [token]).some((candidate) => options.includes(candidate)))) process.exit(1);[0m
2026-08-02T07:39:05.2973832Z [36;1m  if (destination === '/workspace' && options.includes('noexec')) process.exit(1);[0m
2026-08-02T07:39:05.2974252Z [36;1m}[0m
2026-08-02T07:39:05.2974435Z [36;1mNODE[0m
2026-08-02T07:39:05.2974716Z [36;1mfor spec in '/seed false' '/cache false' '/harness false'; do[0m
2026-08-02T07:39:05.2975307Z [36;1m  destination=${spec% *}; expected_rw=${spec#* }[0m
2026-08-02T07:39:05.2975927Z [36;1m  count=$(docker inspect "$container_id" --format '{{range .Mounts}}{{println .Destination}}{{end}}' | grep -Fxc "$destination")[0m
2026-08-02T07:39:05.2976565Z [36;1m  test "$count" -eq 1[0m
2026-08-02T07:39:05.2977131Z [36;1m  actual_rw=$(docker inspect "$container_id" --format '{{range .Mounts}}{{if eq .Destination "'"$destination"'"}}{{.RW}}{{end}}{{end}}')[0m
2026-08-02T07:39:05.2977729Z [36;1m  test "$actual_rw" = "$expected_rw"[0m
2026-08-02T07:39:05.2978007Z [36;1mdone[0m
2026-08-02T07:39:05.2978197Z [36;1mset +e[0m
2026-08-02T07:39:05.2978498Z [36;1mdocker start -a "$container_id" > "$out/container-output" 2>&1[0m
2026-08-02T07:39:05.2978862Z [36;1mrc=$?[0m
2026-08-02T07:39:05.2979086Z [36;1mset -e[0m
2026-08-02T07:39:05.2980346Z [36;1mfor file in workspace-exec-receipt.json mountinfo.txt workspace-mount.txt cache-mount.txt home-mount.txt tmp-mount.txt vitest-resolved-path.txt vitest-symlink.txt vitest-version.txt runner-probe.txt python-version.txt pytest-version.txt libmagic-library-path.txt libmagic-database-path.txt libmagic-probe.txt; do[0m
2026-08-02T07:39:05.2981766Z [36;1m  docker cp "$container_id:/workspace/$file" "$out/$file" 2>/dev/null || true[0m
2026-08-02T07:39:05.2982158Z [36;1mdone[0m
2026-08-02T07:39:05.2982364Z [36;1mtest "$rc" -eq 0[0m
2026-08-02T07:39:05.2982644Z [36;1mtest -f "$out/workspace-exec-receipt.json"[0m
2026-08-02T07:39:05.2983155Z [36;1mdocker rm -f "$container_id" >/dev/null[0m
2026-08-02T07:39:05.2983447Z [36;1mcontainer_id=[0m
2026-08-02T07:39:05.3034360Z shell: /usr/bin/bash --noprofile --norc -e -o pipefail {0}
2026-08-02T07:39:05.3034723Z env:
2026-08-02T07:39:05.3034942Z   BENCHMARK_ID: GS-OSS-2026-08-02-V8
2026-08-02T07:39:05.3035253Z   EVIDENCE_CLASS: external-observational
2026-08-02T07:39:05.3035559Z   V7_SOURCE_RUN_ID: 30732978684
2026-08-02T07:39:05.3035803Z   TASK_ID: TASK-OSS-01
2026-08-02T07:39:05.3036024Z ##[endgroup]
2026-08-02T07:39:46.4915638Z ##[error]Process completed with exit code 1.
2026-08-02T07:39:46.4995827Z Node 20 is being deprecated. This workflow is running with Node 24 by default. If you need to temporarily use Node 20, you can set the ACTIONS_ALLOW_USE_UNSECURE_NODE_VERSION=true environment variable. For more information see: https://github.blog/changelog/2025-09-19-deprecation-of-node-20-on-github-actions-runners/
2026-08-02T07:39:46.4997100Z ##[group]Run actions/upload-artifact@v4
2026-08-02T07:39:46.4997376Z with:
2026-08-02T07:39:46.4997619Z   name: external-oss-v8-workspace-exec-TASK-OSS-01
2026-08-02T07:39:46.4998067Z   path: /home/runner/work/_temp/v8-contract-receipts/TASK-OSS-01/
2026-08-02T07:39:46.4998422Z   if-no-files-found: ignore
2026-08-02T07:39:46.4998660Z   compression-level: 6
2026-08-02T07:39:46.4998876Z   overwrite: false
2026-08-02T07:39:46.4999094Z   include-hidden-files: false
2026-08-02T07:39:46.4999333Z env:
2026-08-02T07:39:46.4999523Z   BENCHMARK_ID: GS-OSS-2026-08-02-V8
2026-08-02T07:39:46.4999816Z   EVIDENCE_CLASS: external-observational
2026-08-02T07:39:46.5000124Z   V7_SOURCE_RUN_ID: 30732978684
2026-08-02T07:39:46.5000358Z ##[endgroup]
2026-08-02T07:39:46.6631102Z (node:2786) [DEP0040] DeprecationWarning: The `punycode` module is deprecated. Please use a userland alternative instead.
2026-08-02T07:39:46.6631876Z (Use `node --trace-deprecation ...` to show where the warning was created)
2026-08-02T07:39:46.6705978Z With the provided path, there will be 2 files uploaded
2026-08-02T07:39:46.6711208Z Artifact name is valid!
2026-08-02T07:39:46.6711969Z Root directory input is valid!
2026-08-02T07:39:46.9803510Z Beginning upload of artifact content to blob storage
2026-08-02T07:39:47.0006894Z (node:2786) [DEP0169] DeprecationWarning: `url.parse()` behavior is not standardized and prone to errors that have security implications. Use the WHATWG URL API instead. CVEs are not issued for `url.parse()` vulnerabilities.
2026-08-02T07:39:47.2782053Z Uploaded bytes 350
2026-08-02T07:39:47.3547458Z Finished uploading artifact content to blob storage!
2026-08-02T07:39:47.3548839Z SHA256 digest of uploaded artifact zip is 5d0176ab82f18e54b77a5251b24c770139cd052c072d3b617385bbb4efaa254c
2026-08-02T07:39:47.3550799Z Finalizing artifact upload
2026-08-02T07:39:47.5538405Z Artifact external-oss-v8-workspace-exec-TASK-OSS-01.zip successfully finalized. Artifact ID 8830353785
2026-08-02T07:39:47.5540485Z Artifact external-oss-v8-workspace-exec-TASK-OSS-01 has been successfully uploaded! Final size is 350 bytes. Artifact ID is 8830353785
2026-08-02T07:39:47.5547958Z Artifact download URL: https://github.com/Eskasia/governseed/actions/runs/30738110739/artifacts/8830353785
2026-08-02T07:39:47.5739804Z Node 20 is being deprecated. This workflow is running with Node 24 by default. If you need to temporarily use Node 20, you can set the ACTIONS_ALLOW_USE_UNSECURE_NODE_VERSION=true environment variable. For more information see: https://github.blog/changelog/2025-09-19-deprecation-of-node-20-on-github-actions-runners/
2026-08-02T07:39:47.5741090Z Post job cleanup.
2026-08-02T07:39:47.6590235Z [command]/usr/bin/git version
2026-08-02T07:39:47.6639844Z git version 2.54.0
2026-08-02T07:39:47.6711687Z Temporarily overriding HOME='/home/runner/work/_temp/c9011967-778a-4b5a-9a9f-077a4391dd44' before making global git config changes
2026-08-02T07:39:47.6713818Z Adding repository directory to the temporary git global config as a safe directory
2026-08-02T07:39:47.6717794Z [command]/usr/bin/git config --global --add safe.directory /home/runner/work/governseed/governseed
2026-08-02T07:39:47.6758820Z [command]/usr/bin/git config --local --name-only --get-regexp core\.sshCommand
2026-08-02T07:39:47.6796690Z [command]/usr/bin/git submodule foreach --recursive sh -c "git config --local --name-only --get-regexp 'core\.sshCommand' && git config --local --unset-all 'core.sshCommand' || :"
2026-08-02T07:39:47.7046600Z [command]/usr/bin/git config --local --name-only --get-regexp http\.https\:\/\/github\.com\/\.extraheader
2026-08-02T07:39:47.7076432Z http.https://github.com/.extraheader
2026-08-02T07:39:47.7088634Z [command]/usr/bin/git config --local --unset-all http.https://github.com/.extraheader
2026-08-02T07:39:47.7125731Z [command]/usr/bin/git submodule foreach --recursive sh -c "git config --local --name-only --get-regexp 'http\.https\:\/\/github\.com\/\.extraheader' && git config --local --unset-all 'http.https://github.com/.extraheader' || :"
2026-08-02T07:39:47.7380306Z [command]/usr/bin/git config --local --name-only --get-regexp ^includeIf\.gitdir:
2026-08-02T07:39:47.7419757Z [command]/usr/bin/git submodule foreach --recursive git config --local --show-origin --name-only --get-regexp remote.origin.url
2026-08-02T07:39:47.7827734Z Cleaning up orphan processes
2026-08-02T07:39:47.8277035Z ##[warning]Node.js 20 is deprecated. The following actions target Node.js 20 but are being forced to run on Node.js 24: actions/checkout@v4, actions/download-artifact@v4, actions/upload-artifact@v4. For more information see: https://github.blog/changelog/2025-09-19-deprecation-of-node-20-on-github-actions-runners/
