2026-08-02T07:38:24.7271656Z Current runner version: '2.336.0'
2026-08-02T07:38:24.7297497Z ##[group]Runner Image Provisioner
2026-08-02T07:38:24.7298431Z Hosted Compute Agent
2026-08-02T07:38:24.7299007Z Version: 20260707.563
2026-08-02T07:38:24.7300097Z Commit: 02667638d2b423fbc733a8e32a88b44996a3ba6e
2026-08-02T07:38:24.7300915Z Build Date: 2026-07-07T19:33:50Z
2026-08-02T07:38:24.7301650Z Worker ID: {d530c2d0-83a0-45f2-a0c6-ba22ba6a8919}
2026-08-02T07:38:24.7302369Z Azure Region: westus3
2026-08-02T07:38:24.7302928Z ##[endgroup]
2026-08-02T07:38:24.7304519Z ##[group]Operating System
2026-08-02T07:38:24.7305188Z Ubuntu
2026-08-02T07:38:24.7305723Z 24.04.4
2026-08-02T07:38:24.7306338Z LTS
2026-08-02T07:38:24.7306885Z ##[endgroup]
2026-08-02T07:38:24.7307465Z ##[group]Runner Image
2026-08-02T07:38:24.7308116Z Image: ubuntu-24.04
2026-08-02T07:38:24.7308695Z Version: 20260720.247.2
2026-08-02T07:38:24.7310309Z Included Software: https://github.com/actions/runner-images/blob/ubuntu24/20260720.247/images/ubuntu/Ubuntu2404-Readme.md
2026-08-02T07:38:24.7311854Z Image Release: https://github.com/actions/runner-images/releases/tag/ubuntu24%2F20260720.247
2026-08-02T07:38:24.7312913Z ##[endgroup]
2026-08-02T07:38:24.7314049Z ##[group]GITHUB_TOKEN Permissions
2026-08-02T07:38:24.7316251Z Actions: read
2026-08-02T07:38:24.7316847Z Contents: read
2026-08-02T07:38:24.7317459Z Metadata: read
2026-08-02T07:38:24.7318059Z ##[endgroup]
2026-08-02T07:38:24.7320562Z Secret source: Actions
2026-08-02T07:38:24.7321734Z Prepare workflow directory
2026-08-02T07:38:24.7744511Z Prepare all required actions
2026-08-02T07:38:24.7795710Z Getting action download info
2026-08-02T07:38:25.0916022Z Download action repository 'actions/checkout@v4' (SHA:11d5960a326750d5838078e36cf38b85af677262)
2026-08-02T07:38:25.7687934Z Download action repository 'actions/download-artifact@v4' (SHA:d3f86a106a0bac45b974a628896c90dbdf5c8093)
2026-08-02T07:38:26.5214153Z Download action repository 'actions/upload-artifact@v4' (SHA:ea165f8d65b6e75b540449e92b4886f43607fa02)
2026-08-02T07:38:27.0428298Z Complete job name: Verify V8 workspace exec contract (TASK-OSS-09)
2026-08-02T07:38:27.1157379Z Node 20 is being deprecated. This workflow is running with Node 24 by default. If you need to temporarily use Node 20, you can set the ACTIONS_ALLOW_USE_UNSECURE_NODE_VERSION=true environment variable. For more information see: https://github.blog/changelog/2025-09-19-deprecation-of-node-20-on-github-actions-runners/
2026-08-02T07:38:27.1165656Z ##[group]Run actions/checkout@v4
2026-08-02T07:38:27.1166172Z with:
2026-08-02T07:38:27.1166423Z   fetch-depth: 1
2026-08-02T07:38:27.1166695Z   repository: Eskasia/governseed
2026-08-02T07:38:27.1169434Z   token: ***
2026-08-02T07:38:27.1170077Z   ssh-strict: true
2026-08-02T07:38:27.1170473Z   ssh-user: git
2026-08-02T07:38:27.1170747Z   persist-credentials: true
2026-08-02T07:38:27.1171032Z   clean: true
2026-08-02T07:38:27.1171297Z   sparse-checkout-cone-mode: true
2026-08-02T07:38:27.1171609Z   fetch-tags: false
2026-08-02T07:38:27.1171869Z   show-progress: true
2026-08-02T07:38:27.1172138Z   lfs: false
2026-08-02T07:38:27.1172394Z   submodules: false
2026-08-02T07:38:27.1172655Z   set-safe-directory: true
2026-08-02T07:38:27.1172949Z   allow-unsafe-pr-checkout: false
2026-08-02T07:38:27.1173557Z env:
2026-08-02T07:38:27.1173815Z   BENCHMARK_ID: GS-OSS-2026-08-02-V8
2026-08-02T07:38:27.1174202Z   EVIDENCE_CLASS: external-observational
2026-08-02T07:38:27.1174536Z   V7_SOURCE_RUN_ID: 30732978684
2026-08-02T07:38:27.1174820Z ##[endgroup]
2026-08-02T07:38:27.2158893Z Syncing repository: Eskasia/governseed
2026-08-02T07:38:27.2160706Z ##[group]Getting Git version info
2026-08-02T07:38:27.2161214Z Working directory is '/home/runner/work/governseed/governseed'
2026-08-02T07:38:27.2161879Z [command]/usr/bin/git version
2026-08-02T07:38:27.2258167Z git version 2.54.0
2026-08-02T07:38:27.2283585Z ##[endgroup]
2026-08-02T07:38:27.2301150Z Temporarily overriding HOME='/home/runner/work/_temp/e4b623e5-218b-4229-814a-54442610af77' before making global git config changes
2026-08-02T07:38:27.2303041Z Adding repository directory to the temporary git global config as a safe directory
2026-08-02T07:38:27.2307040Z [command]/usr/bin/git config --global --add safe.directory /home/runner/work/governseed/governseed
2026-08-02T07:38:27.2361183Z Deleting the contents of '/home/runner/work/governseed/governseed'
2026-08-02T07:38:27.2365966Z ##[group]Initializing the repository
2026-08-02T07:38:27.2371694Z [command]/usr/bin/git init /home/runner/work/governseed/governseed
2026-08-02T07:38:27.2470540Z hint: Using 'master' as the name for the initial branch. This default branch name
2026-08-02T07:38:27.2471875Z hint: will change to "main" in Git 3.0. To configure the initial branch name
2026-08-02T07:38:27.2473122Z hint: to use in all of your new repositories, which will suppress this warning,
2026-08-02T07:38:27.2474036Z hint: call:
2026-08-02T07:38:27.2474580Z hint:
2026-08-02T07:38:27.2475292Z hint: 	git config --global init.defaultBranch <name>
2026-08-02T07:38:27.2476266Z hint:
2026-08-02T07:38:27.2477054Z hint: Names commonly chosen instead of 'master' are 'main', 'trunk' and
2026-08-02T07:38:27.2478181Z hint: 'development'. The just-created branch can be renamed via this command:
2026-08-02T07:38:27.2479110Z hint:
2026-08-02T07:38:27.2479936Z hint: 	git branch -m <name>
2026-08-02T07:38:27.2480615Z hint:
2026-08-02T07:38:27.2481429Z hint: Disable this message with "git config set advice.defaultBranchName false"
2026-08-02T07:38:27.2482825Z Initialized empty Git repository in /home/runner/work/governseed/governseed/.git/
2026-08-02T07:38:27.2487788Z [command]/usr/bin/git remote add origin https://github.com/Eskasia/governseed
2026-08-02T07:38:27.2568135Z ##[endgroup]
2026-08-02T07:38:27.2568934Z ##[group]Disabling automatic garbage collection
2026-08-02T07:38:27.2572224Z [command]/usr/bin/git config --local gc.auto 0
2026-08-02T07:38:27.2609581Z ##[endgroup]
2026-08-02T07:38:27.2610481Z ##[group]Setting up auth
2026-08-02T07:38:27.2620747Z [command]/usr/bin/git config --local --name-only --get-regexp core\.sshCommand
2026-08-02T07:38:27.2665553Z [command]/usr/bin/git submodule foreach --recursive sh -c "git config --local --name-only --get-regexp 'core\.sshCommand' && git config --local --unset-all 'core.sshCommand' || :"
2026-08-02T07:38:27.3038596Z [command]/usr/bin/git config --local --name-only --get-regexp http\.https\:\/\/github\.com\/\.extraheader
2026-08-02T07:38:27.3079089Z [command]/usr/bin/git submodule foreach --recursive sh -c "git config --local --name-only --get-regexp 'http\.https\:\/\/github\.com\/\.extraheader' && git config --local --unset-all 'http.https://github.com/.extraheader' || :"
2026-08-02T07:38:27.3336468Z [command]/usr/bin/git config --local --name-only --get-regexp ^includeIf\.gitdir:
2026-08-02T07:38:27.3377004Z [command]/usr/bin/git submodule foreach --recursive git config --local --show-origin --name-only --get-regexp remote.origin.url
2026-08-02T07:38:27.3608061Z [command]/usr/bin/git config --local http.https://github.com/.extraheader AUTHORIZATION: basic ***
2026-08-02T07:38:27.3648201Z ##[endgroup]
2026-08-02T07:38:27.3648901Z ##[group]Fetching the repository
2026-08-02T07:38:27.3659132Z [command]/usr/bin/git -c protocol.version=2 fetch --no-tags --prune --no-recurse-submodules --depth=1 origin +3148e3edc4900330c25377c7c5049a697f31a44c:refs/remotes/origin/main
2026-08-02T07:38:30.7590606Z From https://github.com/Eskasia/governseed
2026-08-02T07:38:30.7591238Z  * [new ref]         3148e3edc4900330c25377c7c5049a697f31a44c -> origin/main
2026-08-02T07:38:30.7624909Z ##[endgroup]
2026-08-02T07:38:30.7625709Z ##[group]Determining the checkout info
2026-08-02T07:38:30.7628427Z ##[endgroup]
2026-08-02T07:38:30.7636746Z [command]/usr/bin/git sparse-checkout disable
2026-08-02T07:38:30.7689444Z [command]/usr/bin/git config --local --unset-all extensions.worktreeConfig
2026-08-02T07:38:30.7722771Z ##[group]Checking out the ref
2026-08-02T07:38:30.7728097Z [command]/usr/bin/git checkout --progress --force -B main refs/remotes/origin/main
2026-08-02T07:38:31.0085097Z Switched to a new branch 'main'
2026-08-02T07:38:31.0091474Z branch 'main' set up to track 'origin/main'.
2026-08-02T07:38:31.0138041Z ##[endgroup]
2026-08-02T07:38:31.0197789Z [command]/usr/bin/git log -1 --format=%H
2026-08-02T07:38:31.0225589Z 3148e3edc4900330c25377c7c5049a697f31a44c
2026-08-02T07:38:31.0469248Z Node 20 is being deprecated. This workflow is running with Node 24 by default. If you need to temporarily use Node 20, you can set the ACTIONS_ALLOW_USE_UNSECURE_NODE_VERSION=true environment variable. For more information see: https://github.blog/changelog/2025-09-19-deprecation-of-node-20-on-github-actions-runners/
2026-08-02T07:38:31.0471340Z ##[group]Run actions/download-artifact@v4
2026-08-02T07:38:31.0471619Z with:
2026-08-02T07:38:31.0471871Z   name: external-oss-v8-dependency-cache-TASK-OSS-09
2026-08-02T07:38:31.0472235Z   path: /home/runner/work/_temp/v8-input/TASK-OSS-09
2026-08-02T07:38:31.0472544Z   merge-multiple: false
2026-08-02T07:38:31.0472785Z   repository: Eskasia/governseed
2026-08-02T07:38:31.0473049Z   run-id: 30738110739
2026-08-02T07:38:31.0473250Z env:
2026-08-02T07:38:31.0473447Z   BENCHMARK_ID: GS-OSS-2026-08-02-V8
2026-08-02T07:38:31.0473725Z   EVIDENCE_CLASS: external-observational
2026-08-02T07:38:31.0474000Z   V7_SOURCE_RUN_ID: 30732978684
2026-08-02T07:38:31.0474283Z ##[endgroup]
2026-08-02T07:38:31.1908745Z Downloading single artifact
2026-08-02T07:38:31.2059249Z (node:2250) [DEP0040] DeprecationWarning: The `punycode` module is deprecated. Please use a userland alternative instead.
2026-08-02T07:38:31.2060496Z (Use `node --trace-deprecation ...` to show where the warning was created)
2026-08-02T07:38:31.4121939Z Preparing to download the following artifacts:
2026-08-02T07:38:31.4123445Z - external-oss-v8-dependency-cache-TASK-OSS-09 (ID: 8830329973, Size: 622570172, Expected Digest: sha256:e5e88abe0321982ba811a4fdcfc3b129d592e981782db799b985e76ca3dafb5b)
2026-08-02T07:38:31.5852113Z Redirecting to blob download url: https://productionresultssa13.blob.core.windows.net/actions-results/ab62971e-a3bb-404d-a3a6-96b4193f2826/workflow-job-run-ebd577f4-0c53-5f39-9312-b4d989f08282/artifacts/dbfab857054e4a3754ff87d74e227fe7a74443e1410f9f0c2da7bdaa66e509e2.zip
2026-08-02T07:38:31.5854687Z Starting download of artifact to: /home/runner/work/_temp/v8-input/TASK-OSS-09
2026-08-02T07:38:31.8496590Z (node:2250) [DEP0005] DeprecationWarning: Buffer() is deprecated due to security and usability issues. Please use the Buffer.alloc(), Buffer.allocUnsafe(), or Buffer.from() methods instead.
2026-08-02T07:38:59.2549422Z SHA256 digest of downloaded artifact is e5e88abe0321982ba811a4fdcfc3b129d592e981782db799b985e76ca3dafb5b
2026-08-02T07:38:59.2550632Z Artifact download completed successfully.
2026-08-02T07:38:59.2551141Z Total of 1 artifact(s) downloaded
2026-08-02T07:38:59.2558735Z Download artifact has finished successfully
2026-08-02T07:38:59.2713934Z ##[group]Run set -euo pipefail
2026-08-02T07:38:59.2714343Z [36;1mset -euo pipefail[0m
2026-08-02T07:38:59.2714649Z [36;1minput="$RUNNER_TEMP/v8-input/$TASK_ID"[0m
2026-08-02T07:38:59.2715012Z [36;1mroot="$RUNNER_TEMP/v8-contract/$TASK_ID"[0m
2026-08-02T07:38:59.2715323Z [36;1mseed="$root/seed"[0m
2026-08-02T07:38:59.2715555Z [36;1mcache="$root/cache"[0m
2026-08-02T07:38:59.2715792Z [36;1mharness="$root/harness"[0m
2026-08-02T07:38:59.2716104Z [36;1mout="$RUNNER_TEMP/v8-contract-receipts/$TASK_ID"[0m
2026-08-02T07:38:59.2716468Z [36;1mmkdir -p "$seed" "$cache" "$harness" "$out"[0m
2026-08-02T07:38:59.2716800Z [36;1mtar -xzf "$input/seed.tgz" -C "$seed"[0m
2026-08-02T07:38:59.2717119Z [36;1mtar -xzf "$input/cache.tgz" -C "$cache"[0m
2026-08-02T07:38:59.2717496Z [36;1mcp "$input/cache-roots.txt" "$harness/cache-roots.txt"[0m
2026-08-02T07:38:59.2718059Z [36;1mcp benchmarks/external-oss-v8/tests/v8-runtime-contract.sh "$harness/v8-runtime-contract.sh"[0m
2026-08-02T07:38:59.2718633Z [36;1mchmod 0555 "$harness/v8-runtime-contract.sh"[0m
2026-08-02T07:38:59.2718968Z [36;1mchmod 0444 "$harness/cache-roots.txt"[0m
2026-08-02T07:38:59.2719523Z [36;1mdocker load --input "$input/runtime-image.tgz" >/dev/null[0m
2026-08-02T07:38:59.2720380Z [36;1mruntime_tag="governseed-v7-runtime:$TASK_ID"[0m
2026-08-02T07:38:59.2720699Z [36;1mcontainer_id=[0m
2026-08-02T07:38:59.2721138Z [36;1mcleanup() { test -n "$container_id" && docker rm -f "$container_id" >/dev/null 2>&1 || true; }[0m
2026-08-02T07:38:59.2721598Z [36;1mtrap cleanup EXIT[0m
2026-08-02T07:38:59.2721893Z [36;1mdocker create --name "v8-${TASK_ID,,}-contract" \[0m
2026-08-02T07:38:59.2722398Z [36;1m  --network none --read-only --cap-drop=ALL --security-opt no-new-privileges:true \[0m
2026-08-02T07:38:59.2722938Z [36;1m  --user 65532:65532 --pids-limit 256 --cpus 4 --memory 15g \[0m
2026-08-02T07:38:59.2723469Z [36;1m  --tmpfs "/workspace:rw,exec,nosuid,nodev,size=8g,uid=65532,gid=65532,mode=0750" \[0m
2026-08-02T07:38:59.2723968Z [36;1m  --mount "type=bind,src=$seed,dst=/seed,readonly" \[0m
2026-08-02T07:38:59.2724364Z [36;1m  --mount "type=bind,src=$cache,dst=/cache,readonly" \[0m
2026-08-02T07:38:59.2724777Z [36;1m  --mount "type=bind,src=$harness,dst=/harness,readonly" \[0m
2026-08-02T07:38:59.2725311Z [36;1m  --tmpfs "/home/benchmark:rw,noexec,nosuid,nodev,size=1g,uid=65532,gid=65532,mode=0700" \[0m
2026-08-02T07:38:59.2725910Z [36;1m  --tmpfs "/tmp:rw,noexec,nosuid,nodev,size=2g,uid=65532,gid=65532,mode=1770" \[0m
2026-08-02T07:38:59.2726481Z [36;1m  "$runtime_tag" /harness/v8-runtime-contract.sh "$TASK_ID" > "$out/container-id"[0m
2026-08-02T07:38:59.2726956Z [36;1mcontainer_id=$(tail -n 1 "$out/container-id")[0m
2026-08-02T07:38:59.2727429Z [36;1mtest "$(docker inspect "$container_id" --format '{{.HostConfig.NetworkMode}}')" = none[0m
2026-08-02T07:38:59.2728039Z [36;1mtest "$(docker inspect "$container_id" --format '{{.HostConfig.ReadonlyRootfs}}')" = true[0m
2026-08-02T07:38:59.2728648Z [36;1mtest "$(docker inspect "$container_id" --format '{{.Config.User}}')" = 65532:65532[0m
2026-08-02T07:38:59.2729246Z [36;1mtest "$(docker inspect "$container_id" --format '{{json .HostConfig.CapDrop}}')" = '["ALL"]'[0m
2026-08-02T07:38:59.2730284Z [36;1mdocker inspect "$container_id" --format '{{json .HostConfig.SecurityOpt}}' | grep -Fq no-new-privileges:true[0m
2026-08-02T07:38:59.2730970Z [36;1mtmpfs_json=$(docker inspect "$container_id" --format '{{json .HostConfig.Tmpfs}}')[0m
2026-08-02T07:38:59.2731493Z [36;1mTMPFS_JSON="$tmpfs_json" node --input-type=module - <<'NODE'[0m
2026-08-02T07:38:59.2731920Z [36;1mconst tmpfs = JSON.parse(process.env.TMPFS_JSON);[0m
2026-08-02T07:38:59.2732246Z [36;1mconst required = {[0m
2026-08-02T07:38:59.2732651Z [36;1m  '/workspace': ['rw', 'exec', 'nosuid', 'nodev', 'size=8g', 'uid=65532', 'gid=65532', 'mode=0750'],[0m
2026-08-02T07:38:59.2733470Z [36;1m  '/home/benchmark': ['rw', 'noexec', 'nosuid', 'nodev', 'size=1g', 'uid=65532', 'gid=65532', 'mode=0700'],[0m
2026-08-02T07:38:59.2734084Z [36;1m  '/tmp': ['rw', 'noexec', 'nosuid', 'nodev', 'size=2g', 'uid=65532', 'gid=65532', 'mode=1770'][0m
2026-08-02T07:38:59.2734506Z [36;1m};[0m
2026-08-02T07:38:59.2735249Z [36;1mconst aliases = { 'size=8g': ['size=8g', 'size=8388608k'], 'size=1g': ['size=1g', 'size=1048576k'], 'size=2g': ['size=2g', 'size=2097152k'], 'mode=0750': ['mode=0750', 'mode=750'], 'mode=0700': ['mode=0700', 'mode=700'], 'mode=1770': ['mode=1770'] };[0m
2026-08-02T07:38:59.2736183Z [36;1mfor (const [destination, tokens] of Object.entries(required)) {[0m
2026-08-02T07:38:59.2736655Z [36;1m  const options = String(tmpfs[destination] || '').split(',');[0m
2026-08-02T07:38:59.2737368Z [36;1m  if (!options.length || tokens.some((token) => !(aliases[token] || [token]).some((candidate) => options.includes(candidate)))) process.exit(1);[0m
2026-08-02T07:38:59.2738129Z [36;1m  if (destination === '/workspace' && options.includes('noexec')) process.exit(1);[0m
2026-08-02T07:38:59.2738542Z [36;1m}[0m
2026-08-02T07:38:59.2738722Z [36;1mNODE[0m
2026-08-02T07:38:59.2739001Z [36;1mfor spec in '/seed false' '/cache false' '/harness false'; do[0m
2026-08-02T07:38:59.2739528Z [36;1m  destination=${spec% *}; expected_rw=${spec#* }[0m
2026-08-02T07:38:59.2740429Z [36;1m  count=$(docker inspect "$container_id" --format '{{range .Mounts}}{{println .Destination}}{{end}}' | grep -Fxc "$destination")[0m
2026-08-02T07:38:59.2741017Z [36;1m  test "$count" -eq 1[0m
2026-08-02T07:38:59.2741578Z [36;1m  actual_rw=$(docker inspect "$container_id" --format '{{range .Mounts}}{{if eq .Destination "'"$destination"'"}}{{.RW}}{{end}}{{end}}')[0m
2026-08-02T07:38:59.2742176Z [36;1m  test "$actual_rw" = "$expected_rw"[0m
2026-08-02T07:38:59.2742446Z [36;1mdone[0m
2026-08-02T07:38:59.2742624Z [36;1mset +e[0m
2026-08-02T07:38:59.2742932Z [36;1mdocker start -a "$container_id" > "$out/container-output" 2>&1[0m
2026-08-02T07:38:59.2743288Z [36;1mrc=$?[0m
2026-08-02T07:38:59.2743508Z [36;1mset -e[0m
2026-08-02T07:38:59.2744780Z [36;1mfor file in workspace-exec-receipt.json mountinfo.txt workspace-mount.txt cache-mount.txt home-mount.txt tmp-mount.txt vitest-resolved-path.txt vitest-symlink.txt vitest-version.txt runner-probe.txt python-version.txt pytest-version.txt libmagic-library-path.txt libmagic-database-path.txt libmagic-probe.txt; do[0m
2026-08-02T07:38:59.2746231Z [36;1m  docker cp "$container_id:/workspace/$file" "$out/$file" 2>/dev/null || true[0m
2026-08-02T07:38:59.2746638Z [36;1mdone[0m
2026-08-02T07:38:59.2746846Z [36;1mtest "$rc" -eq 0[0m
2026-08-02T07:38:59.2747133Z [36;1mtest -f "$out/workspace-exec-receipt.json"[0m
2026-08-02T07:38:59.2747482Z [36;1mdocker rm -f "$container_id" >/dev/null[0m
2026-08-02T07:38:59.2747774Z [36;1mcontainer_id=[0m
2026-08-02T07:38:59.2795906Z shell: /usr/bin/bash --noprofile --norc -e -o pipefail {0}
2026-08-02T07:38:59.2796266Z env:
2026-08-02T07:38:59.2796477Z   BENCHMARK_ID: GS-OSS-2026-08-02-V8
2026-08-02T07:38:59.2796789Z   EVIDENCE_CLASS: external-observational
2026-08-02T07:38:59.2797074Z   V7_SOURCE_RUN_ID: 30732978684
2026-08-02T07:38:59.2797317Z   TASK_ID: TASK-OSS-09
2026-08-02T07:38:59.2797537Z ##[endgroup]
2026-08-02T07:39:25.3144185Z ##[error]Process completed with exit code 1.
2026-08-02T07:39:25.3227866Z Node 20 is being deprecated. This workflow is running with Node 24 by default. If you need to temporarily use Node 20, you can set the ACTIONS_ALLOW_USE_UNSECURE_NODE_VERSION=true environment variable. For more information see: https://github.blog/changelog/2025-09-19-deprecation-of-node-20-on-github-actions-runners/
2026-08-02T07:39:25.3229182Z ##[group]Run actions/upload-artifact@v4
2026-08-02T07:39:25.3229462Z with:
2026-08-02T07:39:25.3230089Z   name: external-oss-v8-workspace-exec-TASK-OSS-09
2026-08-02T07:39:25.3230505Z   path: /home/runner/work/_temp/v8-contract-receipts/TASK-OSS-09/
2026-08-02T07:39:25.3230862Z   if-no-files-found: ignore
2026-08-02T07:39:25.3231100Z   compression-level: 6
2026-08-02T07:39:25.3231316Z   overwrite: false
2026-08-02T07:39:25.3231532Z   include-hidden-files: false
2026-08-02T07:39:25.3231774Z env:
2026-08-02T07:39:25.3231965Z   BENCHMARK_ID: GS-OSS-2026-08-02-V8
2026-08-02T07:39:25.3232255Z   EVIDENCE_CLASS: external-observational
2026-08-02T07:39:25.3232580Z   V7_SOURCE_RUN_ID: 30732978684
2026-08-02T07:39:25.3232813Z ##[endgroup]
2026-08-02T07:39:25.4847473Z (node:2732) [DEP0040] DeprecationWarning: The `punycode` module is deprecated. Please use a userland alternative instead.
2026-08-02T07:39:25.4848354Z (Use `node --trace-deprecation ...` to show where the warning was created)
2026-08-02T07:39:25.4950910Z With the provided path, there will be 2 files uploaded
2026-08-02T07:39:25.4951777Z Artifact name is valid!
2026-08-02T07:39:25.4952174Z Root directory input is valid!
2026-08-02T07:39:25.7765828Z Beginning upload of artifact content to blob storage
2026-08-02T07:39:25.7991814Z (node:2732) [DEP0169] DeprecationWarning: `url.parse()` behavior is not standardized and prone to errors that have security implications. Use the WHATWG URL API instead. CVEs are not issued for `url.parse()` vulnerabilities.
2026-08-02T07:39:26.1561440Z Uploaded bytes 323
2026-08-02T07:39:26.2278207Z Finished uploading artifact content to blob storage!
2026-08-02T07:39:26.2279062Z SHA256 digest of uploaded artifact zip is 9350ae5a5fc440cd3332b012c2b15bb61fe0d7b537eb848e7b1ad7cc4b739013
2026-08-02T07:39:26.2281479Z Finalizing artifact upload
2026-08-02T07:39:26.5510854Z Artifact external-oss-v8-workspace-exec-TASK-OSS-09.zip successfully finalized. Artifact ID 8830350150
2026-08-02T07:39:26.5513676Z Artifact external-oss-v8-workspace-exec-TASK-OSS-09 has been successfully uploaded! Final size is 323 bytes. Artifact ID is 8830350150
2026-08-02T07:39:26.5515529Z Artifact download URL: https://github.com/Eskasia/governseed/actions/runs/30738110739/artifacts/8830350150
2026-08-02T07:39:26.5701490Z Node 20 is being deprecated. This workflow is running with Node 24 by default. If you need to temporarily use Node 20, you can set the ACTIONS_ALLOW_USE_UNSECURE_NODE_VERSION=true environment variable. For more information see: https://github.blog/changelog/2025-09-19-deprecation-of-node-20-on-github-actions-runners/
2026-08-02T07:39:26.5702798Z Post job cleanup.
2026-08-02T07:39:26.6528992Z [command]/usr/bin/git version
2026-08-02T07:39:26.6573228Z git version 2.54.0
2026-08-02T07:39:26.6617949Z Temporarily overriding HOME='/home/runner/work/_temp/9a64164e-cc44-4455-bd57-de5c4a7aea98' before making global git config changes
2026-08-02T07:39:26.6619282Z Adding repository directory to the temporary git global config as a safe directory
2026-08-02T07:39:26.6624604Z [command]/usr/bin/git config --global --add safe.directory /home/runner/work/governseed/governseed
2026-08-02T07:39:26.6663080Z [command]/usr/bin/git config --local --name-only --get-regexp core\.sshCommand
2026-08-02T07:39:26.6697580Z [command]/usr/bin/git submodule foreach --recursive sh -c "git config --local --name-only --get-regexp 'core\.sshCommand' && git config --local --unset-all 'core.sshCommand' || :"
2026-08-02T07:39:26.6952690Z [command]/usr/bin/git config --local --name-only --get-regexp http\.https\:\/\/github\.com\/\.extraheader
2026-08-02T07:39:26.6981737Z http.https://github.com/.extraheader
2026-08-02T07:39:26.6995044Z [command]/usr/bin/git config --local --unset-all http.https://github.com/.extraheader
2026-08-02T07:39:26.7030214Z [command]/usr/bin/git submodule foreach --recursive sh -c "git config --local --name-only --get-regexp 'http\.https\:\/\/github\.com\/\.extraheader' && git config --local --unset-all 'http.https://github.com/.extraheader' || :"
2026-08-02T07:39:26.7324913Z [command]/usr/bin/git config --local --name-only --get-regexp ^includeIf\.gitdir:
2026-08-02T07:39:26.7359427Z [command]/usr/bin/git submodule foreach --recursive git config --local --show-origin --name-only --get-regexp remote.origin.url
2026-08-02T07:39:26.7755078Z Cleaning up orphan processes
2026-08-02T07:39:26.8080505Z ##[warning]Node.js 20 is deprecated. The following actions target Node.js 20 but are being forced to run on Node.js 24: actions/checkout@v4, actions/download-artifact@v4, actions/upload-artifact@v4. For more information see: https://github.blog/changelog/2025-09-19-deprecation-of-node-20-on-github-actions-runners/
