2026-08-02T07:59:04.2674457Z Current runner version: '2.336.0'
2026-08-02T07:59:04.2743027Z ##[group]Runner Image Provisioner
2026-08-02T07:59:04.2744646Z Hosted Compute Agent
2026-08-02T07:59:04.2745619Z Version: 20260707.563
2026-08-02T07:59:04.2746711Z Commit: 02667638d2b423fbc733a8e32a88b44996a3ba6e
2026-08-02T07:59:04.2747891Z Build Date: 2026-07-07T19:33:50Z
2026-08-02T07:59:04.2749194Z Worker ID: {1f341e0a-2256-4c13-9d1e-a7b797bc0b36}
2026-08-02T07:59:04.2750361Z Azure Region: eastus
2026-08-02T07:59:04.2751274Z ##[endgroup]
2026-08-02T07:59:04.2753707Z ##[group]Operating System
2026-08-02T07:59:04.2755030Z Ubuntu
2026-08-02T07:59:04.2755900Z 24.04.4
2026-08-02T07:59:04.2756797Z LTS
2026-08-02T07:59:04.2757577Z ##[endgroup]
2026-08-02T07:59:04.2758500Z ##[group]Runner Image
2026-08-02T07:59:04.2759511Z Image: ubuntu-24.04
2026-08-02T07:59:04.2760436Z Version: 20260720.247.2
2026-08-02T07:59:04.2762525Z Included Software: https://github.com/actions/runner-images/blob/ubuntu24/20260720.247/images/ubuntu/Ubuntu2404-Readme.md
2026-08-02T07:59:04.2765474Z Image Release: https://github.com/actions/runner-images/releases/tag/ubuntu24%2F20260720.247
2026-08-02T07:59:04.2767108Z ##[endgroup]
2026-08-02T07:59:04.2769769Z ##[group]GITHUB_TOKEN Permissions
2026-08-02T07:59:04.2772637Z Actions: read
2026-08-02T07:59:04.2773583Z Contents: read
2026-08-02T07:59:04.2774809Z Metadata: read
2026-08-02T07:59:04.2775724Z ##[endgroup]
2026-08-02T07:59:04.2778776Z Secret source: Actions
2026-08-02T07:59:04.2780756Z Prepare workflow directory
2026-08-02T07:59:04.3338433Z Prepare all required actions
2026-08-02T07:59:04.3409089Z Getting action download info
2026-08-02T07:59:04.5026143Z Download action repository 'actions/checkout@v4' (SHA:11d5960a326750d5838078e36cf38b85af677262)
2026-08-02T07:59:04.7074331Z Download action repository 'actions/download-artifact@v4' (SHA:d3f86a106a0bac45b974a628896c90dbdf5c8093)
2026-08-02T07:59:04.8458435Z Download action repository 'actions/upload-artifact@v4' (SHA:ea165f8d65b6e75b540449e92b4886f43607fa02)
2026-08-02T07:59:05.0523585Z Complete job name: Verify V8 cache offline (TASK-OSS-09)
2026-08-02T07:59:05.1272137Z Node 20 is being deprecated. This workflow is running with Node 24 by default. If you need to temporarily use Node 20, you can set the ACTIONS_ALLOW_USE_UNSECURE_NODE_VERSION=true environment variable. For more information see: https://github.blog/changelog/2025-09-19-deprecation-of-node-20-on-github-actions-runners/
2026-08-02T07:59:05.1281365Z ##[group]Run actions/checkout@v4
2026-08-02T07:59:05.1282212Z with:
2026-08-02T07:59:05.1282715Z   fetch-depth: 1
2026-08-02T07:59:05.1283201Z   repository: Eskasia/governseed
2026-08-02T07:59:05.1287380Z   token: ***
2026-08-02T07:59:05.1287821Z   ssh-strict: true
2026-08-02T07:59:05.1288258Z   ssh-user: git
2026-08-02T07:59:05.1288711Z   persist-credentials: true
2026-08-02T07:59:05.1289199Z   clean: true
2026-08-02T07:59:05.1289639Z   sparse-checkout-cone-mode: true
2026-08-02T07:59:05.1290155Z   fetch-tags: false
2026-08-02T07:59:05.1290598Z   show-progress: true
2026-08-02T07:59:05.1291070Z   lfs: false
2026-08-02T07:59:05.1291510Z   submodules: false
2026-08-02T07:59:05.1291965Z   set-safe-directory: true
2026-08-02T07:59:05.1292491Z   allow-unsafe-pr-checkout: false
2026-08-02T07:59:05.1293311Z env:
2026-08-02T07:59:05.1293909Z   BENCHMARK_ID: GS-OSS-2026-08-02-V8
2026-08-02T07:59:05.1294494Z   EVIDENCE_CLASS: external-observational
2026-08-02T07:59:05.1295073Z   V7_SOURCE_RUN_ID: 30732978684
2026-08-02T07:59:05.1295573Z ##[endgroup]
2026-08-02T07:59:05.2275499Z Syncing repository: Eskasia/governseed
2026-08-02T07:59:05.2278532Z ##[group]Getting Git version info
2026-08-02T07:59:05.2279896Z Working directory is '/home/runner/work/governseed/governseed'
2026-08-02T07:59:05.2281668Z [command]/usr/bin/git version
2026-08-02T07:59:05.2390235Z git version 2.54.0
2026-08-02T07:59:05.2446803Z ##[endgroup]
2026-08-02T07:59:05.2466245Z Temporarily overriding HOME='/home/runner/work/_temp/31c1a3f1-6d33-46cc-b1a3-07df292c7993' before making global git config changes
2026-08-02T07:59:05.2469123Z Adding repository directory to the temporary git global config as a safe directory
2026-08-02T07:59:05.2471489Z [command]/usr/bin/git config --global --add safe.directory /home/runner/work/governseed/governseed
2026-08-02T07:59:05.2530768Z Deleting the contents of '/home/runner/work/governseed/governseed'
2026-08-02T07:59:05.2537223Z ##[group]Initializing the repository
2026-08-02T07:59:05.2542742Z [command]/usr/bin/git init /home/runner/work/governseed/governseed
2026-08-02T07:59:05.2691942Z hint: Using 'master' as the name for the initial branch. This default branch name
2026-08-02T07:59:05.2694159Z hint: will change to "main" in Git 3.0. To configure the initial branch name
2026-08-02T07:59:05.2695825Z hint: to use in all of your new repositories, which will suppress this warning,
2026-08-02T07:59:05.2697242Z hint: call:
2026-08-02T07:59:05.2698092Z hint:
2026-08-02T07:59:05.2699014Z hint: 	git config --global init.defaultBranch <name>
2026-08-02T07:59:05.2700089Z hint:
2026-08-02T07:59:05.2701161Z hint: Names commonly chosen instead of 'master' are 'main', 'trunk' and
2026-08-02T07:59:05.2702886Z hint: 'development'. The just-created branch can be renamed via this command:
2026-08-02T07:59:05.2704482Z hint:
2026-08-02T07:59:05.2705245Z hint: 	git branch -m <name>
2026-08-02T07:59:05.2706127Z hint:
2026-08-02T07:59:05.2707293Z hint: Disable this message with "git config set advice.defaultBranchName false"
2026-08-02T07:59:05.2710734Z Initialized empty Git repository in /home/runner/work/governseed/governseed/.git/
2026-08-02T07:59:05.2718808Z [command]/usr/bin/git remote add origin https://github.com/Eskasia/governseed
2026-08-02T07:59:05.2798614Z ##[endgroup]
2026-08-02T07:59:05.2800006Z ##[group]Disabling automatic garbage collection
2026-08-02T07:59:05.2801307Z [command]/usr/bin/git config --local gc.auto 0
2026-08-02T07:59:05.2886513Z ##[endgroup]
2026-08-02T07:59:05.2887727Z ##[group]Setting up auth
2026-08-02T07:59:05.2889052Z [command]/usr/bin/git config --local --name-only --get-regexp core\.sshCommand
2026-08-02T07:59:05.2953480Z [command]/usr/bin/git submodule foreach --recursive sh -c "git config --local --name-only --get-regexp 'core\.sshCommand' && git config --local --unset-all 'core.sshCommand' || :"
2026-08-02T07:59:05.3380210Z [command]/usr/bin/git config --local --name-only --get-regexp http\.https\:\/\/github\.com\/\.extraheader
2026-08-02T07:59:05.3427287Z [command]/usr/bin/git submodule foreach --recursive sh -c "git config --local --name-only --get-regexp 'http\.https\:\/\/github\.com\/\.extraheader' && git config --local --unset-all 'http.https://github.com/.extraheader' || :"
2026-08-02T07:59:05.3658535Z [command]/usr/bin/git config --local --name-only --get-regexp ^includeIf\.gitdir:
2026-08-02T07:59:05.3701220Z [command]/usr/bin/git submodule foreach --recursive git config --local --show-origin --name-only --get-regexp remote.origin.url
2026-08-02T07:59:05.3924812Z [command]/usr/bin/git config --local http.https://github.com/.extraheader AUTHORIZATION: basic ***
2026-08-02T07:59:05.3961919Z ##[endgroup]
2026-08-02T07:59:05.3962741Z ##[group]Fetching the repository
2026-08-02T07:59:05.3971874Z [command]/usr/bin/git -c protocol.version=2 fetch --no-tags --prune --no-recurse-submodules --depth=1 origin +c47cb33f590d9d95c25cfa386925954f49a5b0c0:refs/remotes/origin/main
2026-08-02T07:59:07.4845055Z From https://github.com/Eskasia/governseed
2026-08-02T07:59:07.4847541Z  * [new ref]         c47cb33f590d9d95c25cfa386925954f49a5b0c0 -> origin/main
2026-08-02T07:59:07.4885825Z ##[endgroup]
2026-08-02T07:59:07.4887526Z ##[group]Determining the checkout info
2026-08-02T07:59:07.4889537Z ##[endgroup]
2026-08-02T07:59:07.4896270Z [command]/usr/bin/git sparse-checkout disable
2026-08-02T07:59:07.4958063Z [command]/usr/bin/git config --local --unset-all extensions.worktreeConfig
2026-08-02T07:59:07.4991303Z ##[group]Checking out the ref
2026-08-02T07:59:07.4997078Z [command]/usr/bin/git checkout --progress --force -B main refs/remotes/origin/main
2026-08-02T07:59:07.7339278Z Switched to a new branch 'main'
2026-08-02T07:59:07.7356091Z branch 'main' set up to track 'origin/main'.
2026-08-02T07:59:07.7392960Z ##[endgroup]
2026-08-02T07:59:07.7440456Z [command]/usr/bin/git log -1 --format=%H
2026-08-02T07:59:07.7467725Z c47cb33f590d9d95c25cfa386925954f49a5b0c0
2026-08-02T07:59:07.7796761Z Node 20 is being deprecated. This workflow is running with Node 24 by default. If you need to temporarily use Node 20, you can set the ACTIONS_ALLOW_USE_UNSECURE_NODE_VERSION=true environment variable. For more information see: https://github.blog/changelog/2025-09-19-deprecation-of-node-20-on-github-actions-runners/
2026-08-02T07:59:07.7801912Z ##[group]Run actions/download-artifact@v4
2026-08-02T07:59:07.7803123Z with:
2026-08-02T07:59:07.7804606Z   name: external-oss-v8-dependency-cache-TASK-OSS-09
2026-08-02T07:59:07.7806190Z   path: /home/runner/work/_temp/v8-input/TASK-OSS-09
2026-08-02T07:59:07.7807554Z   merge-multiple: false
2026-08-02T07:59:07.7808633Z   repository: Eskasia/governseed
2026-08-02T07:59:07.7809802Z   run-id: 30738733647
2026-08-02T07:59:07.7810783Z env:
2026-08-02T07:59:07.7811715Z   BENCHMARK_ID: GS-OSS-2026-08-02-V8
2026-08-02T07:59:07.7812967Z   EVIDENCE_CLASS: external-observational
2026-08-02T07:59:07.7814475Z   V7_SOURCE_RUN_ID: 30732978684
2026-08-02T07:59:07.7815612Z ##[endgroup]
2026-08-02T07:59:07.9281087Z Downloading single artifact
2026-08-02T07:59:07.9473215Z (node:2238) [DEP0040] DeprecationWarning: The `punycode` module is deprecated. Please use a userland alternative instead.
2026-08-02T07:59:07.9476342Z (Use `node --trace-deprecation ...` to show where the warning was created)
2026-08-02T07:59:08.0184100Z Preparing to download the following artifacts:
2026-08-02T07:59:08.0186106Z - external-oss-v8-dependency-cache-TASK-OSS-09 (ID: 8830558393, Size: 622570172, Expected Digest: sha256:b4834164e81f5e6b67d64c5736c48f6608b7b100bb7ad09734646ae45567cc22)
2026-08-02T07:59:08.0946983Z Redirecting to blob download url: https://productionresultssa17.blob.core.windows.net/actions-results/3bc21622-9579-4935-b180-a268c7011cbd/workflow-job-run-dbc2a0ab-ca76-5466-8439-8c48100c4218/artifacts/dbfab857054e4a3754ff87d74e227fe7a74443e1410f9f0c2da7bdaa66e509e2.zip
2026-08-02T07:59:08.0950238Z Starting download of artifact to: /home/runner/work/_temp/v8-input/TASK-OSS-09
2026-08-02T07:59:08.3607974Z (node:2238) [DEP0005] DeprecationWarning: Buffer() is deprecated due to security and usability issues. Please use the Buffer.alloc(), Buffer.allocUnsafe(), or Buffer.from() methods instead.
2026-08-02T07:59:16.3242430Z SHA256 digest of downloaded artifact is b4834164e81f5e6b67d64c5736c48f6608b7b100bb7ad09734646ae45567cc22
2026-08-02T07:59:16.3243633Z Artifact download completed successfully.
2026-08-02T07:59:16.3244486Z Total of 1 artifact(s) downloaded
2026-08-02T07:59:16.3251557Z Download artifact has finished successfully
2026-08-02T07:59:16.3650023Z ##[group]Run set -euo pipefail
2026-08-02T07:59:16.3650513Z [36;1mset -euo pipefail[0m
2026-08-02T07:59:16.3650833Z [36;1minput="$RUNNER_TEMP/v8-input/$TASK_ID"[0m
2026-08-02T07:59:16.3651202Z [36;1mroot="$RUNNER_TEMP/v8-offline/$TASK_ID"[0m
2026-08-02T07:59:16.3651511Z [36;1mseed="$root/seed"[0m
2026-08-02T07:59:16.3651754Z [36;1mcache="$root/cache"[0m
2026-08-02T07:59:16.3652026Z [36;1mnegative_cache="$root/negative-cache"[0m
2026-08-02T07:59:16.3652322Z [36;1mharness="$root/harness"[0m
2026-08-02T07:59:16.3652605Z [36;1mout="$RUNNER_TEMP/v8-receipts/$TASK_ID"[0m
2026-08-02T07:59:16.3652998Z [36;1mmkdir -p "$seed" "$cache" "$negative_cache" "$harness" "$out"[0m
2026-08-02T07:59:16.3653402Z [36;1mtar -xzf "$input/seed.tgz" -C "$seed"[0m
2026-08-02T07:59:16.3653984Z [36;1mtar -xzf "$input/cache.tgz" -C "$cache"[0m
2026-08-02T07:59:16.3654316Z [36;1mchmod -R a-w "$cache"[0m
2026-08-02T07:59:16.3654626Z [36;1mcp -a "$cache/." "$negative_cache/"[0m
2026-08-02T07:59:16.3654964Z [36;1mchmod -R u+rwX "$negative_cache"[0m
2026-08-02T07:59:16.3655735Z [36;1mcase "$TASK_ID" in TASK-OSS-01) required_path=packages/cli/node_modules;; TASK-OSS-03) required_path=node_modules;; TASK-OSS-09) required_path=.venv/bin/python;; *) exit 2;; esac[0m
2026-08-02T07:59:16.3656910Z [36;1mtest -e "$negative_cache/$required_path" || test -L "$negative_cache/$required_path"[0m
2026-08-02T07:59:16.3657400Z [36;1mrm -rf "$negative_cache/$required_path"[0m
2026-08-02T07:59:16.3657741Z [36;1mtest ! -e "$negative_cache/$required_path"[0m
2026-08-02T07:59:16.3658077Z [36;1mtest ! -L "$negative_cache/$required_path"[0m
2026-08-02T07:59:16.3658396Z [36;1mchmod -R a-w "$negative_cache"[0m
2026-08-02T07:59:16.3659198Z [36;1mfor script in v8-runtime-contract.sh v8-offline-smoke.sh v8-container-wrapper.sh; do cp "benchmarks/external-oss-v8/tests/$script" "$harness/$script"; chmod 0555 "$harness/$script"; done[0m
2026-08-02T07:59:16.3660072Z [36;1mcp "$input/cache-roots.txt" "$harness/cache-roots.txt"[0m
2026-08-02T07:59:16.3660444Z [36;1mchmod 0444 "$harness/cache-roots.txt"[0m
2026-08-02T07:59:16.3660822Z [36;1mdocker load --input "$input/runtime-image.tgz" >/dev/null[0m
2026-08-02T07:59:16.3661281Z [36;1mruntime_tag="governseed-v7-runtime:$TASK_ID"[0m
2026-08-02T07:59:16.3661646Z [36;1mrun_container() {[0m
2026-08-02T07:59:16.3661982Z [36;1m  local name=$1 cache_source=$2 id_file=$3 output_file=$4[0m
2026-08-02T07:59:16.3662342Z [36;1m  docker create --name "$name" \[0m
2026-08-02T07:59:16.3662801Z [36;1m    --network none --read-only --cap-drop=ALL --security-opt no-new-privileges:true \[0m
2026-08-02T07:59:16.3663326Z [36;1m    --user 65532:65532 --pids-limit 256 --cpus 4 --memory 15g \[0m
2026-08-02T07:59:16.3664005Z [36;1m    --tmpfs "/workspace:rw,exec,nosuid,nodev,size=8g,uid=65532,gid=65532,mode=0750" \[0m
2026-08-02T07:59:16.3664509Z [36;1m    --mount "type=bind,src=$seed,dst=/seed,readonly" \[0m
2026-08-02T07:59:16.3664943Z [36;1m    --mount "type=bind,src=$cache_source,dst=/cache,readonly" \[0m
2026-08-02T07:59:16.3665383Z [36;1m    --mount "type=bind,src=$harness,dst=/harness,readonly" \[0m
2026-08-02T07:59:16.3665912Z [36;1m    --tmpfs "/home/benchmark:rw,noexec,nosuid,nodev,size=1g,uid=65532,gid=65532,mode=0700" \[0m
2026-08-02T07:59:16.3666520Z [36;1m    --tmpfs "/tmp:rw,noexec,nosuid,nodev,size=2g,uid=65532,gid=65532,mode=1770" \[0m
2026-08-02T07:59:16.3667195Z [36;1m    "$runtime_tag" /harness/v8-container-wrapper.sh v8-offline-smoke.sh "$TASK_ID" "$required_path" > "$id_file"[0m
2026-08-02T07:59:16.3667735Z [36;1m  local id[0m
2026-08-02T07:59:16.3667965Z [36;1m  id=$(tail -n 1 "$id_file")[0m
2026-08-02T07:59:16.3668368Z [36;1m  test "$(docker inspect "$id" --format '{{.HostConfig.NetworkMode}}')" = none[0m
2026-08-02T07:59:16.3668913Z [36;1m  test "$(docker inspect "$id" --format '{{.HostConfig.ReadonlyRootfs}}')" = true[0m
2026-08-02T07:59:16.3669594Z [36;1m  test "$(docker inspect "$id" --format '{{.Config.User}}')" = 65532:65532[0m
2026-08-02T07:59:16.3670133Z [36;1m  test "$(docker inspect "$id" --format '{{json .HostConfig.CapDrop}}')" = '["ALL"]'[0m
2026-08-02T07:59:16.3670760Z [36;1m  docker inspect "$id" --format '{{json .HostConfig.SecurityOpt}}' | grep -Fq no-new-privileges:true[0m
2026-08-02T07:59:16.3671374Z [36;1m  tmpfs_json=$(docker inspect "$id" --format '{{json .HostConfig.Tmpfs}}')[0m
2026-08-02T07:59:16.3671871Z [36;1m  TMPFS_JSON="$tmpfs_json" node --input-type=module - <<'NODE'[0m
2026-08-02T07:59:16.3672298Z [36;1m  const tmpfs = JSON.parse(process.env.TMPFS_JSON);[0m
2026-08-02T07:59:16.3672630Z [36;1m  const required = {[0m
2026-08-02T07:59:16.3673044Z [36;1m    '/workspace': ['rw', 'exec', 'nosuid', 'nodev', 'size=8g', 'uid=65532', 'gid=65532', 'mode=0750'],[0m
2026-08-02T07:59:16.3673679Z [36;1m    '/home/benchmark': ['rw', 'noexec', 'nosuid', 'nodev', 'size=1g', 'uid=65532', 'gid=65532', 'mode=0700'],[0m
2026-08-02T07:59:16.3674431Z [36;1m    '/tmp': ['rw', 'noexec', 'nosuid', 'nodev', 'size=2g', 'uid=65532', 'gid=65532', 'mode=1770'][0m
2026-08-02T07:59:16.3674841Z [36;1m  };[0m
2026-08-02T07:59:16.3675593Z [36;1m  const aliases = { 'size=8g': ['size=8g', 'size=8388608k'], 'size=1g': ['size=1g', 'size=1048576k'], 'size=2g': ['size=2g', 'size=2097152k'], 'mode=0750': ['mode=0750', 'mode=750'], 'mode=0700': ['mode=0700', 'mode=700'], 'mode=1770': ['mode=1770'] };[0m
2026-08-02T07:59:16.3676683Z [36;1m  for (const [destination, tokens] of Object.entries(required)) {[0m
2026-08-02T07:59:16.3677161Z [36;1m    const options = String(tmpfs[destination] || '').split(',');[0m
2026-08-02T07:59:16.3677868Z [36;1m    if (!options.length || tokens.some((token) => !(aliases[token] || [token]).some((candidate) => options.includes(candidate)))) process.exit(1);[0m
2026-08-02T07:59:16.3678629Z [36;1m    if (destination === '/workspace' && options.includes('noexec')) process.exit(1);[0m
2026-08-02T07:59:16.3679048Z [36;1m  }[0m
2026-08-02T07:59:16.3679241Z [36;1m  NODE[0m
2026-08-02T07:59:16.3679465Z [36;1m  docker start "$id" >/dev/null[0m
2026-08-02T07:59:16.3679808Z [36;1m  is_positive=false[0m
2026-08-02T07:59:16.3680187Z [36;1m  if test "$name" = "v8-${TASK_ID,,}-positive"; then is_positive=true; fi[0m
2026-08-02T07:59:16.3680591Z [36;1m  for attempt in $(seq 1 240); do[0m
2026-08-02T07:59:16.3680959Z [36;1m    running=$(docker inspect "$id" --format '{{.State.Running}}')[0m
2026-08-02T07:59:16.3681355Z [36;1m    test "$running" = true || break[0m
2026-08-02T07:59:16.3681898Z [36;1m    if test "$is_positive" = true && docker exec "$id" test -f /workspace/cache-receipt.json 2>/dev/null; then break; fi[0m
2026-08-02T07:59:16.3682427Z [36;1m    sleep 1[0m
2026-08-02T07:59:16.3682640Z [36;1m  done[0m
2026-08-02T07:59:16.3682947Z [36;1m  running=$(docker inspect "$id" --format '{{.State.Running}}')[0m
2026-08-02T07:59:16.3683382Z [36;1m  if test "$is_positive" = true && test "$running" = true; then[0m
2026-08-02T07:59:16.3685207Z [36;1m    for file in cache-receipt.json workspace-exec-receipt.json mountinfo.txt workspace-mount.txt cache-mount.txt home-mount.txt tmp-mount.txt vitest-resolved-path.txt vitest-symlink.txt vitest-version.txt runner-probe.txt python-version.txt pytest-version.txt libmagic-library-path.txt libmagic-database-path.txt libmagic-probe.txt; do[0m
2026-08-02T07:59:16.3686722Z [36;1m      docker exec "$id" cat "/workspace/$file" > "$out/$file" 2>/dev/null || true[0m
2026-08-02T07:59:16.3687115Z [36;1m    done[0m
2026-08-02T07:59:16.3687388Z [36;1m    docker exec "$id" sh -c ': > /workspace/.v8-release'[0m
2026-08-02T07:59:16.3687710Z [36;1m  fi[0m
2026-08-02T07:59:16.3687936Z [36;1m  for attempt in $(seq 1 30); do[0m
2026-08-02T07:59:16.3688309Z [36;1m    running=$(docker inspect "$id" --format '{{.State.Running}}')[0m
2026-08-02T07:59:16.3688692Z [36;1m    test "$running" = true || break[0m
2026-08-02T07:59:16.3688963Z [36;1m    sleep 1[0m
2026-08-02T07:59:16.3689166Z [36;1m  done[0m
2026-08-02T07:59:16.3689624Z [36;1m  rc=$(docker inspect "$id" --format '{{.State.ExitCode}}')[0m
2026-08-02T07:59:16.3690028Z [36;1m  docker logs "$id" > "$output_file" 2>&1 || true[0m
2026-08-02T07:59:16.3690357Z [36;1m  printf '%s\n' "$id" > "$id_file"[0m
2026-08-02T07:59:16.3690648Z [36;1m  docker rm -f "$id" >/dev/null[0m
2026-08-02T07:59:16.3690907Z [36;1m  return "$rc"[0m
2026-08-02T07:59:16.3691116Z [36;1m}[0m
2026-08-02T07:59:16.3691306Z [36;1mpositive_rc=0[0m
2026-08-02T07:59:16.3691813Z [36;1mrun_container "v8-${TASK_ID,,}-positive" "$cache" "$out/positive-container-id" "$out/positive-output" || positive_rc=$?[0m
2026-08-02T07:59:16.3692383Z [36;1mtest "$positive_rc" -eq 0[0m
2026-08-02T07:59:16.3692675Z [36;1mgrep -Fqx PASS "$out/positive-output"[0m
2026-08-02T07:59:16.3692970Z [36;1mnegative_rc=0[0m
2026-08-02T07:59:16.3693500Z [36;1mrun_container "v8-${TASK_ID,,}-negative" "$negative_cache" "$out/negative-container-id" "$out/negative-output" || negative_rc=$?[0m
2026-08-02T07:59:16.3694328Z [36;1mtest "$negative_rc" -eq 42[0m
2026-08-02T07:59:16.3694689Z [36;1mgrep -Fq DEPENDENCY_CACHE_INCOMPLETE "$out/negative-output"[0m
2026-08-02T07:59:16.3695081Z [36;1mtest -f "$out/cache-receipt.json"[0m
2026-08-02T07:59:16.3695810Z [36;1mnode --input-type=module - "$out/cache-receipt.json" "$input/cache-manifest.json" "$input/runtime-image-receipt.json" <<'NODE'[0m
2026-08-02T07:59:16.3696476Z [36;1mimport { readFileSync, writeFileSync } from 'node:fs';[0m
2026-08-02T07:59:16.3696915Z [36;1mconst [out, manifestPath, imagePath] = process.argv.slice(2);[0m
2026-08-02T07:59:16.3697354Z [36;1mconst receipt = JSON.parse(readFileSync(out, 'utf8'));[0m
2026-08-02T07:59:16.3697799Z [36;1mconst manifest = JSON.parse(readFileSync(manifestPath, 'utf8'));[0m
2026-08-02T07:59:16.3698264Z [36;1mconst image = JSON.parse(readFileSync(imagePath, 'utf8'));[0m
2026-08-02T07:59:16.3698625Z [36;1mObject.assign(receipt, {[0m
2026-08-02T07:59:16.3698909Z [36;1m  negativeCacheMissBlocked: true,[0m
2026-08-02T07:59:16.3699248Z [36;1m  negativeCode: 'DEPENDENCY_CACHE_INCOMPLETE',[0m
2026-08-02T07:59:16.3699573Z [36;1m  negativeExitCode: 42,[0m
2026-08-02T07:59:16.3699861Z [36;1m  cacheSha256: manifest.cacheSha256,[0m
2026-08-02T07:59:16.3700238Z [36;1m  runtimeImageArchiveSha256: image.imageArchiveSha256,[0m
2026-08-02T07:59:16.3700599Z [36;1m  runtimeImageId: image.imageId,[0m
2026-08-02T07:59:16.3700934Z [36;1m  runtimeImageBaseDigest: image.baseImageDigest,[0m
2026-08-02T07:59:16.3701279Z [36;1m  cacheReadOnlyObserved: true,[0m
2026-08-02T07:59:16.3701565Z [36;1m  readonlyRootObserved: true,[0m
2026-08-02T07:59:16.3701848Z [36;1m  nonRootObserved: true,[0m
2026-08-02T07:59:16.3702113Z [36;1m  measuredNetworkUsed: false,[0m
2026-08-02T07:59:16.3702390Z [36;1m  cacheBinaryCommitted: false,[0m
2026-08-02T07:59:16.3702668Z [36;1m  credentialIncluded: false,[0m
2026-08-02T07:59:16.3702933Z [36;1m  codexIncluded: false,[0m
2026-08-02T07:59:16.3703186Z [36;1m  hiddenOracleIncluded: false[0m
2026-08-02T07:59:16.3703445Z [36;1m});[0m
2026-08-02T07:59:16.3703880Z [36;1mwriteFileSync(out, JSON.stringify(receipt, null, 2) + '\n');[0m
2026-08-02T07:59:16.3704243Z [36;1mNODE[0m
2026-08-02T07:59:16.3704647Z [36;1mnode benchmarks/external-oss-v8/tests/v8-schema-validation.mjs "$out/cache-receipt.json"[0m
2026-08-02T07:59:16.3753545Z shell: /usr/bin/bash --noprofile --norc -e -o pipefail {0}
2026-08-02T07:59:16.3754122Z env:
2026-08-02T07:59:16.3754340Z   BENCHMARK_ID: GS-OSS-2026-08-02-V8
2026-08-02T07:59:16.3754633Z   EVIDENCE_CLASS: external-observational
2026-08-02T07:59:16.3754921Z   V7_SOURCE_RUN_ID: 30732978684
2026-08-02T07:59:16.3755165Z   TASK_ID: TASK-OSS-09
2026-08-02T07:59:16.3755381Z ##[endgroup]
2026-08-02T07:59:40.5585239Z /home/runner/work/_temp/b3ac3a9f-23f5-4569-be03-d643f90ebf8d.sh: line 122: syntax error: unexpected end of file
2026-08-02T07:59:40.5605879Z ##[error]Process completed with exit code 2.
2026-08-02T07:59:40.5689753Z Node 20 is being deprecated. This workflow is running with Node 24 by default. If you need to temporarily use Node 20, you can set the ACTIONS_ALLOW_USE_UNSECURE_NODE_VERSION=true environment variable. For more information see: https://github.blog/changelog/2025-09-19-deprecation-of-node-20-on-github-actions-runners/
2026-08-02T07:59:40.5691055Z ##[group]Run actions/upload-artifact@v4
2026-08-02T07:59:40.5691333Z with:
2026-08-02T07:59:40.5691558Z   name: external-oss-v8-receipt-TASK-OSS-09
2026-08-02T07:59:40.5691906Z   path: /home/runner/work/_temp/v8-receipts/TASK-OSS-09/
2026-08-02T07:59:40.5692230Z   if-no-files-found: ignore
2026-08-02T07:59:40.5692470Z   compression-level: 6
2026-08-02T07:59:40.5692682Z   overwrite: false
2026-08-02T07:59:40.5692897Z   include-hidden-files: false
2026-08-02T07:59:40.5693136Z env:
2026-08-02T07:59:40.5693323Z   BENCHMARK_ID: GS-OSS-2026-08-02-V8
2026-08-02T07:59:40.5693596Z   EVIDENCE_CLASS: external-observational
2026-08-02T07:59:40.5694195Z   V7_SOURCE_RUN_ID: 30732978684
2026-08-02T07:59:40.5694427Z ##[endgroup]
2026-08-02T07:59:40.7275562Z (node:2298) [DEP0040] DeprecationWarning: The `punycode` module is deprecated. Please use a userland alternative instead.
2026-08-02T07:59:40.7276439Z (Use `node --trace-deprecation ...` to show where the warning was created)
2026-08-02T07:59:40.7345781Z No files were found with the provided path: /home/runner/work/_temp/v8-receipts/TASK-OSS-09/. No artifacts will be uploaded.
2026-08-02T07:59:40.7546259Z Node 20 is being deprecated. This workflow is running with Node 24 by default. If you need to temporarily use Node 20, you can set the ACTIONS_ALLOW_USE_UNSECURE_NODE_VERSION=true environment variable. For more information see: https://github.blog/changelog/2025-09-19-deprecation-of-node-20-on-github-actions-runners/
2026-08-02T07:59:40.7547762Z Post job cleanup.
2026-08-02T07:59:40.8385930Z [command]/usr/bin/git version
2026-08-02T07:59:40.8427034Z git version 2.54.0
2026-08-02T07:59:40.8500957Z Temporarily overriding HOME='/home/runner/work/_temp/27cee889-63b0-4feb-9eed-8f7d525181cf' before making global git config changes
2026-08-02T07:59:40.8502478Z Adding repository directory to the temporary git global config as a safe directory
2026-08-02T07:59:40.8505724Z [command]/usr/bin/git config --global --add safe.directory /home/runner/work/governseed/governseed
2026-08-02T07:59:40.8545147Z [command]/usr/bin/git config --local --name-only --get-regexp core\.sshCommand
2026-08-02T07:59:40.8596819Z [command]/usr/bin/git submodule foreach --recursive sh -c "git config --local --name-only --get-regexp 'core\.sshCommand' && git config --local --unset-all 'core.sshCommand' || :"
2026-08-02T07:59:40.8849075Z [command]/usr/bin/git config --local --name-only --get-regexp http\.https\:\/\/github\.com\/\.extraheader
2026-08-02T07:59:40.8877606Z http.https://github.com/.extraheader
2026-08-02T07:59:40.8889858Z [command]/usr/bin/git config --local --unset-all http.https://github.com/.extraheader
2026-08-02T07:59:40.8923519Z [command]/usr/bin/git submodule foreach --recursive sh -c "git config --local --name-only --get-regexp 'http\.https\:\/\/github\.com\/\.extraheader' && git config --local --unset-all 'http.https://github.com/.extraheader' || :"
2026-08-02T07:59:40.9174336Z [command]/usr/bin/git config --local --name-only --get-regexp ^includeIf\.gitdir:
2026-08-02T07:59:40.9212246Z [command]/usr/bin/git submodule foreach --recursive git config --local --show-origin --name-only --get-regexp remote.origin.url
2026-08-02T07:59:40.9620736Z Cleaning up orphan processes
2026-08-02T07:59:40.9943380Z ##[warning]Node.js 20 is deprecated. The following actions target Node.js 20 but are being forced to run on Node.js 24: actions/checkout@v4, actions/download-artifact@v4, actions/upload-artifact@v4. For more information see: https://github.blog/changelog/2025-09-19-deprecation-of-node-20-on-github-actions-runners/
