2026-08-02T07:57:57.8735634Z Current runner version: '2.336.0'
2026-08-02T07:57:57.8770288Z ##[group]Runner Image Provisioner
2026-08-02T07:57:57.8771572Z Hosted Compute Agent
2026-08-02T07:57:57.8772455Z Version: 20260707.563
2026-08-02T07:57:57.8773413Z Commit: 02667638d2b423fbc733a8e32a88b44996a3ba6e
2026-08-02T07:57:57.8774545Z Build Date: 2026-07-07T19:33:50Z
2026-08-02T07:57:57.8775630Z Worker ID: {1f3dcecd-d6dc-4393-9002-0d298f01f958}
2026-08-02T07:57:57.8776667Z Azure Region: eastus2
2026-08-02T07:57:57.8777923Z ##[endgroup]
2026-08-02T07:57:57.8780047Z ##[group]Operating System
2026-08-02T07:57:57.8781151Z Ubuntu
2026-08-02T07:57:57.8781985Z 24.04.4
2026-08-02T07:57:57.8782738Z LTS
2026-08-02T07:57:57.8783591Z ##[endgroup]
2026-08-02T07:57:57.8784430Z ##[group]Runner Image
2026-08-02T07:57:57.8785411Z Image: ubuntu-24.04
2026-08-02T07:57:57.8786333Z Version: 20260720.247.2
2026-08-02T07:57:57.8788546Z Included Software: https://github.com/actions/runner-images/blob/ubuntu24/20260720.247/images/ubuntu/Ubuntu2404-Readme.md
2026-08-02T07:57:57.8790803Z Image Release: https://github.com/actions/runner-images/releases/tag/ubuntu24%2F20260720.247
2026-08-02T07:57:57.8792416Z ##[endgroup]
2026-08-02T07:57:57.8794333Z ##[group]GITHUB_TOKEN Permissions
2026-08-02T07:57:57.8797335Z Actions: read
2026-08-02T07:57:57.8798546Z Contents: read
2026-08-02T07:57:57.8799424Z Metadata: read
2026-08-02T07:57:57.8800786Z ##[endgroup]
2026-08-02T07:57:57.8804347Z Secret source: Actions
2026-08-02T07:57:57.8806611Z Prepare workflow directory
2026-08-02T07:57:57.9364481Z Prepare all required actions
2026-08-02T07:57:57.9435459Z Getting action download info
2026-08-02T07:57:58.1154173Z Download action repository 'actions/checkout@v4' (SHA:11d5960a326750d5838078e36cf38b85af677262)
2026-08-02T07:57:58.4451687Z Download action repository 'actions/download-artifact@v4' (SHA:d3f86a106a0bac45b974a628896c90dbdf5c8093)
2026-08-02T07:57:58.6427138Z Download action repository 'actions/upload-artifact@v4' (SHA:ea165f8d65b6e75b540449e92b4886f43607fa02)
2026-08-02T07:57:58.8664478Z Complete job name: Verify V8 workspace exec contract (TASK-OSS-01)
2026-08-02T07:57:58.9465760Z Node 20 is being deprecated. This workflow is running with Node 24 by default. If you need to temporarily use Node 20, you can set the ACTIONS_ALLOW_USE_UNSECURE_NODE_VERSION=true environment variable. For more information see: https://github.blog/changelog/2025-09-19-deprecation-of-node-20-on-github-actions-runners/
2026-08-02T07:57:58.9474742Z ##[group]Run actions/checkout@v4
2026-08-02T07:57:58.9475465Z with:
2026-08-02T07:57:58.9475906Z   fetch-depth: 1
2026-08-02T07:57:58.9476369Z   repository: Eskasia/governseed
2026-08-02T07:57:58.9480438Z   token: ***
2026-08-02T07:57:58.9480899Z   ssh-strict: true
2026-08-02T07:57:58.9481343Z   ssh-user: git
2026-08-02T07:57:58.9481788Z   persist-credentials: true
2026-08-02T07:57:58.9482285Z   clean: true
2026-08-02T07:57:58.9482745Z   sparse-checkout-cone-mode: true
2026-08-02T07:57:58.9483264Z   fetch-tags: false
2026-08-02T07:57:58.9483716Z   show-progress: true
2026-08-02T07:57:58.9484218Z   lfs: false
2026-08-02T07:57:58.9484781Z   submodules: false
2026-08-02T07:57:58.9485233Z   set-safe-directory: true
2026-08-02T07:57:58.9485738Z   allow-unsafe-pr-checkout: false
2026-08-02T07:57:58.9486483Z env:
2026-08-02T07:57:58.9486907Z   BENCHMARK_ID: GS-OSS-2026-08-02-V8
2026-08-02T07:57:58.9487705Z   EVIDENCE_CLASS: external-observational
2026-08-02T07:57:58.9488273Z   V7_SOURCE_RUN_ID: 30732978684
2026-08-02T07:57:58.9488758Z ##[endgroup]
2026-08-02T07:57:59.0583937Z Syncing repository: Eskasia/governseed
2026-08-02T07:57:59.0586094Z ##[group]Getting Git version info
2026-08-02T07:57:59.0586979Z Working directory is '/home/runner/work/governseed/governseed'
2026-08-02T07:57:59.0588356Z [command]/usr/bin/git version
2026-08-02T07:57:59.0637691Z git version 2.54.0
2026-08-02T07:57:59.0706803Z ##[endgroup]
2026-08-02T07:57:59.0719370Z Temporarily overriding HOME='/home/runner/work/_temp/53d834e8-d32f-4331-8589-9dcaa75fd56f' before making global git config changes
2026-08-02T07:57:59.0721535Z Adding repository directory to the temporary git global config as a safe directory
2026-08-02T07:57:59.0723299Z [command]/usr/bin/git config --global --add safe.directory /home/runner/work/governseed/governseed
2026-08-02T07:57:59.0785777Z Deleting the contents of '/home/runner/work/governseed/governseed'
2026-08-02T07:57:59.0790666Z ##[group]Initializing the repository
2026-08-02T07:57:59.0796243Z [command]/usr/bin/git init /home/runner/work/governseed/governseed
2026-08-02T07:57:59.0896776Z hint: Using 'master' as the name for the initial branch. This default branch name
2026-08-02T07:57:59.0899166Z hint: will change to "main" in Git 3.0. To configure the initial branch name
2026-08-02T07:57:59.0908452Z hint: to use in all of your new repositories, which will suppress this warning,
2026-08-02T07:57:59.0910033Z hint: call:
2026-08-02T07:57:59.0910932Z hint:
2026-08-02T07:57:59.0911973Z hint: 	git config --global init.defaultBranch <name>
2026-08-02T07:57:59.0913449Z hint:
2026-08-02T07:57:59.0914677Z hint: Names commonly chosen instead of 'master' are 'main', 'trunk' and
2026-08-02T07:57:59.0916249Z hint: 'development'. The just-created branch can be renamed via this command:
2026-08-02T07:57:59.0917643Z hint:
2026-08-02T07:57:59.0918310Z hint: 	git branch -m <name>
2026-08-02T07:57:59.0919049Z hint:
2026-08-02T07:57:59.0920034Z hint: Disable this message with "git config set advice.defaultBranchName false"
2026-08-02T07:57:59.0921682Z Initialized empty Git repository in /home/runner/work/governseed/governseed/.git/
2026-08-02T07:57:59.0924633Z [command]/usr/bin/git remote add origin https://github.com/Eskasia/governseed
2026-08-02T07:57:59.0979715Z ##[endgroup]
2026-08-02T07:57:59.0980917Z ##[group]Disabling automatic garbage collection
2026-08-02T07:57:59.0985674Z [command]/usr/bin/git config --local gc.auto 0
2026-08-02T07:57:59.1025975Z ##[endgroup]
2026-08-02T07:57:59.1028145Z ##[group]Setting up auth
2026-08-02T07:57:59.1035727Z [command]/usr/bin/git config --local --name-only --get-regexp core\.sshCommand
2026-08-02T07:57:59.1089443Z [command]/usr/bin/git submodule foreach --recursive sh -c "git config --local --name-only --get-regexp 'core\.sshCommand' && git config --local --unset-all 'core.sshCommand' || :"
2026-08-02T07:57:59.1484283Z [command]/usr/bin/git config --local --name-only --get-regexp http\.https\:\/\/github\.com\/\.extraheader
2026-08-02T07:57:59.1533665Z [command]/usr/bin/git submodule foreach --recursive sh -c "git config --local --name-only --get-regexp 'http\.https\:\/\/github\.com\/\.extraheader' && git config --local --unset-all 'http.https://github.com/.extraheader' || :"
2026-08-02T07:57:59.1800427Z [command]/usr/bin/git config --local --name-only --get-regexp ^includeIf\.gitdir:
2026-08-02T07:57:59.1844911Z [command]/usr/bin/git submodule foreach --recursive git config --local --show-origin --name-only --get-regexp remote.origin.url
2026-08-02T07:57:59.2101684Z [command]/usr/bin/git config --local http.https://github.com/.extraheader AUTHORIZATION: basic ***
2026-08-02T07:57:59.2148323Z ##[endgroup]
2026-08-02T07:57:59.2149275Z ##[group]Fetching the repository
2026-08-02T07:57:59.2159221Z [command]/usr/bin/git -c protocol.version=2 fetch --no-tags --prune --no-recurse-submodules --depth=1 origin +c47cb33f590d9d95c25cfa386925954f49a5b0c0:refs/remotes/origin/main
2026-08-02T07:58:01.6865968Z From https://github.com/Eskasia/governseed
2026-08-02T07:58:01.6866954Z  * [new ref]         c47cb33f590d9d95c25cfa386925954f49a5b0c0 -> origin/main
2026-08-02T07:58:01.6903467Z ##[endgroup]
2026-08-02T07:58:01.6904356Z ##[group]Determining the checkout info
2026-08-02T07:58:01.6905162Z ##[endgroup]
2026-08-02T07:58:01.6913002Z [command]/usr/bin/git sparse-checkout disable
2026-08-02T07:58:01.6969715Z [command]/usr/bin/git config --local --unset-all extensions.worktreeConfig
2026-08-02T07:58:01.7008266Z ##[group]Checking out the ref
2026-08-02T07:58:01.7013333Z [command]/usr/bin/git checkout --progress --force -B main refs/remotes/origin/main
2026-08-02T07:58:01.9505625Z Switched to a new branch 'main'
2026-08-02T07:58:01.9507011Z branch 'main' set up to track 'origin/main'.
2026-08-02T07:58:01.9558608Z ##[endgroup]
2026-08-02T07:58:01.9610547Z [command]/usr/bin/git log -1 --format=%H
2026-08-02T07:58:01.9643109Z c47cb33f590d9d95c25cfa386925954f49a5b0c0
2026-08-02T07:58:01.9909419Z Node 20 is being deprecated. This workflow is running with Node 24 by default. If you need to temporarily use Node 20, you can set the ACTIONS_ALLOW_USE_UNSECURE_NODE_VERSION=true environment variable. For more information see: https://github.blog/changelog/2025-09-19-deprecation-of-node-20-on-github-actions-runners/
2026-08-02T07:58:01.9911675Z ##[group]Run actions/download-artifact@v4
2026-08-02T07:58:01.9912028Z with:
2026-08-02T07:58:01.9912357Z   name: external-oss-v8-dependency-cache-TASK-OSS-01
2026-08-02T07:58:01.9912789Z   path: /home/runner/work/_temp/v8-input/TASK-OSS-01
2026-08-02T07:58:01.9913173Z   merge-multiple: false
2026-08-02T07:58:01.9913484Z   repository: Eskasia/governseed
2026-08-02T07:58:01.9913811Z   run-id: 30738733647
2026-08-02T07:58:01.9914078Z env:
2026-08-02T07:58:01.9914352Z   BENCHMARK_ID: GS-OSS-2026-08-02-V8
2026-08-02T07:58:01.9914701Z   EVIDENCE_CLASS: external-observational
2026-08-02T07:58:01.9915048Z   V7_SOURCE_RUN_ID: 30732978684
2026-08-02T07:58:01.9915414Z ##[endgroup]
2026-08-02T07:58:02.1520847Z Downloading single artifact
2026-08-02T07:58:02.1674522Z (node:2242) [DEP0040] DeprecationWarning: The `punycode` module is deprecated. Please use a userland alternative instead.
2026-08-02T07:58:02.1675450Z (Use `node --trace-deprecation ...` to show where the warning was created)
2026-08-02T07:58:02.2470110Z Preparing to download the following artifacts:
2026-08-02T07:58:02.2479785Z - external-oss-v8-dependency-cache-TASK-OSS-01 (ID: 8830555310, Size: 788484146, Expected Digest: sha256:e8055c2be3023d8392421ffd08fc16e5fae5de9d494912b0a843dc56b962d617)
2026-08-02T07:58:02.3388973Z Redirecting to blob download url: https://productionresultssa17.blob.core.windows.net/actions-results/3bc21622-9579-4935-b180-a268c7011cbd/workflow-job-run-74c052a9-851f-59dc-adb9-8761c117666c/artifacts/71a07b4dc0b4e2117b306a8da1fbbc5d3dcfb91b7213e8eaa3abc47d5f77e5d7.zip
2026-08-02T07:58:02.3391186Z Starting download of artifact to: /home/runner/work/_temp/v8-input/TASK-OSS-01
2026-08-02T07:58:02.4388644Z (node:2242) [DEP0005] DeprecationWarning: Buffer() is deprecated due to security and usability issues. Please use the Buffer.alloc(), Buffer.allocUnsafe(), or Buffer.from() methods instead.
2026-08-02T07:58:13.0938941Z SHA256 digest of downloaded artifact is e8055c2be3023d8392421ffd08fc16e5fae5de9d494912b0a843dc56b962d617
2026-08-02T07:58:13.0939876Z Artifact download completed successfully.
2026-08-02T07:58:13.0940581Z Total of 1 artifact(s) downloaded
2026-08-02T07:58:13.0948266Z Download artifact has finished successfully
2026-08-02T07:58:13.1143825Z ##[group]Run set -euo pipefail
2026-08-02T07:58:13.1144499Z [36;1mset -euo pipefail[0m
2026-08-02T07:58:13.1144990Z [36;1minput="$RUNNER_TEMP/v8-input/$TASK_ID"[0m
2026-08-02T07:58:13.1145604Z [36;1mroot="$RUNNER_TEMP/v8-contract/$TASK_ID"[0m
2026-08-02T07:58:13.1146113Z [36;1mseed="$root/seed"[0m
2026-08-02T07:58:13.1146512Z [36;1mcache="$root/cache"[0m
2026-08-02T07:58:13.1146923Z [36;1mharness="$root/harness"[0m
2026-08-02T07:58:13.1147656Z [36;1mout="$RUNNER_TEMP/v8-contract-receipts/$TASK_ID"[0m
2026-08-02T07:58:13.1148273Z [36;1mmkdir -p "$seed" "$cache" "$harness" "$out"[0m
2026-08-02T07:58:13.1148834Z [36;1mtar -xzf "$input/seed.tgz" -C "$seed"[0m
2026-08-02T07:58:13.1149364Z [36;1mtar -xzf "$input/cache.tgz" -C "$cache"[0m
2026-08-02T07:58:13.1149980Z [36;1mcp "$input/cache-roots.txt" "$harness/cache-roots.txt"[0m
2026-08-02T07:58:13.1150931Z [36;1mcp benchmarks/external-oss-v8/tests/v8-runtime-contract.sh "$harness/v8-runtime-contract.sh"[0m
2026-08-02T07:58:13.1152227Z [36;1mcp benchmarks/external-oss-v8/tests/v8-container-wrapper.sh "$harness/v8-container-wrapper.sh"[0m
2026-08-02T07:58:13.1153135Z [36;1mchmod 0555 "$harness/v8-runtime-contract.sh"[0m
2026-08-02T07:58:13.1153988Z [36;1mchmod 0555 "$harness/v8-container-wrapper.sh"[0m
2026-08-02T07:58:13.1154547Z [36;1mchmod 0444 "$harness/cache-roots.txt"[0m
2026-08-02T07:58:13.1155173Z [36;1mdocker load --input "$input/runtime-image.tgz" >/dev/null[0m
2026-08-02T07:58:13.1155847Z [36;1mruntime_tag="governseed-v7-runtime:$TASK_ID"[0m
2026-08-02T07:58:13.1156370Z [36;1mcontainer_id=[0m
2026-08-02T07:58:13.1157058Z [36;1mcleanup() { test -n "$container_id" && docker rm -f "$container_id" >/dev/null 2>&1 || true; }[0m
2026-08-02T07:58:13.1158004Z [36;1mtrap cleanup EXIT[0m
2026-08-02T07:58:13.1158495Z [36;1mdocker create --name "v8-${TASK_ID,,}-contract" \[0m
2026-08-02T07:58:13.1159320Z [36;1m  --network none --read-only --cap-drop=ALL --security-opt no-new-privileges:true \[0m
2026-08-02T07:58:13.1160248Z [36;1m  --user 65532:65532 --pids-limit 256 --cpus 4 --memory 15g \[0m
2026-08-02T07:58:13.1161091Z [36;1m  --tmpfs "/workspace:rw,exec,nosuid,nodev,size=8g,uid=65532,gid=65532,mode=0750" \[0m
2026-08-02T07:58:13.1161917Z [36;1m  --mount "type=bind,src=$seed,dst=/seed,readonly" \[0m
2026-08-02T07:58:13.1162590Z [36;1m  --mount "type=bind,src=$cache,dst=/cache,readonly" \[0m
2026-08-02T07:58:13.1163280Z [36;1m  --mount "type=bind,src=$harness,dst=/harness,readonly" \[0m
2026-08-02T07:58:13.1164167Z [36;1m  --tmpfs "/home/benchmark:rw,noexec,nosuid,nodev,size=1g,uid=65532,gid=65532,mode=0700" \[0m
2026-08-02T07:58:13.1165153Z [36;1m  --tmpfs "/tmp:rw,noexec,nosuid,nodev,size=2g,uid=65532,gid=65532,mode=1770" \[0m
2026-08-02T07:58:13.1166262Z [36;1m  "$runtime_tag" /harness/v8-container-wrapper.sh v8-runtime-contract.sh "$TASK_ID" > "$out/container-id"[0m
2026-08-02T07:58:13.1167212Z [36;1mcontainer_id=$(tail -n 1 "$out/container-id")[0m
2026-08-02T07:58:13.1168462Z [36;1mtest "$(docker inspect "$container_id" --format '{{.HostConfig.NetworkMode}}')" = none[0m
2026-08-02T07:58:13.1169516Z [36;1mtest "$(docker inspect "$container_id" --format '{{.HostConfig.ReadonlyRootfs}}')" = true[0m
2026-08-02T07:58:13.1170509Z [36;1mtest "$(docker inspect "$container_id" --format '{{.Config.User}}')" = 65532:65532[0m
2026-08-02T07:58:13.1171511Z [36;1mtest "$(docker inspect "$container_id" --format '{{json .HostConfig.CapDrop}}')" = '["ALL"]'[0m
2026-08-02T07:58:13.1172707Z [36;1mdocker inspect "$container_id" --format '{{json .HostConfig.SecurityOpt}}' | grep -Fq no-new-privileges:true[0m
2026-08-02T07:58:13.1173866Z [36;1mtmpfs_json=$(docker inspect "$container_id" --format '{{json .HostConfig.Tmpfs}}')[0m
2026-08-02T07:58:13.1174760Z [36;1mTMPFS_JSON="$tmpfs_json" node --input-type=module - <<'NODE'[0m
2026-08-02T07:58:13.1175468Z [36;1mconst tmpfs = JSON.parse(process.env.TMPFS_JSON);[0m
2026-08-02T07:58:13.1176024Z [36;1mconst required = {[0m
2026-08-02T07:58:13.1177036Z [36;1m  '/workspace': ['rw', 'exec', 'nosuid', 'nodev', 'size=8g', 'uid=65532', 'gid=65532', 'mode=0750'],[0m
2026-08-02T07:58:13.1178337Z [36;1m  '/home/benchmark': ['rw', 'noexec', 'nosuid', 'nodev', 'size=1g', 'uid=65532', 'gid=65532', 'mode=0700'],[0m
2026-08-02T07:58:13.1179381Z [36;1m  '/tmp': ['rw', 'noexec', 'nosuid', 'nodev', 'size=2g', 'uid=65532', 'gid=65532', 'mode=1770'][0m
2026-08-02T07:58:13.1180057Z [36;1m};[0m
2026-08-02T07:58:13.1181309Z [36;1mconst aliases = { 'size=8g': ['size=8g', 'size=8388608k'], 'size=1g': ['size=1g', 'size=1048576k'], 'size=2g': ['size=2g', 'size=2097152k'], 'mode=0750': ['mode=0750', 'mode=750'], 'mode=0700': ['mode=0700', 'mode=700'], 'mode=1770': ['mode=1770'] };[0m
2026-08-02T07:58:13.1182881Z [36;1mfor (const [destination, tokens] of Object.entries(required)) {[0m
2026-08-02T07:58:13.1183651Z [36;1m  const options = String(tmpfs[destination] || '').split(',');[0m
2026-08-02T07:58:13.1184854Z [36;1m  if (!options.length || tokens.some((token) => !(aliases[token] || [token]).some((candidate) => options.includes(candidate)))) process.exit(1);[0m
2026-08-02T07:58:13.1186109Z [36;1m  if (destination === '/workspace' && options.includes('noexec')) process.exit(1);[0m
2026-08-02T07:58:13.1186988Z [36;1m}[0m
2026-08-02T07:58:13.1187298Z [36;1mNODE[0m
2026-08-02T07:58:13.1187987Z [36;1mfor spec in '/seed false' '/cache false' '/harness false'; do[0m
2026-08-02T07:58:13.1188668Z [36;1m  destination=${spec% *}; expected_rw=${spec#* }[0m
2026-08-02T07:58:13.1189711Z [36;1m  count=$(docker inspect "$container_id" --format '{{range .Mounts}}{{println .Destination}}{{end}}' | grep -Fxc "$destination")[0m
2026-08-02T07:58:13.1190674Z [36;1m  test "$count" -eq 1[0m
2026-08-02T07:58:13.1191598Z [36;1m  actual_rw=$(docker inspect "$container_id" --format '{{range .Mounts}}{{if eq .Destination "'"$destination"'"}}{{.RW}}{{end}}{{end}}')[0m
2026-08-02T07:58:13.1192603Z [36;1m  test "$actual_rw" = "$expected_rw"[0m
2026-08-02T07:58:13.1193091Z [36;1mdone[0m
2026-08-02T07:58:13.1193481Z [36;1mdocker start "$container_id" >/dev/null[0m
2026-08-02T07:58:13.1194048Z [36;1mfor attempt in $(seq 1 180); do[0m
2026-08-02T07:58:13.1194880Z [36;1m  running=$(docker inspect "$container_id" --format '{{.State.Running}}')[0m
2026-08-02T07:58:13.1195578Z [36;1m  test "$running" = true || break[0m
2026-08-02T07:58:13.1196470Z [36;1m  if docker exec "$container_id" test -f /workspace/workspace-exec-receipt.json 2>/dev/null; then break; fi[0m
2026-08-02T07:58:13.1197328Z [36;1m  sleep 1[0m
2026-08-02T07:58:13.1197921Z [36;1mdone[0m
2026-08-02T07:58:13.1198475Z [36;1mrunning=$(docker inspect "$container_id" --format '{{.State.Running}}')[0m
2026-08-02T07:58:13.1199174Z [36;1mif test "$running" = true; then[0m
2026-08-02T07:58:13.1201410Z [36;1m  for file in workspace-exec-receipt.json mountinfo.txt workspace-mount.txt cache-mount.txt home-mount.txt tmp-mount.txt vitest-resolved-path.txt vitest-symlink.txt vitest-version.txt runner-probe.txt python-version.txt pytest-version.txt libmagic-library-path.txt libmagic-database-path.txt libmagic-probe.txt; do[0m
2026-08-02T07:58:13.1203890Z [36;1m    docker exec "$container_id" cat "/workspace/$file" > "$out/$file" 2>/dev/null || true[0m
2026-08-02T07:58:13.1204617Z [36;1m  done[0m
2026-08-02T07:58:13.1205133Z [36;1m  docker exec "$container_id" sh -c ': > /workspace/.v8-release'[0m
2026-08-02T07:58:13.1205733Z [36;1mfi[0m
2026-08-02T07:58:13.1206071Z [36;1mfor attempt in $(seq 1 30); do[0m
2026-08-02T07:58:13.1206727Z [36;1m  running=$(docker inspect "$container_id" --format '{{.State.Running}}')[0m
2026-08-02T07:58:13.1207625Z [36;1m  test "$running" = true || break[0m
2026-08-02T07:58:13.1208081Z [36;1m  sleep 1[0m
2026-08-02T07:58:13.1208417Z [36;1mdone[0m
2026-08-02T07:58:13.1208924Z [36;1mrc=$(docker inspect "$container_id" --format '{{.State.ExitCode}}')[0m
2026-08-02T07:58:13.1209719Z [36;1mdocker logs "$container_id" > "$out/container-output" 2>&1 || true[0m
2026-08-02T07:58:13.1210555Z [36;1mtest "$rc" -eq 0[0m
2026-08-02T07:58:13.1211012Z [36;1mtest -f "$out/workspace-exec-receipt.json"[0m
2026-08-02T07:58:13.1211567Z [36;1mdocker rm -f "$container_id" >/dev/null[0m
2026-08-02T07:58:13.1212051Z [36;1mcontainer_id=[0m
2026-08-02T07:58:13.1282561Z shell: /usr/bin/bash --noprofile --norc -e -o pipefail {0}
2026-08-02T07:58:13.1283116Z env:
2026-08-02T07:58:13.1283476Z   BENCHMARK_ID: GS-OSS-2026-08-02-V8
2026-08-02T07:58:13.1283934Z   EVIDENCE_CLASS: external-observational
2026-08-02T07:58:13.1284280Z   V7_SOURCE_RUN_ID: 30732978684
2026-08-02T07:58:13.1284547Z   TASK_ID: TASK-OSS-01
2026-08-02T07:58:13.1284789Z ##[endgroup]
2026-08-02T07:58:57.2033120Z Node 20 is being deprecated. This workflow is running with Node 24 by default. If you need to temporarily use Node 20, you can set the ACTIONS_ALLOW_USE_UNSECURE_NODE_VERSION=true environment variable. For more information see: https://github.blog/changelog/2025-09-19-deprecation-of-node-20-on-github-actions-runners/
2026-08-02T07:58:57.2034360Z ##[group]Run actions/upload-artifact@v4
2026-08-02T07:58:57.2034651Z with:
2026-08-02T07:58:57.2034917Z   name: external-oss-v8-workspace-exec-TASK-OSS-01
2026-08-02T07:58:57.2035513Z   path: /home/runner/work/_temp/v8-contract-receipts/TASK-OSS-01/
2026-08-02T07:58:57.2035879Z   if-no-files-found: ignore
2026-08-02T07:58:57.2036130Z   compression-level: 6
2026-08-02T07:58:57.2036358Z   overwrite: false
2026-08-02T07:58:57.2036585Z   include-hidden-files: false
2026-08-02T07:58:57.2036835Z env:
2026-08-02T07:58:57.2037049Z   BENCHMARK_ID: GS-OSS-2026-08-02-V8
2026-08-02T07:58:57.2037339Z   EVIDENCE_CLASS: external-observational
2026-08-02T07:58:57.2037928Z   V7_SOURCE_RUN_ID: 30732978684
2026-08-02T07:58:57.2038185Z ##[endgroup]
2026-08-02T07:58:57.3801702Z (node:3377) [DEP0040] DeprecationWarning: The `punycode` module is deprecated. Please use a userland alternative instead.
2026-08-02T07:58:57.3802581Z (Use `node --trace-deprecation ...` to show where the warning was created)
2026-08-02T07:58:57.3889267Z With the provided path, there will be 17 files uploaded
2026-08-02T07:58:57.3894442Z Artifact name is valid!
2026-08-02T07:58:57.3895498Z Root directory input is valid!
2026-08-02T07:58:57.5678297Z Beginning upload of artifact content to blob storage
2026-08-02T07:58:57.6066461Z (node:3377) [DEP0169] DeprecationWarning: `url.parse()` behavior is not standardized and prone to errors that have security implications. Use the WHATWG URL API instead. CVEs are not issued for `url.parse()` vulnerabilities.
2026-08-02T07:58:57.6293475Z Uploaded bytes 4220
2026-08-02T07:58:57.6425018Z Finished uploading artifact content to blob storage!
2026-08-02T07:58:57.6426443Z SHA256 digest of uploaded artifact zip is 8166029de1cd2ae4a31d3b75ee5288d6da845db62cd8001b6b3d6b47b9edc757
2026-08-02T07:58:57.6427915Z Finalizing artifact upload
2026-08-02T07:58:57.7845789Z Artifact external-oss-v8-workspace-exec-TASK-OSS-01.zip successfully finalized. Artifact ID 8830571598
2026-08-02T07:58:57.7847344Z Artifact external-oss-v8-workspace-exec-TASK-OSS-01 has been successfully uploaded! Final size is 4220 bytes. Artifact ID is 8830571598
2026-08-02T07:58:57.7854823Z Artifact download URL: https://github.com/Eskasia/governseed/actions/runs/30738733647/artifacts/8830571598
2026-08-02T07:58:57.8056538Z Node 20 is being deprecated. This workflow is running with Node 24 by default. If you need to temporarily use Node 20, you can set the ACTIONS_ALLOW_USE_UNSECURE_NODE_VERSION=true environment variable. For more information see: https://github.blog/changelog/2025-09-19-deprecation-of-node-20-on-github-actions-runners/
2026-08-02T07:58:57.8057930Z Post job cleanup.
2026-08-02T07:58:57.8951589Z [command]/usr/bin/git version
2026-08-02T07:58:57.8997025Z git version 2.54.0
2026-08-02T07:58:57.9070340Z Temporarily overriding HOME='/home/runner/work/_temp/58880f32-edfd-4ede-81de-659f5754721b' before making global git config changes
2026-08-02T07:58:57.9071661Z Adding repository directory to the temporary git global config as a safe directory
2026-08-02T07:58:57.9076166Z [command]/usr/bin/git config --global --add safe.directory /home/runner/work/governseed/governseed
2026-08-02T07:58:57.9124889Z [command]/usr/bin/git config --local --name-only --get-regexp core\.sshCommand
2026-08-02T07:58:57.9168437Z [command]/usr/bin/git submodule foreach --recursive sh -c "git config --local --name-only --get-regexp 'core\.sshCommand' && git config --local --unset-all 'core.sshCommand' || :"
2026-08-02T07:58:57.9452638Z [command]/usr/bin/git config --local --name-only --get-regexp http\.https\:\/\/github\.com\/\.extraheader
2026-08-02T07:58:57.9488551Z http.https://github.com/.extraheader
2026-08-02T07:58:57.9504234Z [command]/usr/bin/git config --local --unset-all http.https://github.com/.extraheader
2026-08-02T07:58:57.9545310Z [command]/usr/bin/git submodule foreach --recursive sh -c "git config --local --name-only --get-regexp 'http\.https\:\/\/github\.com\/\.extraheader' && git config --local --unset-all 'http.https://github.com/.extraheader' || :"
2026-08-02T07:58:57.9825747Z [command]/usr/bin/git config --local --name-only --get-regexp ^includeIf\.gitdir:
2026-08-02T07:58:57.9872343Z [command]/usr/bin/git submodule foreach --recursive git config --local --show-origin --name-only --get-regexp remote.origin.url
2026-08-02T07:58:58.0318567Z Cleaning up orphan processes
2026-08-02T07:58:58.0709023Z ##[warning]Node.js 20 is deprecated. The following actions target Node.js 20 but are being forced to run on Node.js 24: actions/checkout@v4, actions/download-artifact@v4, actions/upload-artifact@v4. For more information see: https://github.blog/changelog/2025-09-19-deprecation-of-node-20-on-github-actions-runners/
