2026-08-02T07:59:05.1992906Z Current runner version: '2.336.0'
2026-08-02T07:59:05.2040971Z ##[group]Runner Image Provisioner
2026-08-02T07:59:05.2041973Z Hosted Compute Agent
2026-08-02T07:59:05.2042582Z Version: 20260707.563
2026-08-02T07:59:05.2043184Z Commit: 02667638d2b423fbc733a8e32a88b44996a3ba6e
2026-08-02T07:59:05.2043969Z Build Date: 2026-07-07T19:33:50Z
2026-08-02T07:59:05.2044663Z Worker ID: {941249bb-c1fe-4c0e-9e51-252e5ab42761}
2026-08-02T07:59:05.2045354Z Azure Region: westus
2026-08-02T07:59:05.2045966Z ##[endgroup]
2026-08-02T07:59:05.2047701Z ##[group]Operating System
2026-08-02T07:59:05.2048905Z Ubuntu
2026-08-02T07:59:05.2049468Z 24.04.4
2026-08-02T07:59:05.2049961Z LTS
2026-08-02T07:59:05.2050517Z ##[endgroup]
2026-08-02T07:59:05.2051060Z ##[group]Runner Image
2026-08-02T07:59:05.2051664Z Image: ubuntu-24.04
2026-08-02T07:59:05.2052292Z Version: 20260720.247.2
2026-08-02T07:59:05.2053481Z Included Software: https://github.com/actions/runner-images/blob/ubuntu24/20260720.247/images/ubuntu/Ubuntu2404-Readme.md
2026-08-02T07:59:05.2055065Z Image Release: https://github.com/actions/runner-images/releases/tag/ubuntu24%2F20260720.247
2026-08-02T07:59:05.2056043Z ##[endgroup]
2026-08-02T07:59:05.2057247Z ##[group]GITHUB_TOKEN Permissions
2026-08-02T07:59:05.2059507Z Actions: read
2026-08-02T07:59:05.2060212Z Contents: read
2026-08-02T07:59:05.2060757Z Metadata: read
2026-08-02T07:59:05.2061592Z ##[endgroup]
2026-08-02T07:59:05.2063752Z Secret source: Actions
2026-08-02T07:59:05.2065108Z Prepare workflow directory
2026-08-02T07:59:05.2472426Z Prepare all required actions
2026-08-02T07:59:05.2523613Z Getting action download info
2026-08-02T07:59:05.5944962Z Download action repository 'actions/checkout@v4' (SHA:11d5960a326750d5838078e36cf38b85af677262)
2026-08-02T07:59:06.0375971Z Download action repository 'actions/download-artifact@v4' (SHA:d3f86a106a0bac45b974a628896c90dbdf5c8093)
2026-08-02T07:59:06.4324823Z Download action repository 'actions/upload-artifact@v4' (SHA:ea165f8d65b6e75b540449e92b4886f43607fa02)
2026-08-02T07:59:06.6449862Z Complete job name: Verify V8 cache offline (TASK-OSS-01)
2026-08-02T07:59:06.7258593Z Node 20 is being deprecated. This workflow is running with Node 24 by default. If you need to temporarily use Node 20, you can set the ACTIONS_ALLOW_USE_UNSECURE_NODE_VERSION=true environment variable. For more information see: https://github.blog/changelog/2025-09-19-deprecation-of-node-20-on-github-actions-runners/
2026-08-02T07:59:06.7267408Z ##[group]Run actions/checkout@v4
2026-08-02T07:59:06.7268453Z with:
2026-08-02T07:59:06.7268932Z   fetch-depth: 1
2026-08-02T07:59:06.7269425Z   repository: Eskasia/governseed
2026-08-02T07:59:06.7273585Z   token: ***
2026-08-02T07:59:06.7274042Z   ssh-strict: true
2026-08-02T07:59:06.7274501Z   ssh-user: git
2026-08-02T07:59:06.7274972Z   persist-credentials: true
2026-08-02T07:59:06.7275486Z   clean: true
2026-08-02T07:59:06.7275945Z   sparse-checkout-cone-mode: true
2026-08-02T07:59:06.7276488Z   fetch-tags: false
2026-08-02T07:59:06.7276956Z   show-progress: true
2026-08-02T07:59:06.7277456Z   lfs: false
2026-08-02T07:59:06.7277919Z   submodules: false
2026-08-02T07:59:06.7278537Z   set-safe-directory: true
2026-08-02T07:59:06.7279071Z   allow-unsafe-pr-checkout: false
2026-08-02T07:59:06.7279902Z env:
2026-08-02T07:59:06.7280412Z   BENCHMARK_ID: GS-OSS-2026-08-02-V8
2026-08-02T07:59:06.7281013Z   EVIDENCE_CLASS: external-observational
2026-08-02T07:59:06.7281603Z   V7_SOURCE_RUN_ID: 30732978684
2026-08-02T07:59:06.7282108Z ##[endgroup]
2026-08-02T07:59:06.8268712Z Syncing repository: Eskasia/governseed
2026-08-02T07:59:06.8270805Z ##[group]Getting Git version info
2026-08-02T07:59:06.8271737Z Working directory is '/home/runner/work/governseed/governseed'
2026-08-02T07:59:06.8295238Z [command]/usr/bin/git version
2026-08-02T07:59:06.8414736Z git version 2.54.0
2026-08-02T07:59:06.8472975Z ##[endgroup]
2026-08-02T07:59:06.8490426Z Temporarily overriding HOME='/home/runner/work/_temp/d17d142a-835a-408b-90d5-55ef84b4c62b' before making global git config changes
2026-08-02T07:59:06.8493723Z Adding repository directory to the temporary git global config as a safe directory
2026-08-02T07:59:06.8496516Z [command]/usr/bin/git config --global --add safe.directory /home/runner/work/governseed/governseed
2026-08-02T07:59:06.8554838Z Deleting the contents of '/home/runner/work/governseed/governseed'
2026-08-02T07:59:06.8559735Z ##[group]Initializing the repository
2026-08-02T07:59:06.8565248Z [command]/usr/bin/git init /home/runner/work/governseed/governseed
2026-08-02T07:59:06.8683269Z hint: Using 'master' as the name for the initial branch. This default branch name
2026-08-02T07:59:06.8684822Z hint: will change to "main" in Git 3.0. To configure the initial branch name
2026-08-02T07:59:06.8685994Z hint: to use in all of your new repositories, which will suppress this warning,
2026-08-02T07:59:06.8686908Z hint: call:
2026-08-02T07:59:06.8687360Z hint:
2026-08-02T07:59:06.8687959Z hint: 	git config --global init.defaultBranch <name>
2026-08-02T07:59:06.8689016Z hint:
2026-08-02T07:59:06.8689747Z hint: Names commonly chosen instead of 'master' are 'main', 'trunk' and
2026-08-02T07:59:06.8690888Z hint: 'development'. The just-created branch can be renamed via this command:
2026-08-02T07:59:06.8691809Z hint:
2026-08-02T07:59:06.8692299Z hint: 	git branch -m <name>
2026-08-02T07:59:06.8692853Z hint:
2026-08-02T07:59:06.8693573Z hint: Disable this message with "git config set advice.defaultBranchName false"
2026-08-02T07:59:06.8699492Z Initialized empty Git repository in /home/runner/work/governseed/governseed/.git/
2026-08-02T07:59:06.8710653Z [command]/usr/bin/git remote add origin https://github.com/Eskasia/governseed
2026-08-02T07:59:06.8760073Z ##[endgroup]
2026-08-02T07:59:06.8761606Z ##[group]Disabling automatic garbage collection
2026-08-02T07:59:06.8765051Z [command]/usr/bin/git config --local gc.auto 0
2026-08-02T07:59:06.8797162Z ##[endgroup]
2026-08-02T07:59:06.8798679Z ##[group]Setting up auth
2026-08-02T07:59:06.8805593Z [command]/usr/bin/git config --local --name-only --get-regexp core\.sshCommand
2026-08-02T07:59:06.8847404Z [command]/usr/bin/git submodule foreach --recursive sh -c "git config --local --name-only --get-regexp 'core\.sshCommand' && git config --local --unset-all 'core.sshCommand' || :"
2026-08-02T07:59:06.9230615Z [command]/usr/bin/git config --local --name-only --get-regexp http\.https\:\/\/github\.com\/\.extraheader
2026-08-02T07:59:06.9268772Z [command]/usr/bin/git submodule foreach --recursive sh -c "git config --local --name-only --get-regexp 'http\.https\:\/\/github\.com\/\.extraheader' && git config --local --unset-all 'http.https://github.com/.extraheader' || :"
2026-08-02T07:59:06.9493705Z [command]/usr/bin/git config --local --name-only --get-regexp ^includeIf\.gitdir:
2026-08-02T07:59:06.9533201Z [command]/usr/bin/git submodule foreach --recursive git config --local --show-origin --name-only --get-regexp remote.origin.url
2026-08-02T07:59:06.9759739Z [command]/usr/bin/git config --local http.https://github.com/.extraheader AUTHORIZATION: basic ***
2026-08-02T07:59:06.9799519Z ##[endgroup]
2026-08-02T07:59:06.9801205Z ##[group]Fetching the repository
2026-08-02T07:59:06.9812758Z [command]/usr/bin/git -c protocol.version=2 fetch --no-tags --prune --no-recurse-submodules --depth=1 origin +c47cb33f590d9d95c25cfa386925954f49a5b0c0:refs/remotes/origin/main
2026-08-02T07:59:09.8272331Z From https://github.com/Eskasia/governseed
2026-08-02T07:59:09.8275174Z  * [new ref]         c47cb33f590d9d95c25cfa386925954f49a5b0c0 -> origin/main
2026-08-02T07:59:09.8307634Z ##[endgroup]
2026-08-02T07:59:09.8309852Z ##[group]Determining the checkout info
2026-08-02T07:59:09.8312110Z ##[endgroup]
2026-08-02T07:59:09.8317467Z [command]/usr/bin/git sparse-checkout disable
2026-08-02T07:59:09.8366793Z [command]/usr/bin/git config --local --unset-all extensions.worktreeConfig
2026-08-02T07:59:09.8402848Z ##[group]Checking out the ref
2026-08-02T07:59:09.8404401Z [command]/usr/bin/git checkout --progress --force -B main refs/remotes/origin/main
2026-08-02T07:59:10.0741787Z Switched to a new branch 'main'
2026-08-02T07:59:10.0743816Z branch 'main' set up to track 'origin/main'.
2026-08-02T07:59:10.0796575Z ##[endgroup]
2026-08-02T07:59:10.0843153Z [command]/usr/bin/git log -1 --format=%H
2026-08-02T07:59:10.0870873Z c47cb33f590d9d95c25cfa386925954f49a5b0c0
2026-08-02T07:59:10.1205242Z Node 20 is being deprecated. This workflow is running with Node 24 by default. If you need to temporarily use Node 20, you can set the ACTIONS_ALLOW_USE_UNSECURE_NODE_VERSION=true environment variable. For more information see: https://github.blog/changelog/2025-09-19-deprecation-of-node-20-on-github-actions-runners/
2026-08-02T07:59:10.1211318Z ##[group]Run actions/download-artifact@v4
2026-08-02T07:59:10.1212482Z with:
2026-08-02T07:59:10.1213482Z   name: external-oss-v8-dependency-cache-TASK-OSS-01
2026-08-02T07:59:10.1214992Z   path: /home/runner/work/_temp/v8-input/TASK-OSS-01
2026-08-02T07:59:10.1216299Z   merge-multiple: false
2026-08-02T07:59:10.1217259Z   repository: Eskasia/governseed
2026-08-02T07:59:10.1218505Z   run-id: 30738733647
2026-08-02T07:59:10.1219379Z env:
2026-08-02T07:59:10.1220191Z   BENCHMARK_ID: GS-OSS-2026-08-02-V8
2026-08-02T07:59:10.1221369Z   EVIDENCE_CLASS: external-observational
2026-08-02T07:59:10.1222533Z   V7_SOURCE_RUN_ID: 30732978684
2026-08-02T07:59:10.1223546Z ##[endgroup]
2026-08-02T07:59:10.2759530Z Downloading single artifact
2026-08-02T07:59:10.2921731Z (node:2261) [DEP0040] DeprecationWarning: The `punycode` module is deprecated. Please use a userland alternative instead.
2026-08-02T07:59:10.2923706Z (Use `node --trace-deprecation ...` to show where the warning was created)
2026-08-02T07:59:10.5527126Z Preparing to download the following artifacts:
2026-08-02T07:59:10.5528957Z - external-oss-v8-dependency-cache-TASK-OSS-01 (ID: 8830555310, Size: 788484146, Expected Digest: sha256:e8055c2be3023d8392421ffd08fc16e5fae5de9d494912b0a843dc56b962d617)
2026-08-02T07:59:10.7532704Z Redirecting to blob download url: https://productionresultssa17.blob.core.windows.net/actions-results/3bc21622-9579-4935-b180-a268c7011cbd/workflow-job-run-74c052a9-851f-59dc-adb9-8761c117666c/artifacts/71a07b4dc0b4e2117b306a8da1fbbc5d3dcfb91b7213e8eaa3abc47d5f77e5d7.zip
2026-08-02T07:59:10.7535405Z Starting download of artifact to: /home/runner/work/_temp/v8-input/TASK-OSS-01
2026-08-02T07:59:11.1101660Z (node:2261) [DEP0005] DeprecationWarning: Buffer() is deprecated due to security and usability issues. Please use the Buffer.alloc(), Buffer.allocUnsafe(), or Buffer.from() methods instead.
2026-08-02T07:59:30.1952424Z SHA256 digest of downloaded artifact is e8055c2be3023d8392421ffd08fc16e5fae5de9d494912b0a843dc56b962d617
2026-08-02T07:59:30.1953042Z Artifact download completed successfully.
2026-08-02T07:59:30.1953369Z Total of 1 artifact(s) downloaded
2026-08-02T07:59:30.1961380Z Download artifact has finished successfully
2026-08-02T07:59:30.2124381Z ##[group]Run set -euo pipefail
2026-08-02T07:59:30.2124821Z [36;1mset -euo pipefail[0m
2026-08-02T07:59:30.2125116Z [36;1minput="$RUNNER_TEMP/v8-input/$TASK_ID"[0m
2026-08-02T07:59:30.2125474Z [36;1mroot="$RUNNER_TEMP/v8-offline/$TASK_ID"[0m
2026-08-02T07:59:30.2125784Z [36;1mseed="$root/seed"[0m
2026-08-02T07:59:30.2126025Z [36;1mcache="$root/cache"[0m
2026-08-02T07:59:30.2126288Z [36;1mnegative_cache="$root/negative-cache"[0m
2026-08-02T07:59:30.2126585Z [36;1mharness="$root/harness"[0m
2026-08-02T07:59:30.2126861Z [36;1mout="$RUNNER_TEMP/v8-receipts/$TASK_ID"[0m
2026-08-02T07:59:30.2127240Z [36;1mmkdir -p "$seed" "$cache" "$negative_cache" "$harness" "$out"[0m
2026-08-02T07:59:30.2127625Z [36;1mtar -xzf "$input/seed.tgz" -C "$seed"[0m
2026-08-02T07:59:30.2127935Z [36;1mtar -xzf "$input/cache.tgz" -C "$cache"[0m
2026-08-02T07:59:30.2128613Z [36;1mchmod -R a-w "$cache"[0m
2026-08-02T07:59:30.2128880Z [36;1mcp -a "$cache/." "$negative_cache/"[0m
2026-08-02T07:59:30.2129207Z [36;1mchmod -R u+rwX "$negative_cache"[0m
2026-08-02T07:59:30.2129979Z [36;1mcase "$TASK_ID" in TASK-OSS-01) required_path=packages/cli/node_modules;; TASK-OSS-03) required_path=node_modules;; TASK-OSS-09) required_path=.venv/bin/python;; *) exit 2;; esac[0m
2026-08-02T07:59:30.2131098Z [36;1mtest -e "$negative_cache/$required_path" || test -L "$negative_cache/$required_path"[0m
2026-08-02T07:59:30.2131579Z [36;1mrm -rf "$negative_cache/$required_path"[0m
2026-08-02T07:59:30.2131918Z [36;1mtest ! -e "$negative_cache/$required_path"[0m
2026-08-02T07:59:30.2132274Z [36;1mtest ! -L "$negative_cache/$required_path"[0m
2026-08-02T07:59:30.2132589Z [36;1mchmod -R a-w "$negative_cache"[0m
2026-08-02T07:59:30.2133388Z [36;1mfor script in v8-runtime-contract.sh v8-offline-smoke.sh v8-container-wrapper.sh; do cp "benchmarks/external-oss-v8/tests/$script" "$harness/$script"; chmod 0555 "$harness/$script"; done[0m
2026-08-02T07:59:30.2134254Z [36;1mcp "$input/cache-roots.txt" "$harness/cache-roots.txt"[0m
2026-08-02T07:59:30.2134624Z [36;1mchmod 0444 "$harness/cache-roots.txt"[0m
2026-08-02T07:59:30.2134992Z [36;1mdocker load --input "$input/runtime-image.tgz" >/dev/null[0m
2026-08-02T07:59:30.2135397Z [36;1mruntime_tag="governseed-v7-runtime:$TASK_ID"[0m
2026-08-02T07:59:30.2135708Z [36;1mrun_container() {[0m
2026-08-02T07:59:30.2136032Z [36;1m  local name=$1 cache_source=$2 id_file=$3 output_file=$4[0m
2026-08-02T07:59:30.2136388Z [36;1m  docker create --name "$name" \[0m
2026-08-02T07:59:30.2136845Z [36;1m    --network none --read-only --cap-drop=ALL --security-opt no-new-privileges:true \[0m
2026-08-02T07:59:30.2137385Z [36;1m    --user 65532:65532 --pids-limit 256 --cpus 4 --memory 15g \[0m
2026-08-02T07:59:30.2137903Z [36;1m    --tmpfs "/workspace:rw,exec,nosuid,nodev,size=8g,uid=65532,gid=65532,mode=0750" \[0m
2026-08-02T07:59:30.2138694Z [36;1m    --mount "type=bind,src=$seed,dst=/seed,readonly" \[0m
2026-08-02T07:59:30.2139112Z [36;1m    --mount "type=bind,src=$cache_source,dst=/cache,readonly" \[0m
2026-08-02T07:59:30.2139562Z [36;1m    --mount "type=bind,src=$harness,dst=/harness,readonly" \[0m
2026-08-02T07:59:30.2140090Z [36;1m    --tmpfs "/home/benchmark:rw,noexec,nosuid,nodev,size=1g,uid=65532,gid=65532,mode=0700" \[0m
2026-08-02T07:59:30.2140706Z [36;1m    --tmpfs "/tmp:rw,noexec,nosuid,nodev,size=2g,uid=65532,gid=65532,mode=1770" \[0m
2026-08-02T07:59:30.2141380Z [36;1m    "$runtime_tag" /harness/v8-container-wrapper.sh v8-offline-smoke.sh "$TASK_ID" "$required_path" > "$id_file"[0m
2026-08-02T07:59:30.2141908Z [36;1m  local id[0m
2026-08-02T07:59:30.2142136Z [36;1m  id=$(tail -n 1 "$id_file")[0m
2026-08-02T07:59:30.2142530Z [36;1m  test "$(docker inspect "$id" --format '{{.HostConfig.NetworkMode}}')" = none[0m
2026-08-02T07:59:30.2143070Z [36;1m  test "$(docker inspect "$id" --format '{{.HostConfig.ReadonlyRootfs}}')" = true[0m
2026-08-02T07:59:30.2143757Z [36;1m  test "$(docker inspect "$id" --format '{{.Config.User}}')" = 65532:65532[0m
2026-08-02T07:59:30.2144287Z [36;1m  test "$(docker inspect "$id" --format '{{json .HostConfig.CapDrop}}')" = '["ALL"]'[0m
2026-08-02T07:59:30.2144916Z [36;1m  docker inspect "$id" --format '{{json .HostConfig.SecurityOpt}}' | grep -Fq no-new-privileges:true[0m
2026-08-02T07:59:30.2145533Z [36;1m  tmpfs_json=$(docker inspect "$id" --format '{{json .HostConfig.Tmpfs}}')[0m
2026-08-02T07:59:30.2146020Z [36;1m  TMPFS_JSON="$tmpfs_json" node --input-type=module - <<'NODE'[0m
2026-08-02T07:59:30.2146444Z [36;1m  const tmpfs = JSON.parse(process.env.TMPFS_JSON);[0m
2026-08-02T07:59:30.2146773Z [36;1m  const required = {[0m
2026-08-02T07:59:30.2147199Z [36;1m    '/workspace': ['rw', 'exec', 'nosuid', 'nodev', 'size=8g', 'uid=65532', 'gid=65532', 'mode=0750'],[0m
2026-08-02T07:59:30.2147835Z [36;1m    '/home/benchmark': ['rw', 'noexec', 'nosuid', 'nodev', 'size=1g', 'uid=65532', 'gid=65532', 'mode=0700'],[0m
2026-08-02T07:59:30.2148729Z [36;1m    '/tmp': ['rw', 'noexec', 'nosuid', 'nodev', 'size=2g', 'uid=65532', 'gid=65532', 'mode=1770'][0m
2026-08-02T07:59:30.2149141Z [36;1m  };[0m
2026-08-02T07:59:30.2149905Z [36;1m  const aliases = { 'size=8g': ['size=8g', 'size=8388608k'], 'size=1g': ['size=1g', 'size=1048576k'], 'size=2g': ['size=2g', 'size=2097152k'], 'mode=0750': ['mode=0750', 'mode=750'], 'mode=0700': ['mode=0700', 'mode=700'], 'mode=1770': ['mode=1770'] };[0m
2026-08-02T07:59:30.2150993Z [36;1m  for (const [destination, tokens] of Object.entries(required)) {[0m
2026-08-02T07:59:30.2151458Z [36;1m    const options = String(tmpfs[destination] || '').split(',');[0m
2026-08-02T07:59:30.2152173Z [36;1m    if (!options.length || tokens.some((token) => !(aliases[token] || [token]).some((candidate) => options.includes(candidate)))) process.exit(1);[0m
2026-08-02T07:59:30.2152931Z [36;1m    if (destination === '/workspace' && options.includes('noexec')) process.exit(1);[0m
2026-08-02T07:59:30.2153349Z [36;1m  }[0m
2026-08-02T07:59:30.2153537Z [36;1m  NODE[0m
2026-08-02T07:59:30.2153752Z [36;1m  docker start "$id" >/dev/null[0m
2026-08-02T07:59:30.2154054Z [36;1m  is_positive=false[0m
2026-08-02T07:59:30.2154443Z [36;1m  if test "$name" = "v8-${TASK_ID,,}-positive"; then is_positive=true; fi[0m
2026-08-02T07:59:30.2154840Z [36;1m  for attempt in $(seq 1 240); do[0m
2026-08-02T07:59:30.2155207Z [36;1m    running=$(docker inspect "$id" --format '{{.State.Running}}')[0m
2026-08-02T07:59:30.2155612Z [36;1m    test "$running" = true || break[0m
2026-08-02T07:59:30.2156173Z [36;1m    if test "$is_positive" = true && docker exec "$id" test -f /workspace/cache-receipt.json 2>/dev/null; then break; fi[0m
2026-08-02T07:59:30.2156714Z [36;1m    sleep 1[0m
2026-08-02T07:59:30.2156926Z [36;1m  done[0m
2026-08-02T07:59:30.2157224Z [36;1m  running=$(docker inspect "$id" --format '{{.State.Running}}')[0m
2026-08-02T07:59:30.2157675Z [36;1m  if test "$is_positive" = true && test "$running" = true; then[0m
2026-08-02T07:59:30.2159372Z [36;1m    for file in cache-receipt.json workspace-exec-receipt.json mountinfo.txt workspace-mount.txt cache-mount.txt home-mount.txt tmp-mount.txt vitest-resolved-path.txt vitest-symlink.txt vitest-version.txt runner-probe.txt python-version.txt pytest-version.txt libmagic-library-path.txt libmagic-database-path.txt libmagic-probe.txt; do[0m
2026-08-02T07:59:30.2160915Z [36;1m      docker exec "$id" cat "/workspace/$file" > "$out/$file" 2>/dev/null || true[0m
2026-08-02T07:59:30.2161307Z [36;1m    done[0m
2026-08-02T07:59:30.2161580Z [36;1m    docker exec "$id" sh -c ': > /workspace/.v8-release'[0m
2026-08-02T07:59:30.2161903Z [36;1m  fi[0m
2026-08-02T07:59:30.2162115Z [36;1m  for attempt in $(seq 1 30); do[0m
2026-08-02T07:59:30.2162471Z [36;1m    running=$(docker inspect "$id" --format '{{.State.Running}}')[0m
2026-08-02T07:59:30.2162853Z [36;1m    test "$running" = true || break[0m
2026-08-02T07:59:30.2163117Z [36;1m    sleep 1[0m
2026-08-02T07:59:30.2163314Z [36;1m  done[0m
2026-08-02T07:59:30.2163726Z [36;1m  rc=$(docker inspect "$id" --format '{{.State.ExitCode}}')[0m
2026-08-02T07:59:30.2164121Z [36;1m  docker logs "$id" > "$output_file" 2>&1 || true[0m
2026-08-02T07:59:30.2164443Z [36;1m  printf '%s\n' "$id" > "$id_file"[0m
2026-08-02T07:59:30.2164739Z [36;1m  docker rm -f "$id" >/dev/null[0m
2026-08-02T07:59:30.2165001Z [36;1m  return "$rc"[0m
2026-08-02T07:59:30.2165209Z [36;1m}[0m
2026-08-02T07:59:30.2165394Z [36;1mpositive_rc=0[0m
2026-08-02T07:59:30.2165906Z [36;1mrun_container "v8-${TASK_ID,,}-positive" "$cache" "$out/positive-container-id" "$out/positive-output" || positive_rc=$?[0m
2026-08-02T07:59:30.2166469Z [36;1mtest "$positive_rc" -eq 0[0m
2026-08-02T07:59:30.2166777Z [36;1mgrep -Fqx PASS "$out/positive-output"[0m
2026-08-02T07:59:30.2167068Z [36;1mnegative_rc=0[0m
2026-08-02T07:59:30.2167598Z [36;1mrun_container "v8-${TASK_ID,,}-negative" "$negative_cache" "$out/negative-container-id" "$out/negative-output" || negative_rc=$?[0m
2026-08-02T07:59:30.2168475Z [36;1mtest "$negative_rc" -eq 42[0m
2026-08-02T07:59:30.2168842Z [36;1mgrep -Fq DEPENDENCY_CACHE_INCOMPLETE "$out/negative-output"[0m
2026-08-02T07:59:30.2169232Z [36;1mtest -f "$out/cache-receipt.json"[0m
2026-08-02T07:59:30.2169984Z [36;1mnode --input-type=module - "$out/cache-receipt.json" "$input/cache-manifest.json" "$input/runtime-image-receipt.json" <<'NODE'[0m
2026-08-02T07:59:30.2170661Z [36;1mimport { readFileSync, writeFileSync } from 'node:fs';[0m
2026-08-02T07:59:30.2171102Z [36;1mconst [out, manifestPath, imagePath] = process.argv.slice(2);[0m
2026-08-02T07:59:30.2171539Z [36;1mconst receipt = JSON.parse(readFileSync(out, 'utf8'));[0m
2026-08-02T07:59:30.2171982Z [36;1mconst manifest = JSON.parse(readFileSync(manifestPath, 'utf8'));[0m
2026-08-02T07:59:30.2172448Z [36;1mconst image = JSON.parse(readFileSync(imagePath, 'utf8'));[0m
2026-08-02T07:59:30.2172807Z [36;1mObject.assign(receipt, {[0m
2026-08-02T07:59:30.2173082Z [36;1m  negativeCacheMissBlocked: true,[0m
2026-08-02T07:59:30.2173416Z [36;1m  negativeCode: 'DEPENDENCY_CACHE_INCOMPLETE',[0m
2026-08-02T07:59:30.2173736Z [36;1m  negativeExitCode: 42,[0m
2026-08-02T07:59:30.2174016Z [36;1m  cacheSha256: manifest.cacheSha256,[0m
2026-08-02T07:59:30.2174394Z [36;1m  runtimeImageArchiveSha256: image.imageArchiveSha256,[0m
2026-08-02T07:59:30.2174757Z [36;1m  runtimeImageId: image.imageId,[0m
2026-08-02T07:59:30.2175093Z [36;1m  runtimeImageBaseDigest: image.baseImageDigest,[0m
2026-08-02T07:59:30.2175437Z [36;1m  cacheReadOnlyObserved: true,[0m
2026-08-02T07:59:30.2175722Z [36;1m  readonlyRootObserved: true,[0m
2026-08-02T07:59:30.2175995Z [36;1m  nonRootObserved: true,[0m
2026-08-02T07:59:30.2176257Z [36;1m  measuredNetworkUsed: false,[0m
2026-08-02T07:59:30.2176544Z [36;1m  cacheBinaryCommitted: false,[0m
2026-08-02T07:59:30.2176816Z [36;1m  credentialIncluded: false,[0m
2026-08-02T07:59:30.2177078Z [36;1m  codexIncluded: false,[0m
2026-08-02T07:59:30.2177334Z [36;1m  hiddenOracleIncluded: false[0m
2026-08-02T07:59:30.2177585Z [36;1m});[0m
2026-08-02T07:59:30.2177870Z [36;1mwriteFileSync(out, JSON.stringify(receipt, null, 2) + '\n');[0m
2026-08-02T07:59:30.2178543Z [36;1mNODE[0m
2026-08-02T07:59:30.2178945Z [36;1mnode benchmarks/external-oss-v8/tests/v8-schema-validation.mjs "$out/cache-receipt.json"[0m
2026-08-02T07:59:30.2230120Z shell: /usr/bin/bash --noprofile --norc -e -o pipefail {0}
2026-08-02T07:59:30.2230474Z env:
2026-08-02T07:59:30.2230688Z   BENCHMARK_ID: GS-OSS-2026-08-02-V8
2026-08-02T07:59:30.2230979Z   EVIDENCE_CLASS: external-observational
2026-08-02T07:59:30.2231255Z   V7_SOURCE_RUN_ID: 30732978684
2026-08-02T07:59:30.2231499Z   TASK_ID: TASK-OSS-01
2026-08-02T07:59:30.2231711Z ##[endgroup]
2026-08-02T08:00:10.8962795Z /home/runner/work/_temp/32f4a056-ace5-43e9-8088-553902487754.sh: line 122: syntax error: unexpected end of file
2026-08-02T08:00:10.8980159Z ##[error]Process completed with exit code 2.
2026-08-02T08:00:10.9065366Z Node 20 is being deprecated. This workflow is running with Node 24 by default. If you need to temporarily use Node 20, you can set the ACTIONS_ALLOW_USE_UNSECURE_NODE_VERSION=true environment variable. For more information see: https://github.blog/changelog/2025-09-19-deprecation-of-node-20-on-github-actions-runners/
2026-08-02T08:00:10.9066729Z ##[group]Run actions/upload-artifact@v4
2026-08-02T08:00:10.9066997Z with:
2026-08-02T08:00:10.9067215Z   name: external-oss-v8-receipt-TASK-OSS-01
2026-08-02T08:00:10.9067563Z   path: /home/runner/work/_temp/v8-receipts/TASK-OSS-01/
2026-08-02T08:00:10.9067886Z   if-no-files-found: ignore
2026-08-02T08:00:10.9068451Z   compression-level: 6
2026-08-02T08:00:10.9068678Z   overwrite: false
2026-08-02T08:00:10.9068896Z   include-hidden-files: false
2026-08-02T08:00:10.9069127Z env:
2026-08-02T08:00:10.9069316Z   BENCHMARK_ID: GS-OSS-2026-08-02-V8
2026-08-02T08:00:10.9069593Z   EVIDENCE_CLASS: external-observational
2026-08-02T08:00:10.9069901Z   V7_SOURCE_RUN_ID: 30732978684
2026-08-02T08:00:10.9070140Z ##[endgroup]
2026-08-02T08:00:11.0723934Z (node:2328) [DEP0040] DeprecationWarning: The `punycode` module is deprecated. Please use a userland alternative instead.
2026-08-02T08:00:11.0724882Z (Use `node --trace-deprecation ...` to show where the warning was created)
2026-08-02T08:00:11.0773662Z No files were found with the provided path: /home/runner/work/_temp/v8-receipts/TASK-OSS-01/. No artifacts will be uploaded.
2026-08-02T08:00:11.1055858Z Node 20 is being deprecated. This workflow is running with Node 24 by default. If you need to temporarily use Node 20, you can set the ACTIONS_ALLOW_USE_UNSECURE_NODE_VERSION=true environment variable. For more information see: https://github.blog/changelog/2025-09-19-deprecation-of-node-20-on-github-actions-runners/
2026-08-02T08:00:11.1059473Z Post job cleanup.
2026-08-02T08:00:11.1935492Z [command]/usr/bin/git version
2026-08-02T08:00:11.1981007Z git version 2.54.0
2026-08-02T08:00:11.2030291Z Temporarily overriding HOME='/home/runner/work/_temp/53af32d0-3fb1-4c4c-817a-133c3ce804a8' before making global git config changes
2026-08-02T08:00:11.2031739Z Adding repository directory to the temporary git global config as a safe directory
2026-08-02T08:00:11.2036465Z [command]/usr/bin/git config --global --add safe.directory /home/runner/work/governseed/governseed
2026-08-02T08:00:11.2088571Z [command]/usr/bin/git config --local --name-only --get-regexp core\.sshCommand
2026-08-02T08:00:11.2132677Z [command]/usr/bin/git submodule foreach --recursive sh -c "git config --local --name-only --get-regexp 'core\.sshCommand' && git config --local --unset-all 'core.sshCommand' || :"
2026-08-02T08:00:11.2389654Z [command]/usr/bin/git config --local --name-only --get-regexp http\.https\:\/\/github\.com\/\.extraheader
2026-08-02T08:00:11.2416142Z http.https://github.com/.extraheader
2026-08-02T08:00:11.2427881Z [command]/usr/bin/git config --local --unset-all http.https://github.com/.extraheader
2026-08-02T08:00:11.2465525Z [command]/usr/bin/git submodule foreach --recursive sh -c "git config --local --name-only --get-regexp 'http\.https\:\/\/github\.com\/\.extraheader' && git config --local --unset-all 'http.https://github.com/.extraheader' || :"
2026-08-02T08:00:11.2734836Z [command]/usr/bin/git config --local --name-only --get-regexp ^includeIf\.gitdir:
2026-08-02T08:00:11.2778199Z [command]/usr/bin/git submodule foreach --recursive git config --local --show-origin --name-only --get-regexp remote.origin.url
2026-08-02T08:00:11.3202751Z Cleaning up orphan processes
2026-08-02T08:00:11.3538709Z ##[warning]Node.js 20 is deprecated. The following actions target Node.js 20 but are being forced to run on Node.js 24: actions/checkout@v4, actions/download-artifact@v4, actions/upload-artifact@v4. For more information see: https://github.blog/changelog/2025-09-19-deprecation-of-node-20-on-github-actions-runners/
