2026-08-02T07:57:51.8067710Z Current runner version: '2.336.0'
2026-08-02T07:57:51.8091454Z ##[group]Runner Image Provisioner
2026-08-02T07:57:51.8092394Z Hosted Compute Agent
2026-08-02T07:57:51.8092991Z Version: 20260707.563
2026-08-02T07:57:51.8093600Z Commit: 02667638d2b423fbc733a8e32a88b44996a3ba6e
2026-08-02T07:57:51.8094319Z Build Date: 2026-07-07T19:33:50Z
2026-08-02T07:57:51.8094972Z Worker ID: {8b9cec9c-2747-45ec-ba78-d0f205e98b1b}
2026-08-02T07:57:51.8095684Z Azure Region: northcentralus
2026-08-02T07:57:51.8096297Z ##[endgroup]
2026-08-02T07:57:51.8097755Z ##[group]Operating System
2026-08-02T07:57:51.8098393Z Ubuntu
2026-08-02T07:57:51.8098883Z 24.04.4
2026-08-02T07:57:51.8099374Z LTS
2026-08-02T07:57:51.8099899Z ##[endgroup]
2026-08-02T07:57:51.8100423Z ##[group]Runner Image
2026-08-02T07:57:51.8101086Z Image: ubuntu-24.04
2026-08-02T07:57:51.8101624Z Version: 20260720.247.2
2026-08-02T07:57:51.8102880Z Included Software: https://github.com/actions/runner-images/blob/ubuntu24/20260720.247/images/ubuntu/Ubuntu2404-Readme.md
2026-08-02T07:57:51.8104307Z Image Release: https://github.com/actions/runner-images/releases/tag/ubuntu24%2F20260720.247
2026-08-02T07:57:51.8105224Z ##[endgroup]
2026-08-02T07:57:51.8106322Z ##[group]GITHUB_TOKEN Permissions
2026-08-02T07:57:51.8108773Z Actions: read
2026-08-02T07:57:51.8109365Z Contents: read
2026-08-02T07:57:51.8109897Z Metadata: read
2026-08-02T07:57:51.8110520Z ##[endgroup]
2026-08-02T07:57:51.8112488Z Secret source: Actions
2026-08-02T07:57:51.8113991Z Prepare workflow directory
2026-08-02T07:57:51.8567264Z Prepare all required actions
2026-08-02T07:57:51.8635642Z Getting action download info
2026-08-02T07:57:52.0827008Z Download action repository 'actions/checkout@v4' (SHA:11d5960a326750d5838078e36cf38b85af677262)
2026-08-02T07:57:52.4817763Z Download action repository 'actions/download-artifact@v4' (SHA:d3f86a106a0bac45b974a628896c90dbdf5c8093)
2026-08-02T07:57:52.8674814Z Download action repository 'actions/upload-artifact@v4' (SHA:ea165f8d65b6e75b540449e92b4886f43607fa02)
2026-08-02T07:57:53.0764191Z Complete job name: Verify V8 workspace exec contract (TASK-OSS-03)
2026-08-02T07:57:53.1434207Z Node 20 is being deprecated. This workflow is running with Node 24 by default. If you need to temporarily use Node 20, you can set the ACTIONS_ALLOW_USE_UNSECURE_NODE_VERSION=true environment variable. For more information see: https://github.blog/changelog/2025-09-19-deprecation-of-node-20-on-github-actions-runners/
2026-08-02T07:57:53.1443067Z ##[group]Run actions/checkout@v4
2026-08-02T07:57:53.1443862Z with:
2026-08-02T07:57:53.1444432Z   fetch-depth: 1
2026-08-02T07:57:53.1445002Z   repository: Eskasia/governseed
2026-08-02T07:57:53.1449618Z   token: ***
2026-08-02T07:57:53.1450251Z   ssh-strict: true
2026-08-02T07:57:53.1450795Z   ssh-user: git
2026-08-02T07:57:53.1451345Z   persist-credentials: true
2026-08-02T07:57:53.1451943Z   clean: true
2026-08-02T07:57:53.1452482Z   sparse-checkout-cone-mode: true
2026-08-02T07:57:53.1453150Z   fetch-tags: false
2026-08-02T07:57:53.1453700Z   show-progress: true
2026-08-02T07:57:53.1454276Z   lfs: false
2026-08-02T07:57:53.1454918Z   submodules: false
2026-08-02T07:57:53.1455473Z   set-safe-directory: true
2026-08-02T07:57:53.1456120Z   allow-unsafe-pr-checkout: false
2026-08-02T07:57:53.1457072Z env:
2026-08-02T07:57:53.1457619Z   BENCHMARK_ID: GS-OSS-2026-08-02-V8
2026-08-02T07:57:53.1458309Z   EVIDENCE_CLASS: external-observational
2026-08-02T07:57:53.1459008Z   V7_SOURCE_RUN_ID: 30732978684
2026-08-02T07:57:53.1459611Z ##[endgroup]
2026-08-02T07:57:53.2474052Z Syncing repository: Eskasia/governseed
2026-08-02T07:57:53.2476903Z ##[group]Getting Git version info
2026-08-02T07:57:53.2478325Z Working directory is '/home/runner/work/governseed/governseed'
2026-08-02T07:57:53.2480100Z [command]/usr/bin/git version
2026-08-02T07:57:53.2508346Z git version 2.54.0
2026-08-02T07:57:53.2529024Z ##[endgroup]
2026-08-02T07:57:53.2543343Z Temporarily overriding HOME='/home/runner/work/_temp/979b30fa-acf4-4187-9ee4-2bbf51edf169' before making global git config changes
2026-08-02T07:57:53.2545256Z Adding repository directory to the temporary git global config as a safe directory
2026-08-02T07:57:53.2550290Z [command]/usr/bin/git config --global --add safe.directory /home/runner/work/governseed/governseed
2026-08-02T07:57:53.2607503Z Deleting the contents of '/home/runner/work/governseed/governseed'
2026-08-02T07:57:53.2612387Z ##[group]Initializing the repository
2026-08-02T07:57:53.2618041Z [command]/usr/bin/git init /home/runner/work/governseed/governseed
2026-08-02T07:57:53.2751417Z hint: Using 'master' as the name for the initial branch. This default branch name
2026-08-02T07:57:53.2753603Z hint: will change to "main" in Git 3.0. To configure the initial branch name
2026-08-02T07:57:53.2755369Z hint: to use in all of your new repositories, which will suppress this warning,
2026-08-02T07:57:53.2756417Z hint: call:
2026-08-02T07:57:53.2757623Z hint:
2026-08-02T07:57:53.2758703Z hint: 	git config --global init.defaultBranch <name>
2026-08-02T07:57:53.2759530Z hint:
2026-08-02T07:57:53.2760390Z hint: Names commonly chosen instead of 'master' are 'main', 'trunk' and
2026-08-02T07:57:53.2761598Z hint: 'development'. The just-created branch can be renamed via this command:
2026-08-02T07:57:53.2762571Z hint:
2026-08-02T07:57:53.2763209Z hint: 	git branch -m <name>
2026-08-02T07:57:53.2764113Z hint:
2026-08-02T07:57:53.2765117Z hint: Disable this message with "git config set advice.defaultBranchName false"
2026-08-02T07:57:53.2766966Z Initialized empty Git repository in /home/runner/work/governseed/governseed/.git/
2026-08-02T07:57:53.2770510Z [command]/usr/bin/git remote add origin https://github.com/Eskasia/governseed
2026-08-02T07:57:53.2812116Z ##[endgroup]
2026-08-02T07:57:53.2813188Z ##[group]Disabling automatic garbage collection
2026-08-02T07:57:53.2815720Z [command]/usr/bin/git config --local gc.auto 0
2026-08-02T07:57:53.2845789Z ##[endgroup]
2026-08-02T07:57:53.2846948Z ##[group]Setting up auth
2026-08-02T07:57:53.2853482Z [command]/usr/bin/git config --local --name-only --get-regexp core\.sshCommand
2026-08-02T07:57:53.2889978Z [command]/usr/bin/git submodule foreach --recursive sh -c "git config --local --name-only --get-regexp 'core\.sshCommand' && git config --local --unset-all 'core.sshCommand' || :"
2026-08-02T07:57:53.3284412Z [command]/usr/bin/git config --local --name-only --get-regexp http\.https\:\/\/github\.com\/\.extraheader
2026-08-02T07:57:53.3322315Z [command]/usr/bin/git submodule foreach --recursive sh -c "git config --local --name-only --get-regexp 'http\.https\:\/\/github\.com\/\.extraheader' && git config --local --unset-all 'http.https://github.com/.extraheader' || :"
2026-08-02T07:57:53.3505624Z [command]/usr/bin/git config --local --name-only --get-regexp ^includeIf\.gitdir:
2026-08-02T07:57:53.3535592Z [command]/usr/bin/git submodule foreach --recursive git config --local --show-origin --name-only --get-regexp remote.origin.url
2026-08-02T07:57:53.3718072Z [command]/usr/bin/git config --local http.https://github.com/.extraheader AUTHORIZATION: basic ***
2026-08-02T07:57:53.3751928Z ##[endgroup]
2026-08-02T07:57:53.3753097Z ##[group]Fetching the repository
2026-08-02T07:57:53.3761468Z [command]/usr/bin/git -c protocol.version=2 fetch --no-tags --prune --no-recurse-submodules --depth=1 origin +c47cb33f590d9d95c25cfa386925954f49a5b0c0:refs/remotes/origin/main
2026-08-02T07:57:56.8215007Z From https://github.com/Eskasia/governseed
2026-08-02T07:57:56.8220978Z  * [new ref]         c47cb33f590d9d95c25cfa386925954f49a5b0c0 -> origin/main
2026-08-02T07:57:56.8277032Z ##[endgroup]
2026-08-02T07:57:56.8277888Z ##[group]Determining the checkout info
2026-08-02T07:57:56.8278950Z ##[endgroup]
2026-08-02T07:57:56.8285172Z [command]/usr/bin/git sparse-checkout disable
2026-08-02T07:57:56.8389674Z [command]/usr/bin/git config --local --unset-all extensions.worktreeConfig
2026-08-02T07:57:56.8445099Z ##[group]Checking out the ref
2026-08-02T07:57:56.8450456Z [command]/usr/bin/git checkout --progress --force -B main refs/remotes/origin/main
2026-08-02T07:57:57.0923385Z Switched to a new branch 'main'
2026-08-02T07:57:57.0924224Z branch 'main' set up to track 'origin/main'.
2026-08-02T07:57:57.0950347Z ##[endgroup]
2026-08-02T07:57:57.0991159Z [command]/usr/bin/git log -1 --format=%H
2026-08-02T07:57:57.1013491Z c47cb33f590d9d95c25cfa386925954f49a5b0c0
2026-08-02T07:57:57.1241104Z Node 20 is being deprecated. This workflow is running with Node 24 by default. If you need to temporarily use Node 20, you can set the ACTIONS_ALLOW_USE_UNSECURE_NODE_VERSION=true environment variable. For more information see: https://github.blog/changelog/2025-09-19-deprecation-of-node-20-on-github-actions-runners/
2026-08-02T07:57:57.1243146Z ##[group]Run actions/download-artifact@v4
2026-08-02T07:57:57.1243523Z with:
2026-08-02T07:57:57.1243878Z   name: external-oss-v8-dependency-cache-TASK-OSS-03
2026-08-02T07:57:57.1244329Z   path: /home/runner/work/_temp/v8-input/TASK-OSS-03
2026-08-02T07:57:57.1244714Z   merge-multiple: false
2026-08-02T07:57:57.1245019Z   repository: Eskasia/governseed
2026-08-02T07:57:57.1245416Z   run-id: 30738733647
2026-08-02T07:57:57.1245696Z env:
2026-08-02T07:57:57.1245990Z   BENCHMARK_ID: GS-OSS-2026-08-02-V8
2026-08-02T07:57:57.1246362Z   EVIDENCE_CLASS: external-observational
2026-08-02T07:57:57.1246869Z   V7_SOURCE_RUN_ID: 30732978684
2026-08-02T07:57:57.1247338Z ##[endgroup]
2026-08-02T07:57:57.3456779Z Downloading single artifact
2026-08-02T07:57:57.3608381Z (node:2361) [DEP0040] DeprecationWarning: The `punycode` module is deprecated. Please use a userland alternative instead.
2026-08-02T07:57:57.3610032Z (Use `node --trace-deprecation ...` to show where the warning was created)
2026-08-02T07:57:57.4898314Z Preparing to download the following artifacts:
2026-08-02T07:57:57.4899443Z - external-oss-v8-dependency-cache-TASK-OSS-03 (ID: 8830557018, Size: 503621020, Expected Digest: sha256:0b7f532e2e5a91cda39893c12cf911ef3b85c73da72c400840319b3cd2c9516c)
2026-08-02T07:57:57.5929274Z Redirecting to blob download url: https://productionresultssa17.blob.core.windows.net/actions-results/3bc21622-9579-4935-b180-a268c7011cbd/workflow-job-run-42df5032-4be9-5da0-a36f-e5e3b3a3d40a/artifacts/832f0df008fe1ea67ae7beaf17995516c67dbdbb92a8df00f60e431f0b409f61.zip
2026-08-02T07:57:57.5937653Z Starting download of artifact to: /home/runner/work/_temp/v8-input/TASK-OSS-03
2026-08-02T07:57:57.7690879Z (node:2361) [DEP0005] DeprecationWarning: Buffer() is deprecated due to security and usability issues. Please use the Buffer.alloc(), Buffer.allocUnsafe(), or Buffer.from() methods instead.
2026-08-02T07:58:04.7112366Z SHA256 digest of downloaded artifact is 0b7f532e2e5a91cda39893c12cf911ef3b85c73da72c400840319b3cd2c9516c
2026-08-02T07:58:04.7114693Z Artifact download completed successfully.
2026-08-02T07:58:04.7115319Z Total of 1 artifact(s) downloaded
2026-08-02T07:58:04.7127944Z Download artifact has finished successfully
2026-08-02T07:58:04.7276293Z ##[group]Run set -euo pipefail
2026-08-02T07:58:04.7277365Z [36;1mset -euo pipefail[0m
2026-08-02T07:58:04.7277969Z [36;1minput="$RUNNER_TEMP/v8-input/$TASK_ID"[0m
2026-08-02T07:58:04.7278616Z [36;1mroot="$RUNNER_TEMP/v8-contract/$TASK_ID"[0m
2026-08-02T07:58:04.7279203Z [36;1mseed="$root/seed"[0m
2026-08-02T07:58:04.7279703Z [36;1mcache="$root/cache"[0m
2026-08-02T07:58:04.7280208Z [36;1mharness="$root/harness"[0m
2026-08-02T07:58:04.7280798Z [36;1mout="$RUNNER_TEMP/v8-contract-receipts/$TASK_ID"[0m
2026-08-02T07:58:04.7281471Z [36;1mmkdir -p "$seed" "$cache" "$harness" "$out"[0m
2026-08-02T07:58:04.7282066Z [36;1mtar -xzf "$input/seed.tgz" -C "$seed"[0m
2026-08-02T07:58:04.7282703Z [36;1mtar -xzf "$input/cache.tgz" -C "$cache"[0m
2026-08-02T07:58:04.7283392Z [36;1mcp "$input/cache-roots.txt" "$harness/cache-roots.txt"[0m
2026-08-02T07:58:04.7284367Z [36;1mcp benchmarks/external-oss-v8/tests/v8-runtime-contract.sh "$harness/v8-runtime-contract.sh"[0m
2026-08-02T07:58:04.7285666Z [36;1mcp benchmarks/external-oss-v8/tests/v8-container-wrapper.sh "$harness/v8-container-wrapper.sh"[0m
2026-08-02T07:58:04.7286673Z [36;1mchmod 0555 "$harness/v8-runtime-contract.sh"[0m
2026-08-02T07:58:04.7287544Z [36;1mchmod 0555 "$harness/v8-container-wrapper.sh"[0m
2026-08-02T07:58:04.7288167Z [36;1mchmod 0444 "$harness/cache-roots.txt"[0m
2026-08-02T07:58:04.7288866Z [36;1mdocker load --input "$input/runtime-image.tgz" >/dev/null[0m
2026-08-02T07:58:04.7289563Z [36;1mruntime_tag="governseed-v7-runtime:$TASK_ID"[0m
2026-08-02T07:58:04.7290139Z [36;1mcontainer_id=[0m
2026-08-02T07:58:04.7290897Z [36;1mcleanup() { test -n "$container_id" && docker rm -f "$container_id" >/dev/null 2>&1 || true; }[0m
2026-08-02T07:58:04.7291681Z [36;1mtrap cleanup EXIT[0m
2026-08-02T07:58:04.7292255Z [36;1mdocker create --name "v8-${TASK_ID,,}-contract" \[0m
2026-08-02T07:58:04.7293075Z [36;1m  --network none --read-only --cap-drop=ALL --security-opt no-new-privileges:true \[0m
2026-08-02T07:58:04.7293959Z [36;1m  --user 65532:65532 --pids-limit 256 --cpus 4 --memory 15g \[0m
2026-08-02T07:58:04.7295145Z [36;1m  --tmpfs "/workspace:rw,exec,nosuid,nodev,size=8g,uid=65532,gid=65532,mode=0750" \[0m
2026-08-02T07:58:04.7296015Z [36;1m  --mount "type=bind,src=$seed,dst=/seed,readonly" \[0m
2026-08-02T07:58:04.7296855Z [36;1m  --mount "type=bind,src=$cache,dst=/cache,readonly" \[0m
2026-08-02T07:58:04.7297655Z [36;1m  --mount "type=bind,src=$harness,dst=/harness,readonly" \[0m
2026-08-02T07:58:04.7298534Z [36;1m  --tmpfs "/home/benchmark:rw,noexec,nosuid,nodev,size=1g,uid=65532,gid=65532,mode=0700" \[0m
2026-08-02T07:58:04.7299538Z [36;1m  --tmpfs "/tmp:rw,noexec,nosuid,nodev,size=2g,uid=65532,gid=65532,mode=1770" \[0m
2026-08-02T07:58:04.7300628Z [36;1m  "$runtime_tag" /harness/v8-container-wrapper.sh v8-runtime-contract.sh "$TASK_ID" > "$out/container-id"[0m
2026-08-02T07:58:04.7301603Z [36;1mcontainer_id=$(tail -n 1 "$out/container-id")[0m
2026-08-02T07:58:04.7302412Z [36;1mtest "$(docker inspect "$container_id" --format '{{.HostConfig.NetworkMode}}')" = none[0m
2026-08-02T07:58:04.7303417Z [36;1mtest "$(docker inspect "$container_id" --format '{{.HostConfig.ReadonlyRootfs}}')" = true[0m
2026-08-02T07:58:04.7304436Z [36;1mtest "$(docker inspect "$container_id" --format '{{.Config.User}}')" = 65532:65532[0m
2026-08-02T07:58:04.7305462Z [36;1mtest "$(docker inspect "$container_id" --format '{{json .HostConfig.CapDrop}}')" = '["ALL"]'[0m
2026-08-02T07:58:04.7306720Z [36;1mdocker inspect "$container_id" --format '{{json .HostConfig.SecurityOpt}}' | grep -Fq no-new-privileges:true[0m
2026-08-02T07:58:04.7307830Z [36;1mtmpfs_json=$(docker inspect "$container_id" --format '{{json .HostConfig.Tmpfs}}')[0m
2026-08-02T07:58:04.7308705Z [36;1mTMPFS_JSON="$tmpfs_json" node --input-type=module - <<'NODE'[0m
2026-08-02T07:58:04.7309528Z [36;1mconst tmpfs = JSON.parse(process.env.TMPFS_JSON);[0m
2026-08-02T07:58:04.7310096Z [36;1mconst required = {[0m
2026-08-02T07:58:04.7310989Z [36;1m  '/workspace': ['rw', 'exec', 'nosuid', 'nodev', 'size=8g', 'uid=65532', 'gid=65532', 'mode=0750'],[0m
2026-08-02T07:58:04.7311997Z [36;1m  '/home/benchmark': ['rw', 'noexec', 'nosuid', 'nodev', 'size=1g', 'uid=65532', 'gid=65532', 'mode=0700'],[0m
2026-08-02T07:58:04.7313028Z [36;1m  '/tmp': ['rw', 'noexec', 'nosuid', 'nodev', 'size=2g', 'uid=65532', 'gid=65532', 'mode=1770'][0m
2026-08-02T07:58:04.7313785Z [36;1m};[0m
2026-08-02T07:58:04.7314938Z [36;1mconst aliases = { 'size=8g': ['size=8g', 'size=8388608k'], 'size=1g': ['size=1g', 'size=1048576k'], 'size=2g': ['size=2g', 'size=2097152k'], 'mode=0750': ['mode=0750', 'mode=750'], 'mode=0700': ['mode=0700', 'mode=700'], 'mode=1770': ['mode=1770'] };[0m
2026-08-02T07:58:04.7316355Z [36;1mfor (const [destination, tokens] of Object.entries(required)) {[0m
2026-08-02T07:58:04.7317269Z [36;1m  const options = String(tmpfs[destination] || '').split(',');[0m
2026-08-02T07:58:04.7318493Z [36;1m  if (!options.length || tokens.some((token) => !(aliases[token] || [token]).some((candidate) => options.includes(candidate)))) process.exit(1);[0m
2026-08-02T07:58:04.7319685Z [36;1m  if (destination === '/workspace' && options.includes('noexec')) process.exit(1);[0m
2026-08-02T07:58:04.7320478Z [36;1m}[0m
2026-08-02T07:58:04.7320895Z [36;1mNODE[0m
2026-08-02T07:58:04.7321445Z [36;1mfor spec in '/seed false' '/cache false' '/harness false'; do[0m
2026-08-02T07:58:04.7322215Z [36;1m  destination=${spec% *}; expected_rw=${spec#* }[0m
2026-08-02T07:58:04.7323211Z [36;1m  count=$(docker inspect "$container_id" --format '{{range .Mounts}}{{println .Destination}}{{end}}' | grep -Fxc "$destination")[0m
2026-08-02T07:58:04.7324131Z [36;1m  test "$count" -eq 1[0m
2026-08-02T07:58:04.7325077Z [36;1m  actual_rw=$(docker inspect "$container_id" --format '{{range .Mounts}}{{if eq .Destination "'"$destination"'"}}{{.RW}}{{end}}{{end}}')[0m
2026-08-02T07:58:04.7326082Z [36;1m  test "$actual_rw" = "$expected_rw"[0m
2026-08-02T07:58:04.7326788Z [36;1mdone[0m
2026-08-02T07:58:04.7327244Z [36;1mdocker start "$container_id" >/dev/null[0m
2026-08-02T07:58:04.7327826Z [36;1mfor attempt in $(seq 1 180); do[0m
2026-08-02T07:58:04.7328637Z [36;1m  running=$(docker inspect "$container_id" --format '{{.State.Running}}')[0m
2026-08-02T07:58:04.7329422Z [36;1m  test "$running" = true || break[0m
2026-08-02T07:58:04.7330342Z [36;1m  if docker exec "$container_id" test -f /workspace/workspace-exec-receipt.json 2>/dev/null; then break; fi[0m
2026-08-02T07:58:04.7331192Z [36;1m  sleep 1[0m
2026-08-02T07:58:04.7331573Z [36;1mdone[0m
2026-08-02T07:58:04.7332200Z [36;1mrunning=$(docker inspect "$container_id" --format '{{.State.Running}}')[0m
2026-08-02T07:58:04.7332944Z [36;1mif test "$running" = true; then[0m
2026-08-02T07:58:04.7335013Z [36;1m  for file in workspace-exec-receipt.json mountinfo.txt workspace-mount.txt cache-mount.txt home-mount.txt tmp-mount.txt vitest-resolved-path.txt vitest-symlink.txt vitest-version.txt runner-probe.txt python-version.txt pytest-version.txt libmagic-library-path.txt libmagic-database-path.txt libmagic-probe.txt; do[0m
2026-08-02T07:58:04.7337312Z [36;1m    docker exec "$container_id" cat "/workspace/$file" > "$out/$file" 2>/dev/null || true[0m
2026-08-02T07:58:04.7338024Z [36;1m  done[0m
2026-08-02T07:58:04.7338614Z [36;1m  docker exec "$container_id" sh -c ': > /workspace/.v8-release'[0m
2026-08-02T07:58:04.7339302Z [36;1mfi[0m
2026-08-02T07:58:04.7339734Z [36;1mfor attempt in $(seq 1 30); do[0m
2026-08-02T07:58:04.7340415Z [36;1m  running=$(docker inspect "$container_id" --format '{{.State.Running}}')[0m
2026-08-02T07:58:04.7341123Z [36;1m  test "$running" = true || break[0m
2026-08-02T07:58:04.7341667Z [36;1m  sleep 1[0m
2026-08-02T07:58:04.7342101Z [36;1mdone[0m
2026-08-02T07:58:04.7342732Z [36;1mrc=$(docker inspect "$container_id" --format '{{.State.ExitCode}}')[0m
2026-08-02T07:58:04.7343544Z [36;1mdocker logs "$container_id" > "$out/container-output" 2>&1 || true[0m
2026-08-02T07:58:04.7344294Z [36;1mtest "$rc" -eq 0[0m
2026-08-02T07:58:04.7344888Z [36;1mtest -f "$out/workspace-exec-receipt.json"[0m
2026-08-02T07:58:04.7345490Z [36;1mdocker rm -f "$container_id" >/dev/null[0m
2026-08-02T07:58:04.7346089Z [36;1mcontainer_id=[0m
2026-08-02T07:58:04.7395515Z shell: /usr/bin/bash --noprofile --norc -e -o pipefail {0}
2026-08-02T07:58:04.7396157Z env:
2026-08-02T07:58:04.7396790Z   BENCHMARK_ID: GS-OSS-2026-08-02-V8
2026-08-02T07:58:04.7397309Z   EVIDENCE_CLASS: external-observational
2026-08-02T07:58:04.7397699Z   V7_SOURCE_RUN_ID: 30732978684
2026-08-02T07:58:04.7398018Z   TASK_ID: TASK-OSS-03
2026-08-02T07:58:04.7398402Z ##[endgroup]
2026-08-02T07:58:46.9805635Z Node 20 is being deprecated. This workflow is running with Node 24 by default. If you need to temporarily use Node 20, you can set the ACTIONS_ALLOW_USE_UNSECURE_NODE_VERSION=true environment variable. For more information see: https://github.blog/changelog/2025-09-19-deprecation-of-node-20-on-github-actions-runners/
2026-08-02T07:58:46.9807434Z ##[group]Run actions/upload-artifact@v4
2026-08-02T07:58:46.9807865Z with:
2026-08-02T07:58:46.9808208Z   name: external-oss-v8-workspace-exec-TASK-OSS-03
2026-08-02T07:58:46.9808890Z   path: /home/runner/work/_temp/v8-contract-receipts/TASK-OSS-03/
2026-08-02T07:58:46.9809335Z   if-no-files-found: ignore
2026-08-02T07:58:46.9809672Z   compression-level: 6
2026-08-02T07:58:46.9810001Z   overwrite: false
2026-08-02T07:58:46.9810340Z   include-hidden-files: false
2026-08-02T07:58:46.9810712Z env:
2026-08-02T07:58:46.9811002Z   BENCHMARK_ID: GS-OSS-2026-08-02-V8
2026-08-02T07:58:46.9811371Z   EVIDENCE_CLASS: external-observational
2026-08-02T07:58:46.9811841Z   V7_SOURCE_RUN_ID: 30732978684
2026-08-02T07:58:46.9812192Z ##[endgroup]
2026-08-02T07:58:47.1375083Z (node:3291) [DEP0040] DeprecationWarning: The `punycode` module is deprecated. Please use a userland alternative instead.
2026-08-02T07:58:47.1376078Z (Use `node --trace-deprecation ...` to show where the warning was created)
2026-08-02T07:58:47.1458096Z With the provided path, there will be 17 files uploaded
2026-08-02T07:58:47.1467686Z Artifact name is valid!
2026-08-02T07:58:47.1468211Z Root directory input is valid!
2026-08-02T07:58:47.3473799Z Beginning upload of artifact content to blob storage
2026-08-02T07:58:47.3823930Z (node:3291) [DEP0169] DeprecationWarning: `url.parse()` behavior is not standardized and prone to errors that have security implications. Use the WHATWG URL API instead. CVEs are not issued for `url.parse()` vulnerabilities.
2026-08-02T07:58:47.5024965Z Uploaded bytes 4481
2026-08-02T07:58:47.5349997Z Finished uploading artifact content to blob storage!
2026-08-02T07:58:47.5351102Z SHA256 digest of uploaded artifact zip is 050bd84aacd6f7b9b9204a970cac980c550b0e389d07422916afda34bf2b489f
2026-08-02T07:58:47.5352449Z Finalizing artifact upload
2026-08-02T07:58:47.6992180Z Artifact external-oss-v8-workspace-exec-TASK-OSS-03.zip successfully finalized. Artifact ID 8830569743
2026-08-02T07:58:47.6993614Z Artifact external-oss-v8-workspace-exec-TASK-OSS-03 has been successfully uploaded! Final size is 4481 bytes. Artifact ID is 8830569743
2026-08-02T07:58:47.6997886Z Artifact download URL: https://github.com/Eskasia/governseed/actions/runs/30738733647/artifacts/8830569743
2026-08-02T07:58:47.7160044Z Node 20 is being deprecated. This workflow is running with Node 24 by default. If you need to temporarily use Node 20, you can set the ACTIONS_ALLOW_USE_UNSECURE_NODE_VERSION=true environment variable. For more information see: https://github.blog/changelog/2025-09-19-deprecation-of-node-20-on-github-actions-runners/
2026-08-02T07:58:47.7161259Z Post job cleanup.
2026-08-02T07:58:47.7991254Z [command]/usr/bin/git version
2026-08-02T07:58:47.8027632Z git version 2.54.0
2026-08-02T07:58:47.8059987Z Temporarily overriding HOME='/home/runner/work/_temp/9007530d-ea63-4403-a940-e5126bebdfea' before making global git config changes
2026-08-02T07:58:47.8061492Z Adding repository directory to the temporary git global config as a safe directory
2026-08-02T07:58:47.8066073Z [command]/usr/bin/git config --global --add safe.directory /home/runner/work/governseed/governseed
2026-08-02T07:58:47.8104377Z [command]/usr/bin/git config --local --name-only --get-regexp core\.sshCommand
2026-08-02T07:58:47.8137341Z [command]/usr/bin/git submodule foreach --recursive sh -c "git config --local --name-only --get-regexp 'core\.sshCommand' && git config --local --unset-all 'core.sshCommand' || :"
2026-08-02T07:58:47.8354493Z [command]/usr/bin/git config --local --name-only --get-regexp http\.https\:\/\/github\.com\/\.extraheader
2026-08-02T07:58:47.8378873Z http.https://github.com/.extraheader
2026-08-02T07:58:47.8389684Z [command]/usr/bin/git config --local --unset-all http.https://github.com/.extraheader
2026-08-02T07:58:47.8419602Z [command]/usr/bin/git submodule foreach --recursive sh -c "git config --local --name-only --get-regexp 'http\.https\:\/\/github\.com\/\.extraheader' && git config --local --unset-all 'http.https://github.com/.extraheader' || :"
2026-08-02T07:58:47.8631116Z [command]/usr/bin/git config --local --name-only --get-regexp ^includeIf\.gitdir:
2026-08-02T07:58:47.8661192Z [command]/usr/bin/git submodule foreach --recursive git config --local --show-origin --name-only --get-regexp remote.origin.url
2026-08-02T07:58:47.9004827Z Cleaning up orphan processes
2026-08-02T07:58:47.9262173Z ##[warning]Node.js 20 is deprecated. The following actions target Node.js 20 but are being forced to run on Node.js 24: actions/checkout@v4, actions/download-artifact@v4, actions/upload-artifact@v4. For more information see: https://github.blog/changelog/2025-09-19-deprecation-of-node-20-on-github-actions-runners/
