2026-08-02T08:21:41.7074569Z Current runner version: '2.336.0'
2026-08-02T08:21:41.7099498Z ##[group]Runner Image Provisioner
2026-08-02T08:21:41.7100388Z Hosted Compute Agent
2026-08-02T08:21:41.7100985Z Version: 20260707.563
2026-08-02T08:21:41.7101676Z Commit: 02667638d2b423fbc733a8e32a88b44996a3ba6e
2026-08-02T08:21:41.7102411Z Build Date: 2026-07-07T19:33:50Z
2026-08-02T08:21:41.7103070Z Worker ID: {d90f651c-8b3b-413d-8c60-b30575d0067c}
2026-08-02T08:21:41.7103873Z Azure Region: westus2
2026-08-02T08:21:41.7104447Z ##[endgroup]
2026-08-02T08:21:41.7106215Z ##[group]Operating System
2026-08-02T08:21:41.7106894Z Ubuntu
2026-08-02T08:21:41.7107410Z 24.04.4
2026-08-02T08:21:41.7107995Z LTS
2026-08-02T08:21:41.7108501Z ##[endgroup]
2026-08-02T08:21:41.7109024Z ##[group]Runner Image
2026-08-02T08:21:41.7109731Z Image: ubuntu-24.04
2026-08-02T08:21:41.7110294Z Version: 20260720.247.2
2026-08-02T08:21:41.7111611Z Included Software: https://github.com/actions/runner-images/blob/ubuntu24/20260720.247/images/ubuntu/Ubuntu2404-Readme.md
2026-08-02T08:21:41.7113170Z Image Release: https://github.com/actions/runner-images/releases/tag/ubuntu24%2F20260720.247
2026-08-02T08:21:41.7114256Z ##[endgroup]
2026-08-02T08:21:41.7115623Z ##[group]GITHUB_TOKEN Permissions
2026-08-02T08:21:41.7118111Z Actions: read
2026-08-02T08:21:41.7118724Z Contents: read
2026-08-02T08:21:41.7119258Z Metadata: read
2026-08-02T08:21:41.7119906Z ##[endgroup]
2026-08-02T08:21:41.7121943Z Secret source: Actions
2026-08-02T08:21:41.7123330Z Prepare workflow directory
2026-08-02T08:21:41.7546274Z Prepare all required actions
2026-08-02T08:21:41.7604608Z Getting action download info
2026-08-02T08:21:42.1193571Z Download action repository 'actions/checkout@v4' (SHA:11d5960a326750d5838078e36cf38b85af677262)
2026-08-02T08:21:42.4115543Z Download action repository 'actions/download-artifact@v4' (SHA:d3f86a106a0bac45b974a628896c90dbdf5c8093)
2026-08-02T08:21:42.6665320Z Download action repository 'actions/upload-artifact@v4' (SHA:ea165f8d65b6e75b540449e92b4886f43607fa02)
2026-08-02T08:21:42.8905768Z Complete job name: Qualify inherited dependency cache (TASK-OSS-03)
2026-08-02T08:21:42.9711426Z Node 20 is being deprecated. This workflow is running with Node 24 by default. If you need to temporarily use Node 20, you can set the ACTIONS_ALLOW_USE_UNSECURE_NODE_VERSION=true environment variable. For more information see: https://github.blog/changelog/2025-09-19-deprecation-of-node-20-on-github-actions-runners/
2026-08-02T08:21:42.9721375Z ##[group]Run actions/checkout@v4
2026-08-02T08:21:42.9722173Z with:
2026-08-02T08:21:42.9722584Z   fetch-depth: 1
2026-08-02T08:21:42.9723069Z   repository: Eskasia/governseed
2026-08-02T08:21:42.9727786Z   token: ***
2026-08-02T08:21:42.9728232Z   ssh-strict: true
2026-08-02T08:21:42.9728685Z   ssh-user: git
2026-08-02T08:21:42.9729139Z   persist-credentials: true
2026-08-02T08:21:42.9729664Z   clean: true
2026-08-02T08:21:42.9730114Z   sparse-checkout-cone-mode: true
2026-08-02T08:21:42.9730673Z   fetch-tags: false
2026-08-02T08:21:42.9731129Z   show-progress: true
2026-08-02T08:21:42.9731618Z   lfs: false
2026-08-02T08:21:42.9732066Z   submodules: false
2026-08-02T08:21:42.9732534Z   set-safe-directory: true
2026-08-02T08:21:42.9733060Z   allow-unsafe-pr-checkout: false
2026-08-02T08:21:42.9733883Z env:
2026-08-02T08:21:42.9734319Z   BENCHMARK_ID: GS-OSS-2026-08-02-V8
2026-08-02T08:21:42.9735146Z   EVIDENCE_CLASS: external-observational
2026-08-02T08:21:42.9735771Z   V7_SOURCE_RUN_ID: 30732978684
2026-08-02T08:21:42.9736294Z ##[endgroup]
2026-08-02T08:21:43.0767414Z Syncing repository: Eskasia/governseed
2026-08-02T08:21:43.0769619Z ##[group]Getting Git version info
2026-08-02T08:21:43.0770647Z Working directory is '/home/runner/work/governseed/governseed'
2026-08-02T08:21:43.0771863Z [command]/usr/bin/git version
2026-08-02T08:21:43.0824322Z git version 2.54.0
2026-08-02T08:21:43.0853683Z ##[endgroup]
2026-08-02T08:21:43.0867551Z Temporarily overriding HOME='/home/runner/work/_temp/24a3cb6e-26b3-4fcc-87b3-ca2430e6887f' before making global git config changes
2026-08-02T08:21:43.0878866Z Adding repository directory to the temporary git global config as a safe directory
2026-08-02T08:21:43.0881835Z [command]/usr/bin/git config --global --add safe.directory /home/runner/work/governseed/governseed
2026-08-02T08:21:43.0922946Z Deleting the contents of '/home/runner/work/governseed/governseed'
2026-08-02T08:21:43.0933336Z ##[group]Initializing the repository
2026-08-02T08:21:43.0935135Z [command]/usr/bin/git init /home/runner/work/governseed/governseed
2026-08-02T08:21:43.1042532Z hint: Using 'master' as the name for the initial branch. This default branch name
2026-08-02T08:21:43.1043862Z hint: will change to "main" in Git 3.0. To configure the initial branch name
2026-08-02T08:21:43.1045405Z hint: to use in all of your new repositories, which will suppress this warning,
2026-08-02T08:21:43.1046304Z hint: call:
2026-08-02T08:21:43.1046717Z hint:
2026-08-02T08:21:43.1047262Z hint: 	git config --global init.defaultBranch <name>
2026-08-02T08:21:43.1047948Z hint:
2026-08-02T08:21:43.1048624Z hint: Names commonly chosen instead of 'master' are 'main', 'trunk' and
2026-08-02T08:21:43.1049716Z hint: 'development'. The just-created branch can be renamed via this command:
2026-08-02T08:21:43.1050566Z hint:
2026-08-02T08:21:43.1050989Z hint: 	git branch -m <name>
2026-08-02T08:21:43.1051486Z hint:
2026-08-02T08:21:43.1052177Z hint: Disable this message with "git config set advice.defaultBranchName false"
2026-08-02T08:21:43.1060428Z Initialized empty Git repository in /home/runner/work/governseed/governseed/.git/
2026-08-02T08:21:43.1070731Z [command]/usr/bin/git remote add origin https://github.com/Eskasia/governseed
2026-08-02T08:21:43.1113832Z ##[endgroup]
2026-08-02T08:21:43.1114949Z ##[group]Disabling automatic garbage collection
2026-08-02T08:21:43.1118412Z [command]/usr/bin/git config --local gc.auto 0
2026-08-02T08:21:43.1158306Z ##[endgroup]
2026-08-02T08:21:43.1159085Z ##[group]Setting up auth
2026-08-02T08:21:43.1159919Z [command]/usr/bin/git config --local --name-only --get-regexp core\.sshCommand
2026-08-02T08:21:43.1199097Z [command]/usr/bin/git submodule foreach --recursive sh -c "git config --local --name-only --get-regexp 'core\.sshCommand' && git config --local --unset-all 'core.sshCommand' || :"
2026-08-02T08:21:43.1556528Z [command]/usr/bin/git config --local --name-only --get-regexp http\.https\:\/\/github\.com\/\.extraheader
2026-08-02T08:21:43.1596105Z [command]/usr/bin/git submodule foreach --recursive sh -c "git config --local --name-only --get-regexp 'http\.https\:\/\/github\.com\/\.extraheader' && git config --local --unset-all 'http.https://github.com/.extraheader' || :"
2026-08-02T08:21:43.1846410Z [command]/usr/bin/git config --local --name-only --get-regexp ^includeIf\.gitdir:
2026-08-02T08:21:43.1883818Z [command]/usr/bin/git submodule foreach --recursive git config --local --show-origin --name-only --get-regexp remote.origin.url
2026-08-02T08:21:43.2108082Z [command]/usr/bin/git config --local http.https://github.com/.extraheader AUTHORIZATION: basic ***
2026-08-02T08:21:43.2147787Z ##[endgroup]
2026-08-02T08:21:43.2148662Z ##[group]Fetching the repository
2026-08-02T08:21:43.2157637Z [command]/usr/bin/git -c protocol.version=2 fetch --no-tags --prune --no-recurse-submodules --depth=1 origin +38a19c8169ba16879b6fca1132f3bc0f5b6b3e85:refs/remotes/origin/main
2026-08-02T08:21:45.8496871Z From https://github.com/Eskasia/governseed
2026-08-02T08:21:45.8527622Z  * [new ref]         38a19c8169ba16879b6fca1132f3bc0f5b6b3e85 -> origin/main
2026-08-02T08:21:45.8529733Z ##[endgroup]
2026-08-02T08:21:45.8530628Z ##[group]Determining the checkout info
2026-08-02T08:21:45.8532383Z ##[endgroup]
2026-08-02T08:21:45.8538993Z [command]/usr/bin/git sparse-checkout disable
2026-08-02T08:21:45.8588200Z [command]/usr/bin/git config --local --unset-all extensions.worktreeConfig
2026-08-02T08:21:45.8619913Z ##[group]Checking out the ref
2026-08-02T08:21:45.8625060Z [command]/usr/bin/git checkout --progress --force -B main refs/remotes/origin/main
2026-08-02T08:21:46.1005108Z Switched to a new branch 'main'
2026-08-02T08:21:46.1026598Z branch 'main' set up to track 'origin/main'.
2026-08-02T08:21:46.1068645Z ##[endgroup]
2026-08-02T08:21:46.1117367Z [command]/usr/bin/git log -1 --format=%H
2026-08-02T08:21:46.1143757Z 38a19c8169ba16879b6fca1132f3bc0f5b6b3e85
2026-08-02T08:21:46.1485246Z Node 20 is being deprecated. This workflow is running with Node 24 by default. If you need to temporarily use Node 20, you can set the ACTIONS_ALLOW_USE_UNSECURE_NODE_VERSION=true environment variable. For more information see: https://github.blog/changelog/2025-09-19-deprecation-of-node-20-on-github-actions-runners/
2026-08-02T08:21:46.1487199Z ##[group]Run actions/download-artifact@v4
2026-08-02T08:21:46.1487524Z with:
2026-08-02T08:21:46.1487821Z   name: external-oss-v7-dependency-cache-TASK-OSS-03
2026-08-02T08:21:46.1488182Z   run-id: 30732978684
2026-08-02T08:21:46.1490829Z   github-token: ***
2026-08-02T08:21:46.1491122Z   repository: Eskasia/governseed
2026-08-02T08:21:46.1491475Z   path: /home/runner/work/_temp/v7-cache/TASK-OSS-03
2026-08-02T08:21:46.1491854Z   merge-multiple: false
2026-08-02T08:21:46.1492122Z env:
2026-08-02T08:21:46.1492363Z   BENCHMARK_ID: GS-OSS-2026-08-02-V8
2026-08-02T08:21:46.1492684Z   EVIDENCE_CLASS: external-observational
2026-08-02T08:21:46.1493053Z   V7_SOURCE_RUN_ID: 30732978684
2026-08-02T08:21:46.1493330Z ##[endgroup]
2026-08-02T08:21:46.3056169Z Downloading single artifact
2026-08-02T08:21:46.3128065Z (node:2248) [DEP0040] DeprecationWarning: The `punycode` module is deprecated. Please use a userland alternative instead.
2026-08-02T08:21:46.3353500Z (Use `node --trace-deprecation ...` to show where the warning was created)
2026-08-02T08:21:46.3355552Z (node:2248) [DEP0169] DeprecationWarning: `url.parse()` behavior is not standardized and prone to errors that have security implications. Use the WHATWG URL API instead. CVEs are not issued for `url.parse()` vulnerabilities.
2026-08-02T08:21:46.5439506Z Preparing to download the following artifacts:
2026-08-02T08:21:46.5441455Z - external-oss-v7-dependency-cache-TASK-OSS-03 (ID: 8828599733, Size: 503619764, Expected Digest: sha256:71332beae8097b1505d4b8dedc0d93502bd96e9b244473ed359f6891bbc50471)
2026-08-02T08:21:46.5478109Z Downloading artifact '8828599733' from 'Eskasia/governseed'
2026-08-02T08:21:46.7335586Z Redirecting to blob download url: https://productionresultssa7.blob.core.windows.net/actions-results/894d70b7-a56f-4aa7-8975-13e0ab562337/workflow-job-run-b421f315-81ea-5e0f-968a-a7597866c614/artifacts/9ea08923b23e20d1246401a96b6fd1ff9bc98a1452a0d8670b0c30f574960a4d.zip
2026-08-02T08:21:46.7337385Z Starting download of artifact to: /home/runner/work/_temp/v7-cache/TASK-OSS-03
2026-08-02T08:21:47.0972539Z (node:2248) [DEP0005] DeprecationWarning: Buffer() is deprecated due to security and usability issues. Please use the Buffer.alloc(), Buffer.allocUnsafe(), or Buffer.from() methods instead.
2026-08-02T08:22:05.9657650Z SHA256 digest of downloaded artifact is 71332beae8097b1505d4b8dedc0d93502bd96e9b244473ed359f6891bbc50471
2026-08-02T08:22:05.9658620Z Artifact download completed successfully.
2026-08-02T08:22:05.9659110Z Total of 1 artifact(s) downloaded
2026-08-02T08:22:05.9665228Z Download artifact has finished successfully
2026-08-02T08:22:05.9833856Z Node 20 is being deprecated. This workflow is running with Node 24 by default. If you need to temporarily use Node 20, you can set the ACTIONS_ALLOW_USE_UNSECURE_NODE_VERSION=true environment variable. For more information see: https://github.blog/changelog/2025-09-19-deprecation-of-node-20-on-github-actions-runners/
2026-08-02T08:22:05.9835532Z ##[group]Run actions/download-artifact@v4
2026-08-02T08:22:05.9835805Z with:
2026-08-02T08:22:05.9836048Z   name: external-oss-v8-runtime-image-TASK-OSS-03
2026-08-02T08:22:05.9836409Z   path: /home/runner/work/_temp/v8-runtime/TASK-OSS-03
2026-08-02T08:22:05.9836718Z   merge-multiple: false
2026-08-02T08:22:05.9836953Z   repository: Eskasia/governseed
2026-08-02T08:22:05.9837193Z   run-id: 30739570734
2026-08-02T08:22:05.9837588Z env:
2026-08-02T08:22:05.9837780Z   BENCHMARK_ID: GS-OSS-2026-08-02-V8
2026-08-02T08:22:05.9838051Z   EVIDENCE_CLASS: external-observational
2026-08-02T08:22:05.9838320Z   V7_SOURCE_RUN_ID: 30732978684
2026-08-02T08:22:05.9838569Z ##[endgroup]
2026-08-02T08:22:06.1319255Z Downloading single artifact
2026-08-02T08:22:06.1463543Z (node:2266) [DEP0040] DeprecationWarning: The `punycode` module is deprecated. Please use a userland alternative instead.
2026-08-02T08:22:06.1464735Z (Use `node --trace-deprecation ...` to show where the warning was created)
2026-08-02T08:22:06.3960375Z Preparing to download the following artifacts:
2026-08-02T08:22:06.3961747Z - external-oss-v8-runtime-image-TASK-OSS-03 (ID: 8830819001, Size: 402379955, Expected Digest: sha256:fc7271522eda7383f617c5b3e564168cdb3631e19052bb382ab8f3cf97b94043)
2026-08-02T08:22:06.5926065Z Redirecting to blob download url: https://productionresultssa2.blob.core.windows.net/actions-results/5987fa1b-97c2-4063-a1a9-b1135aa8062a/workflow-job-run-85de55d4-ac85-5d26-a022-9f83e5b1613f/artifacts/9c6a0d3bb1e4ec074b98410e17e170469fdcb223891f36613235a1a47eb69170.zip
2026-08-02T08:22:06.5928726Z Starting download of artifact to: /home/runner/work/_temp/v8-runtime/TASK-OSS-03
2026-08-02T08:22:06.9390476Z (node:2266) [DEP0005] DeprecationWarning: Buffer() is deprecated due to security and usability issues. Please use the Buffer.alloc(), Buffer.allocUnsafe(), or Buffer.from() methods instead.
2026-08-02T08:22:20.6955426Z SHA256 digest of downloaded artifact is fc7271522eda7383f617c5b3e564168cdb3631e19052bb382ab8f3cf97b94043
2026-08-02T08:22:20.6956404Z Artifact download completed successfully.
2026-08-02T08:22:20.6956904Z Total of 1 artifact(s) downloaded
2026-08-02T08:22:20.6963463Z Download artifact has finished successfully
2026-08-02T08:22:20.7130465Z Node 20 is being deprecated. This workflow is running with Node 24 by default. If you need to temporarily use Node 20, you can set the ACTIONS_ALLOW_USE_UNSECURE_NODE_VERSION=true environment variable. For more information see: https://github.blog/changelog/2025-09-19-deprecation-of-node-20-on-github-actions-runners/
2026-08-02T08:22:20.7131763Z ##[group]Run actions/download-artifact@v4
2026-08-02T08:22:20.7132041Z with:
2026-08-02T08:22:20.7132295Z   name: external-oss-v8-seed-identity-TASK-OSS-03
2026-08-02T08:22:20.7132661Z   path: /home/runner/work/_temp/v8-seed/TASK-OSS-03
2026-08-02T08:22:20.7132976Z   merge-multiple: false
2026-08-02T08:22:20.7133220Z   repository: Eskasia/governseed
2026-08-02T08:22:20.7133473Z   run-id: 30739570734
2026-08-02T08:22:20.7133679Z env:
2026-08-02T08:22:20.7133883Z   BENCHMARK_ID: GS-OSS-2026-08-02-V8
2026-08-02T08:22:20.7134166Z   EVIDENCE_CLASS: external-observational
2026-08-02T08:22:20.7134454Z   V7_SOURCE_RUN_ID: 30732978684
2026-08-02T08:22:20.7135147Z ##[endgroup]
2026-08-02T08:22:20.8645135Z Downloading single artifact
2026-08-02T08:22:20.8794549Z (node:2280) [DEP0040] DeprecationWarning: The `punycode` module is deprecated. Please use a userland alternative instead.
2026-08-02T08:22:20.8796091Z (Use `node --trace-deprecation ...` to show where the warning was created)
2026-08-02T08:22:21.1318674Z Preparing to download the following artifacts:
2026-08-02T08:22:21.1319914Z - external-oss-v8-seed-identity-TASK-OSS-03 (ID: 8830807032, Size: 489, Expected Digest: sha256:db5d4043cb765ca93905d2b22342c90fa2fb2c536e0a12aa489d16f4fbf7259a)
2026-08-02T08:22:21.3476004Z Redirecting to blob download url: https://productionresultssa2.blob.core.windows.net/actions-results/5987fa1b-97c2-4063-a1a9-b1135aa8062a/workflow-job-run-f6720912-3846-53e3-9cf6-30665a150dfe/artifacts/a719e8996cc042c16e179dc0157bd0db332bc244f2d5a0bc3abde42796cd6fdf.zip
2026-08-02T08:22:21.3477835Z Starting download of artifact to: /home/runner/work/_temp/v8-seed/TASK-OSS-03
2026-08-02T08:22:21.6582773Z (node:2280) [DEP0005] DeprecationWarning: Buffer() is deprecated due to security and usability issues. Please use the Buffer.alloc(), Buffer.allocUnsafe(), or Buffer.from() methods instead.
2026-08-02T08:22:21.6623371Z SHA256 digest of downloaded artifact is db5d4043cb765ca93905d2b22342c90fa2fb2c536e0a12aa489d16f4fbf7259a
2026-08-02T08:22:21.6624853Z Artifact download completed successfully.
2026-08-02T08:22:21.6625237Z Total of 1 artifact(s) downloaded
2026-08-02T08:22:21.6629709Z Download artifact has finished successfully
2026-08-02T08:22:21.6749743Z ##[group]Run set -euo pipefail
2026-08-02T08:22:21.6750150Z [36;1mset -euo pipefail[0m
2026-08-02T08:22:21.6750458Z [36;1msource="$RUNNER_TEMP/v7-cache/$TASK_ID"[0m
2026-08-02T08:22:21.6750814Z [36;1mruntime="$RUNNER_TEMP/v8-runtime/$TASK_ID"[0m
2026-08-02T08:22:21.6751232Z [36;1mseed_identity="$RUNNER_TEMP/v8-seed/$TASK_ID/seed-identity.json"[0m
2026-08-02T08:22:21.6751655Z [36;1martifact="$RUNNER_TEMP/v8-cache/$TASK_ID"[0m
2026-08-02T08:22:21.6751966Z [36;1mmkdir -p "$artifact"[0m
2026-08-02T08:22:21.6752231Z [36;1mtest -f "$source/cache.tgz"[0m
2026-08-02T08:22:21.6752531Z [36;1mtest -f "$source/cache-manifest.json"[0m
2026-08-02T08:22:21.6752827Z [36;1mtest -f "$source/seed.tgz"[0m
2026-08-02T08:22:21.6753116Z [36;1mtest -f "$source/cache-roots.txt"[0m
2026-08-02T08:22:21.6753482Z [36;1mcache_sha=$(sha256sum "$source/cache.tgz" | awk '{print $1}')[0m
2026-08-02T08:22:21.6753913Z [36;1mseed_sha=$(sha256sum "$source/seed.tgz" | awk '{print $1}')[0m
2026-08-02T08:22:21.6754416Z [36;1mmanifest_sha=$(sha256sum "$source/cache-manifest.json" | awk '{print $1}')[0m
2026-08-02T08:22:21.6755434Z [36;1mtest "$cache_sha" = "$(node --input-type=module - "$source/cache-manifest.json" <<'NODE'[0m
2026-08-02T08:22:21.6755930Z [36;1mimport { readFileSync } from 'node:fs';[0m
2026-08-02T08:22:21.6756377Z [36;1mconsole.log(JSON.parse(readFileSync(process.argv[2], 'utf8')).cacheSha256);[0m
2026-08-02T08:22:21.6756794Z [36;1mNODE[0m
2026-08-02T08:22:21.6756991Z [36;1m)"[0m
2026-08-02T08:22:21.6757352Z [36;1mtest "$seed_sha" = "$(node --input-type=module - "$source/cache-manifest.json" <<'NODE'[0m
2026-08-02T08:22:21.6757819Z [36;1mimport { readFileSync } from 'node:fs';[0m
2026-08-02T08:22:21.6758280Z [36;1mconsole.log(JSON.parse(readFileSync(process.argv[2], 'utf8')).seedArchiveSha256);[0m
2026-08-02T08:22:21.6758719Z [36;1mNODE[0m
2026-08-02T08:22:21.6758911Z [36;1m)"[0m
2026-08-02T08:22:21.6759218Z [36;1mtest "$manifest_sha" = "$(awk '{print $1}' "$source/manifest.sha256")"[0m
2026-08-02T08:22:21.6759770Z [36;1mtest "$cache_sha" = "$(node --input-type=module - "$source/cache-manifest.json" <<'NODE'[0m
2026-08-02T08:22:21.6760238Z [36;1mimport { readFileSync } from 'node:fs';[0m
2026-08-02T08:22:21.6760670Z [36;1mconsole.log(JSON.parse(readFileSync(process.argv[2], 'utf8')).cacheSha256);[0m
2026-08-02T08:22:21.6761067Z [36;1mNODE[0m
2026-08-02T08:22:21.6761265Z [36;1m)"[0m
2026-08-02T08:22:21.6761584Z [36;1mruntime_sha=$(sha256sum "$runtime/runtime-image.tgz" | awk '{print $1}')[0m
2026-08-02T08:22:21.6762141Z [36;1mtest "$runtime_sha" = "$(node --input-type=module - "$source/cache-manifest.json" <<'NODE'[0m
2026-08-02T08:22:21.6762616Z [36;1mimport { readFileSync } from 'node:fs';[0m
2026-08-02T08:22:21.6763098Z [36;1mconsole.log(JSON.parse(readFileSync(process.argv[2], 'utf8')).runtimeImageArchiveSha256);[0m
2026-08-02T08:22:21.6763548Z [36;1mNODE[0m
2026-08-02T08:22:21.6763743Z [36;1m)"[0m
2026-08-02T08:22:21.6764063Z [36;1mtest "$(node --input-type=module - "$source/cache-manifest.json" <<'NODE'[0m
2026-08-02T08:22:21.6764488Z [36;1mimport { readFileSync } from 'node:fs';[0m
2026-08-02T08:22:21.6765249Z [36;1mconsole.log(JSON.parse(readFileSync(process.argv[2], 'utf8')).sealedSeedCommit);[0m
2026-08-02T08:22:21.6765679Z [36;1mNODE[0m
2026-08-02T08:22:21.6765957Z [36;1m)" = "$(node --input-type=module - "$seed_identity" <<'NODE'[0m
2026-08-02T08:22:21.6766329Z [36;1mimport { readFileSync } from 'node:fs';[0m
2026-08-02T08:22:21.6766773Z [36;1mconsole.log(JSON.parse(readFileSync(process.argv[2], 'utf8')).sealedSeedCommit);[0m
2026-08-02T08:22:21.6767192Z [36;1mNODE[0m
2026-08-02T08:22:21.6767379Z [36;1m)"[0m
2026-08-02T08:22:21.6767919Z [36;1mtest "$(node --input-type=module - "$source/cache-manifest.json" <<'NODE'[0m
2026-08-02T08:22:21.6768334Z [36;1mimport { readFileSync } from 'node:fs';[0m
2026-08-02T08:22:21.6768935Z [36;1mconsole.log(JSON.parse(readFileSync(process.argv[2], 'utf8')).sealedSeedTreeSha256);[0m
2026-08-02T08:22:21.6769384Z [36;1mNODE[0m
2026-08-02T08:22:21.6769646Z [36;1m)" = "$(node --input-type=module - "$seed_identity" <<'NODE'[0m
2026-08-02T08:22:21.6770003Z [36;1mimport { readFileSync } from 'node:fs';[0m
2026-08-02T08:22:21.6770457Z [36;1mconsole.log(JSON.parse(readFileSync(process.argv[2], 'utf8')).sealedSeedTreeSha256);[0m
2026-08-02T08:22:21.6770907Z [36;1mNODE[0m
2026-08-02T08:22:21.6771095Z [36;1m)"[0m
2026-08-02T08:22:21.6771411Z [36;1mtest "$(node --input-type=module - "$source/cache-manifest.json" <<'NODE'[0m
2026-08-02T08:22:21.6771833Z [36;1mimport { readFileSync } from 'node:fs';[0m
2026-08-02T08:22:21.6772264Z [36;1mconsole.log(JSON.parse(readFileSync(process.argv[2], 'utf8')).runtimeImageId);[0m
2026-08-02T08:22:21.6772679Z [36;1mNODE[0m
2026-08-02T08:22:21.6773014Z [36;1m)" = "$(node --input-type=module - "$runtime/runtime-image-receipt.json" <<'NODE'[0m
2026-08-02T08:22:21.6773455Z [36;1mimport { readFileSync } from 'node:fs';[0m
2026-08-02T08:22:21.6773882Z [36;1mconsole.log(JSON.parse(readFileSync(process.argv[2], 'utf8')).imageId);[0m
2026-08-02T08:22:21.6774312Z [36;1mNODE[0m
2026-08-02T08:22:21.6774499Z [36;1m)"[0m
2026-08-02T08:22:21.6774972Z [36;1mcp -R "$source/." "$artifact/"[0m
2026-08-02T08:22:21.6775357Z [36;1mcp "$runtime/runtime-image.tgz" "$artifact/runtime-image.tgz"[0m
2026-08-02T08:22:21.6775874Z [36;1mcp "$runtime/runtime-image-receipt.json" "$artifact/runtime-image-receipt.json"[0m
2026-08-02T08:22:21.6776475Z [36;1mcp "$runtime/inherited-runtime-image.json" "$artifact/inherited-runtime-image.json"[0m
2026-08-02T08:22:21.6777261Z [36;1mSOURCE_SHA=$(sha256sum "$source/cache-manifest.json" | awk '{print $1}') node --input-type=module - "$artifact/inherited-cache.json" <<'NODE'[0m
2026-08-02T08:22:21.6777953Z [36;1mimport { readFileSync, writeFileSync } from 'node:fs';[0m
2026-08-02T08:22:21.6778624Z [36;1mconst manifest = JSON.parse(readFileSync(`${process.env.RUNNER_TEMP}/v7-cache/${process.env.TASK_ID}/cache-manifest.json`, 'utf8'));[0m
2026-08-02T08:22:21.6781648Z [36;1mwriteFileSync(process.argv[2], JSON.stringify({ schemaVersion: 1, benchmarkId: process.env.BENCHMARK_ID, evidenceClass: process.env.EVIDENCE_CLASS, taskId: process.env.TASK_ID, sourceRunId: Number(process.env.V7_SOURCE_RUN_ID), sourceArtifact: `external-oss-v7-dependency-cache-${process.env.TASK_ID}`, sourceManifestSha256: process.env.SOURCE_SHA, cacheSha256: manifest.cacheSha256, runtimeImageArchiveSha256: manifest.runtimeImageArchiveSha256, sealedSeedCommit: manifest.sealedSeedCommit, sealedSeedTreeSha256: manifest.sealedSeedTreeSha256, measuredNetworkUsed: false, cacheReadOnlyByMount: true, status: 'READY', claimBoundary: 'Inherited V7 cache identity only; V8 mount and offline qualification are separate.' }, null, 2) + '\n');[0m
2026-08-02T08:22:21.6784338Z [36;1mNODE[0m
2026-08-02T08:22:21.6833872Z shell: /usr/bin/bash --noprofile --norc -e -o pipefail {0}
2026-08-02T08:22:21.6834235Z env:
2026-08-02T08:22:21.6834460Z   BENCHMARK_ID: GS-OSS-2026-08-02-V8
2026-08-02T08:22:21.6835076Z   EVIDENCE_CLASS: external-observational
2026-08-02T08:22:21.6835370Z   V7_SOURCE_RUN_ID: 30732978684
2026-08-02T08:22:21.6835625Z   TASK_ID: TASK-OSS-03
2026-08-02T08:22:21.6835849Z ##[endgroup]
2026-08-02T08:22:23.6950984Z Node 20 is being deprecated. This workflow is running with Node 24 by default. If you need to temporarily use Node 20, you can set the ACTIONS_ALLOW_USE_UNSECURE_NODE_VERSION=true environment variable. For more information see: https://github.blog/changelog/2025-09-19-deprecation-of-node-20-on-github-actions-runners/
2026-08-02T08:22:23.6952281Z ##[group]Run actions/upload-artifact@v4
2026-08-02T08:22:23.6952560Z with:
2026-08-02T08:22:23.6952825Z   name: external-oss-v8-dependency-cache-TASK-OSS-03
2026-08-02T08:22:23.6953376Z   path: /home/runner/work/_temp/v8-cache/TASK-OSS-03/
2026-08-02T08:22:23.6953692Z   if-no-files-found: ignore
2026-08-02T08:22:23.6953943Z   compression-level: 6
2026-08-02T08:22:23.6954171Z   overwrite: false
2026-08-02T08:22:23.6954401Z   include-hidden-files: false
2026-08-02T08:22:23.6954842Z env:
2026-08-02T08:22:23.6955050Z   BENCHMARK_ID: GS-OSS-2026-08-02-V8
2026-08-02T08:22:23.6955337Z   EVIDENCE_CLASS: external-observational
2026-08-02T08:22:23.6955649Z   V7_SOURCE_RUN_ID: 30732978684
2026-08-02T08:22:23.6955895Z ##[endgroup]
2026-08-02T08:22:23.8720699Z (node:2401) [DEP0040] DeprecationWarning: The `punycode` module is deprecated. Please use a userland alternative instead.
2026-08-02T08:22:23.8721697Z (Use `node --trace-deprecation ...` to show where the warning was created)
2026-08-02T08:22:23.8830266Z With the provided path, there will be 11 files uploaded
2026-08-02T08:22:23.8831427Z Artifact name is valid!
2026-08-02T08:22:23.8832015Z Root directory input is valid!
2026-08-02T08:22:24.1939854Z Beginning upload of artifact content to blob storage
2026-08-02T08:22:24.5917365Z (node:2401) [DEP0169] DeprecationWarning: `url.parse()` behavior is not standardized and prone to errors that have security implications. Use the WHATWG URL API instead. CVEs are not issued for `url.parse()` vulnerabilities.
2026-08-02T08:22:25.5895217Z Uploaded bytes 8388608
2026-08-02T08:22:25.8258614Z Uploaded bytes 16777216
2026-08-02T08:22:25.9426874Z Uploaded bytes 25165824
2026-08-02T08:22:26.0828627Z Uploaded bytes 33554432
2026-08-02T08:22:26.2090004Z Uploaded bytes 41943040
2026-08-02T08:22:26.3411900Z Uploaded bytes 50331648
2026-08-02T08:22:26.4619339Z Uploaded bytes 58720256
2026-08-02T08:22:26.7915375Z Uploaded bytes 67108864
2026-08-02T08:22:26.9265714Z Uploaded bytes 75497472
2026-08-02T08:22:27.1755405Z Uploaded bytes 83886080
2026-08-02T08:22:27.4209748Z Uploaded bytes 92274688
2026-08-02T08:22:27.6667566Z Uploaded bytes 100663296
2026-08-02T08:22:27.9050486Z Uploaded bytes 109051904
2026-08-02T08:22:28.1394402Z Uploaded bytes 117440512
2026-08-02T08:22:28.4173164Z Uploaded bytes 125829120
2026-08-02T08:22:28.6510971Z Uploaded bytes 134217728
2026-08-02T08:22:28.8437255Z Uploaded bytes 142606336
2026-08-02T08:22:29.1006125Z Uploaded bytes 150994944
2026-08-02T08:22:29.3341266Z Uploaded bytes 159383552
2026-08-02T08:22:29.5672760Z Uploaded bytes 167772160
2026-08-02T08:22:29.8533804Z Uploaded bytes 176160768
2026-08-02T08:22:30.0583732Z Uploaded bytes 184549376
2026-08-02T08:22:30.3370162Z Uploaded bytes 192937984
2026-08-02T08:22:30.5870668Z Uploaded bytes 201326592
2026-08-02T08:22:30.8295811Z Uploaded bytes 209715200
2026-08-02T08:22:31.0914681Z Uploaded bytes 218103808
2026-08-02T08:22:31.3183115Z Uploaded bytes 226492416
2026-08-02T08:22:31.5776885Z Uploaded bytes 234881024
2026-08-02T08:22:31.8819453Z Uploaded bytes 243269632
2026-08-02T08:22:32.0557121Z Uploaded bytes 251658240
2026-08-02T08:22:32.3308146Z Uploaded bytes 260046848
2026-08-02T08:22:32.5381813Z Uploaded bytes 268435456
2026-08-02T08:22:32.7857213Z Uploaded bytes 276824064
2026-08-02T08:22:33.0201235Z Uploaded bytes 285212672
2026-08-02T08:22:33.2735794Z Uploaded bytes 293601280
2026-08-02T08:22:33.5089094Z Uploaded bytes 301989888
2026-08-02T08:22:33.7797272Z Uploaded bytes 310378496
2026-08-02T08:22:34.0498218Z Uploaded bytes 318767104
2026-08-02T08:22:34.3842216Z Uploaded bytes 327155712
2026-08-02T08:22:34.5707132Z Uploaded bytes 335544320
2026-08-02T08:22:34.7743002Z Uploaded bytes 343932928
2026-08-02T08:22:35.0381108Z Uploaded bytes 352321536
2026-08-02T08:22:35.3025261Z Uploaded bytes 360710144
2026-08-02T08:22:35.5416197Z Uploaded bytes 369098752
2026-08-02T08:22:35.7849429Z Uploaded bytes 377487360
2026-08-02T08:22:35.9960937Z Uploaded bytes 385875968
2026-08-02T08:22:36.2601761Z Uploaded bytes 394264576
2026-08-02T08:22:36.4810579Z Uploaded bytes 402653184
2026-08-02T08:22:36.7310354Z Uploaded bytes 411041792
2026-08-02T08:22:36.9803026Z Uploaded bytes 419430400
2026-08-02T08:22:37.2152991Z Uploaded bytes 427819008
2026-08-02T08:22:37.4603694Z Uploaded bytes 436207616
2026-08-02T08:22:37.6924726Z Uploaded bytes 444596224
2026-08-02T08:22:37.9112952Z Uploaded bytes 452984832
2026-08-02T08:22:38.1976552Z Uploaded bytes 461373440
2026-08-02T08:22:38.4111298Z Uploaded bytes 469762048
2026-08-02T08:22:38.6885338Z Uploaded bytes 478150656
2026-08-02T08:22:38.9473998Z Uploaded bytes 486539264
2026-08-02T08:22:39.1501809Z Uploaded bytes 494927872
2026-08-02T08:22:39.3957622Z Uploaded bytes 503316480
2026-08-02T08:22:39.4852866Z Uploaded bytes 503621020
2026-08-02T08:22:39.5687040Z Finished uploading artifact content to blob storage!
2026-08-02T08:22:39.5691011Z SHA256 digest of uploaded artifact zip is 54241298f5e0bf8bc28b70978592a02f259d7bf400b659aa9a3397c56b43b0fb
2026-08-02T08:22:39.5693665Z Finalizing artifact upload
2026-08-02T08:22:39.9327239Z Artifact external-oss-v8-dependency-cache-TASK-OSS-03.zip successfully finalized. Artifact ID 8830831990
2026-08-02T08:22:39.9328947Z Artifact external-oss-v8-dependency-cache-TASK-OSS-03 has been successfully uploaded! Final size is 503621020 bytes. Artifact ID is 8830831990
2026-08-02T08:22:39.9336195Z Artifact download URL: https://github.com/Eskasia/governseed/actions/runs/30739570734/artifacts/8830831990
2026-08-02T08:22:39.9556158Z Node 20 is being deprecated. This workflow is running with Node 24 by default. If you need to temporarily use Node 20, you can set the ACTIONS_ALLOW_USE_UNSECURE_NODE_VERSION=true environment variable. For more information see: https://github.blog/changelog/2025-09-19-deprecation-of-node-20-on-github-actions-runners/
2026-08-02T08:22:39.9557420Z Post job cleanup.
2026-08-02T08:22:40.0432017Z [command]/usr/bin/git version
2026-08-02T08:22:40.0477434Z git version 2.54.0
2026-08-02T08:22:40.1017941Z Temporarily overriding HOME='/home/runner/work/_temp/4f3196c3-7165-4221-bc8d-b5a1ddf2580e' before making global git config changes
2026-08-02T08:22:40.1019458Z Adding repository directory to the temporary git global config as a safe directory
2026-08-02T08:22:40.1027078Z [command]/usr/bin/git config --global --add safe.directory /home/runner/work/governseed/governseed
2026-08-02T08:22:40.1072369Z [command]/usr/bin/git config --local --name-only --get-regexp core\.sshCommand
2026-08-02T08:22:40.1116146Z [command]/usr/bin/git submodule foreach --recursive sh -c "git config --local --name-only --get-regexp 'core\.sshCommand' && git config --local --unset-all 'core.sshCommand' || :"
2026-08-02T08:22:40.1370606Z [command]/usr/bin/git config --local --name-only --get-regexp http\.https\:\/\/github\.com\/\.extraheader
2026-08-02T08:22:40.1404696Z http.https://github.com/.extraheader
2026-08-02T08:22:40.1417227Z [command]/usr/bin/git config --local --unset-all http.https://github.com/.extraheader
2026-08-02T08:22:40.1453487Z [command]/usr/bin/git submodule foreach --recursive sh -c "git config --local --name-only --get-regexp 'http\.https\:\/\/github\.com\/\.extraheader' && git config --local --unset-all 'http.https://github.com/.extraheader' || :"
2026-08-02T08:22:40.1707590Z [command]/usr/bin/git config --local --name-only --get-regexp ^includeIf\.gitdir:
2026-08-02T08:22:40.1747101Z [command]/usr/bin/git submodule foreach --recursive git config --local --show-origin --name-only --get-regexp remote.origin.url
2026-08-02T08:22:40.2125771Z Cleaning up orphan processes
2026-08-02T08:22:40.2437571Z ##[warning]Node.js 20 is deprecated. The following actions target Node.js 20 but are being forced to run on Node.js 24: actions/checkout@v4, actions/download-artifact@v4, actions/upload-artifact@v4. For more information see: https://github.blog/changelog/2025-09-19-deprecation-of-node-20-on-github-actions-runners/
