2026-08-02T08:24:30.0323919Z Current runner version: '2.336.0'
2026-08-02T08:24:30.0374614Z ##[group]Runner Image Provisioner
2026-08-02T08:24:30.0375595Z Hosted Compute Agent
2026-08-02T08:24:30.0376166Z Version: 20260707.563
2026-08-02T08:24:30.0376874Z Commit: 02667638d2b423fbc733a8e32a88b44996a3ba6e
2026-08-02T08:24:30.0377592Z Build Date: 2026-07-07T19:33:50Z
2026-08-02T08:24:30.0378248Z Worker ID: {6016966e-1d7f-4ff8-9aaa-92aa718d5c60}
2026-08-02T08:24:30.0379023Z Azure Region: westcentralus
2026-08-02T08:24:30.0379611Z ##[endgroup]
2026-08-02T08:24:30.0381519Z ##[group]Operating System
2026-08-02T08:24:30.0382168Z Ubuntu
2026-08-02T08:24:30.0382670Z 24.04.4
2026-08-02T08:24:30.0383213Z LTS
2026-08-02T08:24:30.0383714Z ##[endgroup]
2026-08-02T08:24:30.0384618Z ##[group]Runner Image
2026-08-02T08:24:30.0385538Z Image: ubuntu-24.04
2026-08-02T08:24:30.0386110Z Version: 20260720.247.2
2026-08-02T08:24:30.0387431Z Included Software: https://github.com/actions/runner-images/blob/ubuntu24/20260720.247/images/ubuntu/Ubuntu2404-Readme.md
2026-08-02T08:24:30.0389009Z Image Release: https://github.com/actions/runner-images/releases/tag/ubuntu24%2F20260720.247
2026-08-02T08:24:30.0390041Z ##[endgroup]
2026-08-02T08:24:30.0391248Z ##[group]GITHUB_TOKEN Permissions
2026-08-02T08:24:30.0393502Z Actions: read
2026-08-02T08:24:30.0394133Z Contents: read
2026-08-02T08:24:30.0395429Z Metadata: read
2026-08-02T08:24:30.0396078Z ##[endgroup]
2026-08-02T08:24:30.0398234Z Secret source: Actions
2026-08-02T08:24:30.0399672Z Prepare workflow directory
2026-08-02T08:24:30.0871308Z Prepare all required actions
2026-08-02T08:24:30.0920990Z Getting action download info
2026-08-02T08:24:30.3915173Z Download action repository 'actions/checkout@v4' (SHA:11d5960a326750d5838078e36cf38b85af677262)
2026-08-02T08:24:31.0214930Z Download action repository 'actions/download-artifact@v4' (SHA:d3f86a106a0bac45b974a628896c90dbdf5c8093)
2026-08-02T08:24:31.7860035Z Download action repository 'actions/upload-artifact@v4' (SHA:ea165f8d65b6e75b540449e92b4886f43607fa02)
2026-08-02T08:24:32.0206247Z Complete job name: Verify V8 cache offline (TASK-OSS-03)
2026-08-02T08:24:32.1150660Z Node 20 is being deprecated. This workflow is running with Node 24 by default. If you need to temporarily use Node 20, you can set the ACTIONS_ALLOW_USE_UNSECURE_NODE_VERSION=true environment variable. For more information see: https://github.blog/changelog/2025-09-19-deprecation-of-node-20-on-github-actions-runners/
2026-08-02T08:24:32.1162339Z ##[group]Run actions/checkout@v4
2026-08-02T08:24:32.1163563Z with:
2026-08-02T08:24:32.1164516Z   fetch-depth: 1
2026-08-02T08:24:32.1165414Z   repository: Eskasia/governseed
2026-08-02T08:24:32.1174509Z   token: ***
2026-08-02T08:24:32.1175304Z   ssh-strict: true
2026-08-02T08:24:32.1176108Z   ssh-user: git
2026-08-02T08:24:32.1176923Z   persist-credentials: true
2026-08-02T08:24:32.1177840Z   clean: true
2026-08-02T08:24:32.1178667Z   sparse-checkout-cone-mode: true
2026-08-02T08:24:32.1179669Z   fetch-tags: false
2026-08-02T08:24:32.1180503Z   show-progress: true
2026-08-02T08:24:32.1181367Z   lfs: false
2026-08-02T08:24:32.1182173Z   submodules: false
2026-08-02T08:24:32.1183024Z   set-safe-directory: true
2026-08-02T08:24:32.1183975Z   allow-unsafe-pr-checkout: false
2026-08-02T08:24:32.1185386Z env:
2026-08-02T08:24:32.1186177Z   BENCHMARK_ID: GS-OSS-2026-08-02-V8
2026-08-02T08:24:32.1187264Z   EVIDENCE_CLASS: external-observational
2026-08-02T08:24:32.1188393Z   V7_SOURCE_RUN_ID: 30732978684
2026-08-02T08:24:32.1189305Z ##[endgroup]
2026-08-02T08:24:32.2283374Z Syncing repository: Eskasia/governseed
2026-08-02T08:24:32.2286478Z ##[group]Getting Git version info
2026-08-02T08:24:32.2288108Z Working directory is '/home/runner/work/governseed/governseed'
2026-08-02T08:24:32.2290167Z [command]/usr/bin/git version
2026-08-02T08:24:32.2365347Z git version 2.54.0
2026-08-02T08:24:32.2398040Z ##[endgroup]
2026-08-02T08:24:32.2414510Z Temporarily overriding HOME='/home/runner/work/_temp/14220998-81a7-44af-bfbf-9548073f807b' before making global git config changes
2026-08-02T08:24:32.2418908Z Adding repository directory to the temporary git global config as a safe directory
2026-08-02T08:24:32.2422321Z [command]/usr/bin/git config --global --add safe.directory /home/runner/work/governseed/governseed
2026-08-02T08:24:32.2482786Z Deleting the contents of '/home/runner/work/governseed/governseed'
2026-08-02T08:24:32.2489799Z ##[group]Initializing the repository
2026-08-02T08:24:32.2495773Z [command]/usr/bin/git init /home/runner/work/governseed/governseed
2026-08-02T08:24:32.2617024Z hint: Using 'master' as the name for the initial branch. This default branch name
2026-08-02T08:24:32.2619669Z hint: will change to "main" in Git 3.0. To configure the initial branch name
2026-08-02T08:24:32.2622188Z hint: to use in all of your new repositories, which will suppress this warning,
2026-08-02T08:24:32.2624584Z hint: call:
2026-08-02T08:24:32.2625824Z hint:
2026-08-02T08:24:32.2627359Z hint: 	git config --global init.defaultBranch <name>
2026-08-02T08:24:32.2629034Z hint:
2026-08-02T08:24:32.2630877Z hint: Names commonly chosen instead of 'master' are 'main', 'trunk' and
2026-08-02T08:24:32.2633328Z hint: 'development'. The just-created branch can be renamed via this command:
2026-08-02T08:24:32.2635451Z hint:
2026-08-02T08:24:32.2636788Z hint: 	git branch -m <name>
2026-08-02T08:24:32.2638137Z hint:
2026-08-02T08:24:32.2639850Z hint: Disable this message with "git config set advice.defaultBranchName false"
2026-08-02T08:24:32.2647149Z Initialized empty Git repository in /home/runner/work/governseed/governseed/.git/
2026-08-02T08:24:32.2660874Z [command]/usr/bin/git remote add origin https://github.com/Eskasia/governseed
2026-08-02T08:24:32.2711288Z ##[endgroup]
2026-08-02T08:24:32.2717089Z ##[group]Disabling automatic garbage collection
2026-08-02T08:24:32.2718462Z [command]/usr/bin/git config --local gc.auto 0
2026-08-02T08:24:32.2756141Z ##[endgroup]
2026-08-02T08:24:32.2757511Z ##[group]Setting up auth
2026-08-02T08:24:32.2764850Z [command]/usr/bin/git config --local --name-only --get-regexp core\.sshCommand
2026-08-02T08:24:32.2819998Z [command]/usr/bin/git submodule foreach --recursive sh -c "git config --local --name-only --get-regexp 'core\.sshCommand' && git config --local --unset-all 'core.sshCommand' || :"
2026-08-02T08:24:32.3222535Z [command]/usr/bin/git config --local --name-only --get-regexp http\.https\:\/\/github\.com\/\.extraheader
2026-08-02T08:24:32.3261987Z [command]/usr/bin/git submodule foreach --recursive sh -c "git config --local --name-only --get-regexp 'http\.https\:\/\/github\.com\/\.extraheader' && git config --local --unset-all 'http.https://github.com/.extraheader' || :"
2026-08-02T08:24:32.3492673Z [command]/usr/bin/git config --local --name-only --get-regexp ^includeIf\.gitdir:
2026-08-02T08:24:32.3531311Z [command]/usr/bin/git submodule foreach --recursive git config --local --show-origin --name-only --get-regexp remote.origin.url
2026-08-02T08:24:32.3764142Z [command]/usr/bin/git config --local http.https://github.com/.extraheader AUTHORIZATION: basic ***
2026-08-02T08:24:32.3806869Z ##[endgroup]
2026-08-02T08:24:32.3808416Z ##[group]Fetching the repository
2026-08-02T08:24:32.3817607Z [command]/usr/bin/git -c protocol.version=2 fetch --no-tags --prune --no-recurse-submodules --depth=1 origin +38a19c8169ba16879b6fca1132f3bc0f5b6b3e85:refs/remotes/origin/main
2026-08-02T08:24:35.6705257Z From https://github.com/Eskasia/governseed
2026-08-02T08:24:35.6706231Z  * [new ref]         38a19c8169ba16879b6fca1132f3bc0f5b6b3e85 -> origin/main
2026-08-02T08:24:35.6755044Z ##[endgroup]
2026-08-02T08:24:35.6756273Z ##[group]Determining the checkout info
2026-08-02T08:24:35.6757283Z ##[endgroup]
2026-08-02T08:24:35.6758093Z [command]/usr/bin/git sparse-checkout disable
2026-08-02T08:24:35.6812554Z [command]/usr/bin/git config --local --unset-all extensions.worktreeConfig
2026-08-02T08:24:35.6852767Z ##[group]Checking out the ref
2026-08-02T08:24:35.6857817Z [command]/usr/bin/git checkout --progress --force -B main refs/remotes/origin/main
2026-08-02T08:24:35.9252464Z Switched to a new branch 'main'
2026-08-02T08:24:35.9253957Z branch 'main' set up to track 'origin/main'.
2026-08-02T08:24:35.9305461Z ##[endgroup]
2026-08-02T08:24:35.9357092Z [command]/usr/bin/git log -1 --format=%H
2026-08-02T08:24:35.9386865Z 38a19c8169ba16879b6fca1132f3bc0f5b6b3e85
2026-08-02T08:24:35.9643777Z Node 20 is being deprecated. This workflow is running with Node 24 by default. If you need to temporarily use Node 20, you can set the ACTIONS_ALLOW_USE_UNSECURE_NODE_VERSION=true environment variable. For more information see: https://github.blog/changelog/2025-09-19-deprecation-of-node-20-on-github-actions-runners/
2026-08-02T08:24:35.9646173Z ##[group]Run actions/download-artifact@v4
2026-08-02T08:24:35.9646464Z with:
2026-08-02T08:24:35.9646725Z   name: external-oss-v8-dependency-cache-TASK-OSS-03
2026-08-02T08:24:35.9647086Z   path: /home/runner/work/_temp/v8-input/TASK-OSS-03
2026-08-02T08:24:35.9647393Z   merge-multiple: false
2026-08-02T08:24:35.9647637Z   repository: Eskasia/governseed
2026-08-02T08:24:35.9647899Z   run-id: 30739570734
2026-08-02T08:24:35.9648100Z env:
2026-08-02T08:24:35.9648307Z   BENCHMARK_ID: GS-OSS-2026-08-02-V8
2026-08-02T08:24:35.9648590Z   EVIDENCE_CLASS: external-observational
2026-08-02T08:24:35.9648871Z   V7_SOURCE_RUN_ID: 30732978684
2026-08-02T08:24:35.9649136Z ##[endgroup]
2026-08-02T08:24:36.1160061Z Downloading single artifact
2026-08-02T08:24:36.1316514Z (node:2291) [DEP0040] DeprecationWarning: The `punycode` module is deprecated. Please use a userland alternative instead.
2026-08-02T08:24:36.3288175Z (Use `node --trace-deprecation ...` to show where the warning was created)
2026-08-02T08:24:36.3316106Z Preparing to download the following artifacts:
2026-08-02T08:24:36.3317513Z - external-oss-v8-dependency-cache-TASK-OSS-03 (ID: 8830831990, Size: 503621020, Expected Digest: sha256:54241298f5e0bf8bc28b70978592a02f259d7bf400b659aa9a3397c56b43b0fb)
2026-08-02T08:24:36.4966005Z Redirecting to blob download url: https://productionresultssa2.blob.core.windows.net/actions-results/5987fa1b-97c2-4063-a1a9-b1135aa8062a/workflow-job-run-fc8bb874-270f-538e-9364-6e24b7bcb0e8/artifacts/832f0df008fe1ea67ae7beaf17995516c67dbdbb92a8df00f60e431f0b409f61.zip
2026-08-02T08:24:36.4968634Z Starting download of artifact to: /home/runner/work/_temp/v8-input/TASK-OSS-03
2026-08-02T08:24:36.7606093Z (node:2291) [DEP0005] DeprecationWarning: Buffer() is deprecated due to security and usability issues. Please use the Buffer.alloc(), Buffer.allocUnsafe(), or Buffer.from() methods instead.
2026-08-02T08:24:56.8859118Z SHA256 digest of downloaded artifact is 54241298f5e0bf8bc28b70978592a02f259d7bf400b659aa9a3397c56b43b0fb
2026-08-02T08:24:56.8859900Z Artifact download completed successfully.
2026-08-02T08:24:56.8860295Z Total of 1 artifact(s) downloaded
2026-08-02T08:24:56.8868201Z Download artifact has finished successfully
2026-08-02T08:24:56.9035993Z ##[group]Run set -euo pipefail
2026-08-02T08:24:56.9036475Z [36;1mset -euo pipefail[0m
2026-08-02T08:24:56.9036797Z [36;1minput="$RUNNER_TEMP/v8-input/$TASK_ID"[0m
2026-08-02T08:24:56.9037177Z [36;1mroot="$RUNNER_TEMP/v8-offline/$TASK_ID"[0m
2026-08-02T08:24:56.9037475Z [36;1mseed="$root/seed"[0m
2026-08-02T08:24:56.9037716Z [36;1mcache="$root/cache"[0m
2026-08-02T08:24:56.9037984Z [36;1mnegative_cache="$root/negative-cache"[0m
2026-08-02T08:24:56.9038281Z [36;1mharness="$root/harness"[0m
2026-08-02T08:24:56.9038563Z [36;1mout="$RUNNER_TEMP/v8-receipts/$TASK_ID"[0m
2026-08-02T08:24:56.9038948Z [36;1mmkdir -p "$seed" "$cache" "$negative_cache" "$harness" "$out"[0m
2026-08-02T08:24:56.9039333Z [36;1mtar -xzf "$input/seed.tgz" -C "$seed"[0m
2026-08-02T08:24:56.9039661Z [36;1mtar -xzf "$input/cache.tgz" -C "$cache"[0m
2026-08-02T08:24:56.9039956Z [36;1mchmod -R a-w "$cache"[0m
2026-08-02T08:24:56.9040223Z [36;1mcp -a "$cache/." "$negative_cache/"[0m
2026-08-02T08:24:56.9040557Z [36;1mchmod -R u+rwX "$negative_cache"[0m
2026-08-02T08:24:56.9041301Z [36;1mcase "$TASK_ID" in TASK-OSS-01) required_path=packages/cli/node_modules;; TASK-OSS-03) required_path=node_modules;; TASK-OSS-09) required_path=.venv/bin/python;; *) exit 2;; esac[0m
2026-08-02T08:24:56.9042401Z [36;1mtest -e "$negative_cache/$required_path" || test -L "$negative_cache/$required_path"[0m
2026-08-02T08:24:56.9042872Z [36;1mrm -rf "$negative_cache/$required_path"[0m
2026-08-02T08:24:56.9043204Z [36;1mtest ! -e "$negative_cache/$required_path"[0m
2026-08-02T08:24:56.9043545Z [36;1mtest ! -L "$negative_cache/$required_path"[0m
2026-08-02T08:24:56.9043848Z [36;1mchmod -R a-w "$negative_cache"[0m
2026-08-02T08:24:56.9045071Z [36;1mfor script in v8-runtime-contract.sh v8-offline-smoke.sh v8-container-wrapper.sh; do cp "benchmarks/external-oss-v8/tests/$script" "$harness/$script"; chmod 0555 "$harness/$script"; done[0m
2026-08-02T08:24:56.9045961Z [36;1mcp "$input/cache-roots.txt" "$harness/cache-roots.txt"[0m
2026-08-02T08:24:56.9046324Z [36;1mchmod 0444 "$harness/cache-roots.txt"[0m
2026-08-02T08:24:56.9046697Z [36;1mdocker load --input "$input/runtime-image.tgz" >/dev/null[0m
2026-08-02T08:24:56.9047105Z [36;1mruntime_tag="governseed-v7-runtime:$TASK_ID"[0m
2026-08-02T08:24:56.9047419Z [36;1mrun_container() {[0m
2026-08-02T08:24:56.9047748Z [36;1m  local name=$1 cache_source=$2 id_file=$3 output_file=$4[0m
2026-08-02T08:24:56.9048114Z [36;1m  docker create --name "$name" \[0m
2026-08-02T08:24:56.9048570Z [36;1m    --network none --read-only --cap-drop=ALL --security-opt no-new-privileges:true \[0m
2026-08-02T08:24:56.9049103Z [36;1m    --user 65532:65532 --pids-limit 256 --cpus 4 --memory 15g \[0m
2026-08-02T08:24:56.9049626Z [36;1m    --tmpfs "/workspace:rw,exec,nosuid,nodev,size=8g,uid=65532,gid=65532,mode=0750" \[0m
2026-08-02T08:24:56.9050115Z [36;1m    --mount "type=bind,src=$seed,dst=/seed,readonly" \[0m
2026-08-02T08:24:56.9050530Z [36;1m    --mount "type=bind,src=$cache_source,dst=/cache,readonly" \[0m
2026-08-02T08:24:56.9050963Z [36;1m    --mount "type=bind,src=$harness,dst=/harness,readonly" \[0m
2026-08-02T08:24:56.9051482Z [36;1m    --tmpfs "/home/benchmark:rw,noexec,nosuid,nodev,size=1g,uid=65532,gid=65532,mode=0700" \[0m
2026-08-02T08:24:56.9052063Z [36;1m    --tmpfs "/tmp:rw,noexec,nosuid,nodev,size=2g,uid=65532,gid=65532,mode=1770" \[0m
2026-08-02T08:24:56.9052730Z [36;1m    "$runtime_tag" /harness/v8-container-wrapper.sh v8-offline-smoke.sh "$TASK_ID" "$required_path" > "$id_file"[0m
2026-08-02T08:24:56.9053254Z [36;1m  local id[0m
2026-08-02T08:24:56.9053482Z [36;1m  id=$(tail -n 1 "$id_file")[0m
2026-08-02T08:24:56.9053885Z [36;1m  test "$(docker inspect "$id" --format '{{.HostConfig.NetworkMode}}')" = none[0m
2026-08-02T08:24:56.9054565Z [36;1m  test "$(docker inspect "$id" --format '{{.HostConfig.ReadonlyRootfs}}')" = true[0m
2026-08-02T08:24:56.9055361Z [36;1m  test "$(docker inspect "$id" --format '{{.Config.User}}')" = 65532:65532[0m
2026-08-02T08:24:56.9055927Z [36;1m  test "$(docker inspect "$id" --format '{{json .HostConfig.CapDrop}}')" = '["ALL"]'[0m
2026-08-02T08:24:56.9056555Z [36;1m  docker inspect "$id" --format '{{json .HostConfig.SecurityOpt}}' | grep -Fq no-new-privileges:true[0m
2026-08-02T08:24:56.9057167Z [36;1m  tmpfs_json=$(docker inspect "$id" --format '{{json .HostConfig.Tmpfs}}')[0m
2026-08-02T08:24:56.9057647Z [36;1m  TMPFS_JSON="$tmpfs_json" node --input-type=module - <<'NODE'[0m
2026-08-02T08:24:56.9058069Z [36;1m  const tmpfs = JSON.parse(process.env.TMPFS_JSON);[0m
2026-08-02T08:24:56.9058401Z [36;1m  const required = {[0m
2026-08-02T08:24:56.9058814Z [36;1m    '/workspace': ['rw', 'exec', 'nosuid', 'nodev', 'size=8g', 'uid=65532', 'gid=65532', 'mode=0750'],[0m
2026-08-02T08:24:56.9059448Z [36;1m    '/home/benchmark': ['rw', 'noexec', 'nosuid', 'nodev', 'size=1g', 'uid=65532', 'gid=65532', 'mode=0700'],[0m
2026-08-02T08:24:56.9060070Z [36;1m    '/tmp': ['rw', 'noexec', 'nosuid', 'nodev', 'size=2g', 'uid=65532', 'gid=65532', 'mode=1770'][0m
2026-08-02T08:24:56.9060485Z [36;1m  };[0m
2026-08-02T08:24:56.9061223Z [36;1m  const aliases = { 'size=8g': ['size=8g', 'size=8388608k'], 'size=1g': ['size=1g', 'size=1048576k'], 'size=2g': ['size=2g', 'size=2097152k'], 'mode=0750': ['mode=0750', 'mode=750'], 'mode=0700': ['mode=0700', 'mode=700'], 'mode=1770': ['mode=1770'] };[0m
2026-08-02T08:24:56.9062352Z [36;1m  for (const [destination, tokens] of Object.entries(required)) {[0m
2026-08-02T08:24:56.9062808Z [36;1m    const options = String(tmpfs[destination] || '').split(',');[0m
2026-08-02T08:24:56.9063493Z [36;1m    if (!options.length || tokens.some((token) => !(aliases[token] || [token]).some((candidate) => options.includes(candidate)))) process.exit(1);[0m
2026-08-02T08:24:56.9064779Z [36;1m    if (destination === '/workspace' && options.includes('noexec')) process.exit(1);[0m
2026-08-02T08:24:56.9065209Z [36;1m  }[0m
2026-08-02T08:24:56.9065407Z [36;1mNODE[0m
2026-08-02T08:24:56.9065635Z [36;1m  docker start "$id" >/dev/null[0m
2026-08-02T08:24:56.9065936Z [36;1m  is_positive=false[0m
2026-08-02T08:24:56.9066332Z [36;1m  if test "$name" = "v8-${TASK_ID,,}-positive"; then is_positive=true; fi[0m
2026-08-02T08:24:56.9066730Z [36;1m  for attempt in $(seq 1 240); do[0m
2026-08-02T08:24:56.9067100Z [36;1m    running=$(docker inspect "$id" --format '{{.State.Running}}')[0m
2026-08-02T08:24:56.9067485Z [36;1m    test "$running" = true || break[0m
2026-08-02T08:24:56.9068022Z [36;1m    if test "$is_positive" = true && docker exec "$id" test -f /workspace/cache-receipt.json 2>/dev/null; then break; fi[0m
2026-08-02T08:24:56.9068543Z [36;1m    sleep 1[0m
2026-08-02T08:24:56.9068750Z [36;1m  done[0m
2026-08-02T08:24:56.9069054Z [36;1m  running=$(docker inspect "$id" --format '{{.State.Running}}')[0m
2026-08-02T08:24:56.9069481Z [36;1m  if test "$is_positive" = true && test "$running" = true; then[0m
2026-08-02T08:24:56.9070901Z [36;1m    for file in cache-receipt.json workspace-exec-receipt.json mountinfo.txt workspace-mount.txt cache-mount.txt home-mount.txt tmp-mount.txt vitest-resolved-path.txt vitest-symlink.txt vitest-version.txt runner-probe.txt python-version.txt pytest-version.txt libmagic-library-path.txt libmagic-database-path.txt libmagic-probe.txt; do[0m
2026-08-02T08:24:56.9072371Z [36;1m      docker exec "$id" cat "/workspace/$file" > "$out/$file" 2>/dev/null || true[0m
2026-08-02T08:24:56.9072759Z [36;1m    done[0m
2026-08-02T08:24:56.9073029Z [36;1m    docker exec "$id" sh -c ': > /workspace/.v8-release'[0m
2026-08-02T08:24:56.9073346Z [36;1m  fi[0m
2026-08-02T08:24:56.9073572Z [36;1m  for attempt in $(seq 1 30); do[0m
2026-08-02T08:24:56.9073932Z [36;1m    running=$(docker inspect "$id" --format '{{.State.Running}}')[0m
2026-08-02T08:24:56.9074591Z [36;1m    test "$running" = true || break[0m
2026-08-02T08:24:56.9075103Z [36;1m    sleep 1[0m
2026-08-02T08:24:56.9075470Z [36;1m  done[0m
2026-08-02T08:24:56.9076220Z [36;1m  rc=$(docker inspect "$id" --format '{{.State.ExitCode}}')[0m
2026-08-02T08:24:56.9076693Z [36;1m  docker logs "$id" > "$output_file" 2>&1 || true[0m
2026-08-02T08:24:56.9077026Z [36;1m  printf '%s\n' "$id" > "$id_file"[0m
2026-08-02T08:24:56.9077326Z [36;1m  docker rm -f "$id" >/dev/null[0m
2026-08-02T08:24:56.9077594Z [36;1m  return "$rc"[0m
2026-08-02T08:24:56.9077808Z [36;1m}[0m
2026-08-02T08:24:56.9078038Z [36;1mpositive_rc=0[0m
2026-08-02T08:24:56.9078564Z [36;1mrun_container "v8-${TASK_ID,,}-positive" "$cache" "$out/positive-container-id" "$out/positive-output" || positive_rc=$?[0m
2026-08-02T08:24:56.9079127Z [36;1mtest "$positive_rc" -eq 0[0m
2026-08-02T08:24:56.9079419Z [36;1mgrep -Fqx PASS "$out/positive-output"[0m
2026-08-02T08:24:56.9079708Z [36;1mnegative_rc=0[0m
2026-08-02T08:24:56.9080237Z [36;1mrun_container "v8-${TASK_ID,,}-negative" "$negative_cache" "$out/negative-container-id" "$out/negative-output" || negative_rc=$?[0m
2026-08-02T08:24:56.9080810Z [36;1mtest "$negative_rc" -eq 42[0m
2026-08-02T08:24:56.9081168Z [36;1mgrep -Fq DEPENDENCY_CACHE_INCOMPLETE "$out/negative-output"[0m
2026-08-02T08:24:56.9081552Z [36;1mtest -f "$out/cache-receipt.json"[0m
2026-08-02T08:24:56.9082280Z [36;1mnode --input-type=module - "$out/cache-receipt.json" "$input/cache-manifest.json" "$input/runtime-image-receipt.json" <<'NODE'[0m
2026-08-02T08:24:56.9082933Z [36;1mimport { readFileSync, writeFileSync } from 'node:fs';[0m
2026-08-02T08:24:56.9083363Z [36;1mconst [out, manifestPath, imagePath] = process.argv.slice(2);[0m
2026-08-02T08:24:56.9083791Z [36;1mconst receipt = JSON.parse(readFileSync(out, 'utf8'));[0m
2026-08-02T08:24:56.9084225Z [36;1mconst manifest = JSON.parse(readFileSync(manifestPath, 'utf8'));[0m
2026-08-02T08:24:56.9085105Z [36;1mconst image = JSON.parse(readFileSync(imagePath, 'utf8'));[0m
2026-08-02T08:24:56.9085468Z [36;1mObject.assign(receipt, {[0m
2026-08-02T08:24:56.9085756Z [36;1m  negativeCacheMissBlocked: true,[0m
2026-08-02T08:24:56.9086094Z [36;1m  negativeCode: 'DEPENDENCY_CACHE_INCOMPLETE',[0m
2026-08-02T08:24:56.9086417Z [36;1m  negativeExitCode: 42,[0m
2026-08-02T08:24:56.9086689Z [36;1m  cacheSha256: manifest.cacheSha256,[0m
2026-08-02T08:24:56.9087060Z [36;1m  runtimeImageArchiveSha256: image.imageArchiveSha256,[0m
2026-08-02T08:24:56.9087415Z [36;1m  runtimeImageId: image.imageId,[0m
2026-08-02T08:24:56.9087758Z [36;1m  runtimeImageBaseDigest: image.baseImageDigest,[0m
2026-08-02T08:24:56.9088092Z [36;1m  cacheReadOnlyObserved: true,[0m
2026-08-02T08:24:56.9088373Z [36;1m  readonlyRootObserved: true,[0m
2026-08-02T08:24:56.9088646Z [36;1m  nonRootObserved: true,[0m
2026-08-02T08:24:56.9088906Z [36;1m  measuredNetworkUsed: false,[0m
2026-08-02T08:24:56.9089180Z [36;1m  cacheBinaryCommitted: false,[0m
2026-08-02T08:24:56.9089459Z [36;1m  credentialIncluded: false,[0m
2026-08-02T08:24:56.9089722Z [36;1m  codexIncluded: false,[0m
2026-08-02T08:24:56.9089979Z [36;1m  hiddenOracleIncluded: false[0m
2026-08-02T08:24:56.9090234Z [36;1m});[0m
2026-08-02T08:24:56.9090521Z [36;1mwriteFileSync(out, JSON.stringify(receipt, null, 2) + '\n');[0m
2026-08-02T08:24:56.9090869Z [36;1mNODE[0m
2026-08-02T08:24:56.9091269Z [36;1mnode benchmarks/external-oss-v8/tests/v8-schema-validation.mjs "$out/cache-receipt.json"[0m
2026-08-02T08:24:56.9140484Z shell: /usr/bin/bash --noprofile --norc -e -o pipefail {0}
2026-08-02T08:24:56.9140858Z env:
2026-08-02T08:24:56.9141083Z   BENCHMARK_ID: GS-OSS-2026-08-02-V8
2026-08-02T08:24:56.9141381Z   EVIDENCE_CLASS: external-observational
2026-08-02T08:24:56.9141664Z   V7_SOURCE_RUN_ID: 30732978684
2026-08-02T08:24:56.9141913Z   TASK_ID: TASK-OSS-03
2026-08-02T08:24:56.9142134Z ##[endgroup]
2026-08-02T08:25:37.1639382Z {"schemaVersion":1,"status":"PASS","file":"/home/runner/work/_temp/v8-receipts/TASK-OSS-03/cache-receipt.json"}
2026-08-02T08:25:37.1747684Z Node 20 is being deprecated. This workflow is running with Node 24 by default. If you need to temporarily use Node 20, you can set the ACTIONS_ALLOW_USE_UNSECURE_NODE_VERSION=true environment variable. For more information see: https://github.blog/changelog/2025-09-19-deprecation-of-node-20-on-github-actions-runners/
2026-08-02T08:25:37.1748976Z ##[group]Run actions/upload-artifact@v4
2026-08-02T08:25:37.1749246Z with:
2026-08-02T08:25:37.1749473Z   name: external-oss-v8-receipt-TASK-OSS-03
2026-08-02T08:25:37.1749828Z   path: /home/runner/work/_temp/v8-receipts/TASK-OSS-03/
2026-08-02T08:25:37.1750151Z   if-no-files-found: ignore
2026-08-02T08:25:37.1750389Z   compression-level: 6
2026-08-02T08:25:37.1750618Z   overwrite: false
2026-08-02T08:25:37.1750838Z   include-hidden-files: false
2026-08-02T08:25:37.1751071Z env:
2026-08-02T08:25:37.1751266Z   BENCHMARK_ID: GS-OSS-2026-08-02-V8
2026-08-02T08:25:37.1751548Z   EVIDENCE_CLASS: external-observational
2026-08-02T08:25:37.1751878Z   V7_SOURCE_RUN_ID: 30732978684
2026-08-02T08:25:37.1752118Z ##[endgroup]
2026-08-02T08:25:37.3438706Z (node:3538) [DEP0040] DeprecationWarning: The `punycode` module is deprecated. Please use a userland alternative instead.
2026-08-02T08:25:37.3439420Z (Use `node --trace-deprecation ...` to show where the warning was created)
2026-08-02T08:25:37.3541827Z With the provided path, there will be 20 files uploaded
2026-08-02T08:25:37.3549009Z Artifact name is valid!
2026-08-02T08:25:37.3549572Z Root directory input is valid!
2026-08-02T08:25:37.6351538Z Beginning upload of artifact content to blob storage
2026-08-02T08:25:37.6785789Z (node:3538) [DEP0169] DeprecationWarning: `url.parse()` behavior is not standardized and prone to errors that have security implications. Use the WHATWG URL API instead. CVEs are not issued for `url.parse()` vulnerabilities.
2026-08-02T08:25:37.8989971Z Uploaded bytes 5990
2026-08-02T08:25:37.9632266Z Finished uploading artifact content to blob storage!
2026-08-02T08:25:37.9633499Z SHA256 digest of uploaded artifact zip is 2d69d62268f49d5aa26c844231c6d77d2c25d9be8842fc30e0a74c24578f2274
2026-08-02T08:25:37.9634819Z Finalizing artifact upload
2026-08-02T08:25:38.1519970Z Artifact external-oss-v8-receipt-TASK-OSS-03.zip successfully finalized. Artifact ID 8830862108
2026-08-02T08:25:38.1521774Z Artifact external-oss-v8-receipt-TASK-OSS-03 has been successfully uploaded! Final size is 5990 bytes. Artifact ID is 8830862108
2026-08-02T08:25:38.1527453Z Artifact download URL: https://github.com/Eskasia/governseed/actions/runs/30739570734/artifacts/8830862108
2026-08-02T08:25:38.1727134Z Node 20 is being deprecated. This workflow is running with Node 24 by default. If you need to temporarily use Node 20, you can set the ACTIONS_ALLOW_USE_UNSECURE_NODE_VERSION=true environment variable. For more information see: https://github.blog/changelog/2025-09-19-deprecation-of-node-20-on-github-actions-runners/
2026-08-02T08:25:38.1728418Z Post job cleanup.
2026-08-02T08:25:38.2597934Z [command]/usr/bin/git version
2026-08-02T08:25:38.2645623Z git version 2.54.0
2026-08-02T08:25:38.2689349Z Temporarily overriding HOME='/home/runner/work/_temp/aab4cc6e-f751-403c-8fa9-c16afc4ccce7' before making global git config changes
2026-08-02T08:25:38.2691102Z Adding repository directory to the temporary git global config as a safe directory
2026-08-02T08:25:38.2696380Z [command]/usr/bin/git config --global --add safe.directory /home/runner/work/governseed/governseed
2026-08-02T08:25:38.2742510Z [command]/usr/bin/git config --local --name-only --get-regexp core\.sshCommand
2026-08-02T08:25:38.2785802Z [command]/usr/bin/git submodule foreach --recursive sh -c "git config --local --name-only --get-regexp 'core\.sshCommand' && git config --local --unset-all 'core.sshCommand' || :"
2026-08-02T08:25:38.3060933Z [command]/usr/bin/git config --local --name-only --get-regexp http\.https\:\/\/github\.com\/\.extraheader
2026-08-02T08:25:38.3093849Z http.https://github.com/.extraheader
2026-08-02T08:25:38.3107020Z [command]/usr/bin/git config --local --unset-all http.https://github.com/.extraheader
2026-08-02T08:25:38.3142637Z [command]/usr/bin/git submodule foreach --recursive sh -c "git config --local --name-only --get-regexp 'http\.https\:\/\/github\.com\/\.extraheader' && git config --local --unset-all 'http.https://github.com/.extraheader' || :"
2026-08-02T08:25:38.3402695Z [command]/usr/bin/git config --local --name-only --get-regexp ^includeIf\.gitdir:
2026-08-02T08:25:38.3446601Z [command]/usr/bin/git submodule foreach --recursive git config --local --show-origin --name-only --get-regexp remote.origin.url
2026-08-02T08:25:38.3860095Z Cleaning up orphan processes
2026-08-02T08:25:38.4184606Z ##[warning]Node.js 20 is deprecated. The following actions target Node.js 20 but are being forced to run on Node.js 24: actions/checkout@v4, actions/download-artifact@v4, actions/upload-artifact@v4. For more information see: https://github.blog/changelog/2025-09-19-deprecation-of-node-20-on-github-actions-runners/
