2026-08-02T08:20:28.3520286Z Current runner version: '2.336.0'
2026-08-02T08:20:28.3544617Z ##[group]Runner Image Provisioner
2026-08-02T08:20:28.3545499Z Hosted Compute Agent
2026-08-02T08:20:28.3546090Z Version: 20260707.563
2026-08-02T08:20:28.3546847Z Commit: 02667638d2b423fbc733a8e32a88b44996a3ba6e
2026-08-02T08:20:28.3547641Z Build Date: 2026-07-07T19:33:50Z
2026-08-02T08:20:28.3548363Z Worker ID: {bc1dd99d-799f-4a9e-a497-26556e29f6df}
2026-08-02T08:20:28.3549102Z Azure Region: westus3
2026-08-02T08:20:28.3549689Z ##[endgroup]
2026-08-02T08:20:28.3551233Z ##[group]Operating System
2026-08-02T08:20:28.3551921Z Ubuntu
2026-08-02T08:20:28.3552435Z 24.04.4
2026-08-02T08:20:28.3553079Z LTS
2026-08-02T08:20:28.3553594Z ##[endgroup]
2026-08-02T08:20:28.3554445Z ##[group]Runner Image
2026-08-02T08:20:28.3555125Z Image: ubuntu-24.04
2026-08-02T08:20:28.3555691Z Version: 20260720.247.2
2026-08-02T08:20:28.3556993Z Included Software: https://github.com/actions/runner-images/blob/ubuntu24/20260720.247/images/ubuntu/Ubuntu2404-Readme.md
2026-08-02T08:20:28.3558441Z Image Release: https://github.com/actions/runner-images/releases/tag/ubuntu24%2F20260720.247
2026-08-02T08:20:28.3559546Z ##[endgroup]
2026-08-02T08:20:28.3560672Z ##[group]GITHUB_TOKEN Permissions
2026-08-02T08:20:28.3562823Z Actions: read
2026-08-02T08:20:28.3563436Z Contents: read
2026-08-02T08:20:28.3564636Z Metadata: read
2026-08-02T08:20:28.3565284Z ##[endgroup]
2026-08-02T08:20:28.3567345Z Secret source: Actions
2026-08-02T08:20:28.3568750Z Prepare workflow directory
2026-08-02T08:20:28.3978999Z Prepare all required actions
2026-08-02T08:20:28.4027922Z Getting action download info
2026-08-02T08:20:28.7035937Z Download action repository 'actions/checkout@v4' (SHA:11d5960a326750d5838078e36cf38b85af677262)
2026-08-02T08:20:29.4299925Z Download action repository 'actions/download-artifact@v4' (SHA:d3f86a106a0bac45b974a628896c90dbdf5c8093)
2026-08-02T08:20:30.1448181Z Download action repository 'actions/upload-artifact@v4' (SHA:ea165f8d65b6e75b540449e92b4886f43607fa02)
2026-08-02T08:20:30.3750857Z Complete job name: Qualify inherited V7 runtime image (TASK-OSS-03)
2026-08-02T08:20:30.4660011Z Node 20 is being deprecated. This workflow is running with Node 24 by default. If you need to temporarily use Node 20, you can set the ACTIONS_ALLOW_USE_UNSECURE_NODE_VERSION=true environment variable. For more information see: https://github.blog/changelog/2025-09-19-deprecation-of-node-20-on-github-actions-runners/
2026-08-02T08:20:30.4671519Z ##[group]Run actions/checkout@v4
2026-08-02T08:20:30.4672784Z with:
2026-08-02T08:20:30.4673557Z   fetch-depth: 1
2026-08-02T08:20:30.4674636Z   repository: Eskasia/governseed
2026-08-02T08:20:30.4683155Z   token: ***
2026-08-02T08:20:30.4684101Z   ssh-strict: true
2026-08-02T08:20:30.4684926Z   ssh-user: git
2026-08-02T08:20:30.4685756Z   persist-credentials: true
2026-08-02T08:20:30.4686736Z   clean: true
2026-08-02T08:20:30.4687591Z   sparse-checkout-cone-mode: true
2026-08-02T08:20:30.4688609Z   fetch-tags: false
2026-08-02T08:20:30.4689459Z   show-progress: true
2026-08-02T08:20:30.4690335Z   lfs: false
2026-08-02T08:20:30.4691141Z   submodules: false
2026-08-02T08:20:30.4691995Z   set-safe-directory: true
2026-08-02T08:20:30.4692969Z   allow-unsafe-pr-checkout: false
2026-08-02T08:20:30.4694437Z env:
2026-08-02T08:20:30.4695253Z   BENCHMARK_ID: GS-OSS-2026-08-02-V8
2026-08-02T08:20:30.4696351Z   EVIDENCE_CLASS: external-observational
2026-08-02T08:20:30.4697436Z   V7_SOURCE_RUN_ID: 30732978684
2026-08-02T08:20:30.4698369Z ##[endgroup]
2026-08-02T08:20:30.5740875Z Syncing repository: Eskasia/governseed
2026-08-02T08:20:30.5744950Z ##[group]Getting Git version info
2026-08-02T08:20:30.5747208Z Working directory is '/home/runner/work/governseed/governseed'
2026-08-02T08:20:30.5750414Z [command]/usr/bin/git version
2026-08-02T08:20:30.5766255Z git version 2.54.0
2026-08-02T08:20:30.5789403Z ##[endgroup]
2026-08-02T08:20:30.5804787Z Temporarily overriding HOME='/home/runner/work/_temp/a04ee84a-1fdc-4124-ac0f-0a66d7e66e53' before making global git config changes
2026-08-02T08:20:30.5811646Z Adding repository directory to the temporary git global config as a safe directory
2026-08-02T08:20:30.5816029Z [command]/usr/bin/git config --global --add safe.directory /home/runner/work/governseed/governseed
2026-08-02T08:20:30.5857554Z Deleting the contents of '/home/runner/work/governseed/governseed'
2026-08-02T08:20:30.5861241Z ##[group]Initializing the repository
2026-08-02T08:20:30.5864826Z [command]/usr/bin/git init /home/runner/work/governseed/governseed
2026-08-02T08:20:30.5985447Z hint: Using 'master' as the name for the initial branch. This default branch name
2026-08-02T08:20:30.5988172Z hint: will change to "main" in Git 3.0. To configure the initial branch name
2026-08-02T08:20:30.5991368Z hint: to use in all of your new repositories, which will suppress this warning,
2026-08-02T08:20:30.5993495Z hint: call:
2026-08-02T08:20:30.5995047Z hint:
2026-08-02T08:20:30.5996230Z hint: 	git config --global init.defaultBranch <name>
2026-08-02T08:20:30.5997458Z hint:
2026-08-02T08:20:30.5998634Z hint: Names commonly chosen instead of 'master' are 'main', 'trunk' and
2026-08-02T08:20:30.6000511Z hint: 'development'. The just-created branch can be renamed via this command:
2026-08-02T08:20:30.6002449Z hint:
2026-08-02T08:20:30.6003239Z hint: 	git branch -m <name>
2026-08-02T08:20:30.6004610Z hint:
2026-08-02T08:20:30.6005870Z hint: Disable this message with "git config set advice.defaultBranchName false"
2026-08-02T08:20:30.6007988Z Initialized empty Git repository in /home/runner/work/governseed/governseed/.git/
2026-08-02T08:20:30.6014769Z [command]/usr/bin/git remote add origin https://github.com/Eskasia/governseed
2026-08-02T08:20:30.6050856Z ##[endgroup]
2026-08-02T08:20:30.6055987Z ##[group]Disabling automatic garbage collection
2026-08-02T08:20:30.6057372Z [command]/usr/bin/git config --local gc.auto 0
2026-08-02T08:20:30.6090148Z ##[endgroup]
2026-08-02T08:20:30.6092781Z ##[group]Setting up auth
2026-08-02T08:20:30.6098541Z [command]/usr/bin/git config --local --name-only --get-regexp core\.sshCommand
2026-08-02T08:20:30.6137631Z [command]/usr/bin/git submodule foreach --recursive sh -c "git config --local --name-only --get-regexp 'core\.sshCommand' && git config --local --unset-all 'core.sshCommand' || :"
2026-08-02T08:20:30.6507261Z [command]/usr/bin/git config --local --name-only --get-regexp http\.https\:\/\/github\.com\/\.extraheader
2026-08-02T08:20:30.6547747Z [command]/usr/bin/git submodule foreach --recursive sh -c "git config --local --name-only --get-regexp 'http\.https\:\/\/github\.com\/\.extraheader' && git config --local --unset-all 'http.https://github.com/.extraheader' || :"
2026-08-02T08:20:30.6796771Z [command]/usr/bin/git config --local --name-only --get-regexp ^includeIf\.gitdir:
2026-08-02T08:20:30.6834761Z [command]/usr/bin/git submodule foreach --recursive git config --local --show-origin --name-only --get-regexp remote.origin.url
2026-08-02T08:20:30.7057748Z [command]/usr/bin/git config --local http.https://github.com/.extraheader AUTHORIZATION: basic ***
2026-08-02T08:20:30.7096188Z ##[endgroup]
2026-08-02T08:20:30.7098539Z ##[group]Fetching the repository
2026-08-02T08:20:30.7106905Z [command]/usr/bin/git -c protocol.version=2 fetch --no-tags --prune --no-recurse-submodules --depth=1 origin +38a19c8169ba16879b6fca1132f3bc0f5b6b3e85:refs/remotes/origin/main
2026-08-02T08:20:33.9031445Z From https://github.com/Eskasia/governseed
2026-08-02T08:20:33.9032619Z  * [new ref]         38a19c8169ba16879b6fca1132f3bc0f5b6b3e85 -> origin/main
2026-08-02T08:20:33.9067892Z ##[endgroup]
2026-08-02T08:20:33.9068649Z ##[group]Determining the checkout info
2026-08-02T08:20:33.9071175Z ##[endgroup]
2026-08-02T08:20:33.9078354Z [command]/usr/bin/git sparse-checkout disable
2026-08-02T08:20:33.9132053Z [command]/usr/bin/git config --local --unset-all extensions.worktreeConfig
2026-08-02T08:20:33.9165719Z ##[group]Checking out the ref
2026-08-02T08:20:33.9171099Z [command]/usr/bin/git checkout --progress --force -B main refs/remotes/origin/main
2026-08-02T08:20:34.1544588Z Switched to a new branch 'main'
2026-08-02T08:20:34.1547205Z branch 'main' set up to track 'origin/main'.
2026-08-02T08:20:34.1597800Z ##[endgroup]
2026-08-02T08:20:34.1646279Z [command]/usr/bin/git log -1 --format=%H
2026-08-02T08:20:34.1672888Z 38a19c8169ba16879b6fca1132f3bc0f5b6b3e85
2026-08-02T08:20:34.1911035Z Node 20 is being deprecated. This workflow is running with Node 24 by default. If you need to temporarily use Node 20, you can set the ACTIONS_ALLOW_USE_UNSECURE_NODE_VERSION=true environment variable. For more information see: https://github.blog/changelog/2025-09-19-deprecation-of-node-20-on-github-actions-runners/
2026-08-02T08:20:34.1912824Z ##[group]Run actions/download-artifact@v4
2026-08-02T08:20:34.1913108Z with:
2026-08-02T08:20:34.1913351Z   name: external-oss-v7-runtime-image-TASK-OSS-03
2026-08-02T08:20:34.1913849Z   run-id: 30732978684
2026-08-02T08:20:34.1916338Z   github-token: ***
2026-08-02T08:20:34.1916588Z   repository: Eskasia/governseed
2026-08-02T08:20:34.1916912Z   path: /home/runner/work/_temp/v7-runtime/TASK-OSS-03
2026-08-02T08:20:34.1917247Z   merge-multiple: false
2026-08-02T08:20:34.1917493Z env:
2026-08-02T08:20:34.1917695Z   BENCHMARK_ID: GS-OSS-2026-08-02-V8
2026-08-02T08:20:34.1917987Z   EVIDENCE_CLASS: external-observational
2026-08-02T08:20:34.1918298Z   V7_SOURCE_RUN_ID: 30732978684
2026-08-02T08:20:34.1918538Z ##[endgroup]
2026-08-02T08:20:34.3367369Z Downloading single artifact
2026-08-02T08:20:34.3448922Z (node:2242) [DEP0040] DeprecationWarning: The `punycode` module is deprecated. Please use a userland alternative instead.
2026-08-02T08:20:34.3450505Z (Use `node --trace-deprecation ...` to show where the warning was created)
2026-08-02T08:20:34.3676720Z (node:2242) [DEP0169] DeprecationWarning: `url.parse()` behavior is not standardized and prone to errors that have security implications. Use the WHATWG URL API instead. CVEs are not issued for `url.parse()` vulnerabilities.
2026-08-02T08:20:34.6260719Z Preparing to download the following artifacts:
2026-08-02T08:20:34.6261989Z - external-oss-v7-runtime-image-TASK-OSS-03 (ID: 8828585310, Size: 402379363, Expected Digest: sha256:aefbeb766036eea3b26e81081d7b5893bfbdbd47e42c1e6c3712dc2e3d5ae268)
2026-08-02T08:20:34.6299693Z Downloading artifact '8828585310' from 'Eskasia/governseed'
2026-08-02T08:20:34.7597035Z Redirecting to blob download url: https://productionresultssa7.blob.core.windows.net/actions-results/894d70b7-a56f-4aa7-8975-13e0ab562337/workflow-job-run-8b0a696f-0fd8-51fe-a744-ce3896f86a07/artifacts/6f58272820b578675deab938774fa043263ebf01f33f16ff28e17dee6c2c3a97.zip
2026-08-02T08:20:34.7599095Z Starting download of artifact to: /home/runner/work/_temp/v7-runtime/TASK-OSS-03
2026-08-02T08:20:35.0237902Z (node:2242) [DEP0005] DeprecationWarning: Buffer() is deprecated due to security and usability issues. Please use the Buffer.alloc(), Buffer.allocUnsafe(), or Buffer.from() methods instead.
2026-08-02T08:20:50.5461625Z SHA256 digest of downloaded artifact is aefbeb766036eea3b26e81081d7b5893bfbdbd47e42c1e6c3712dc2e3d5ae268
2026-08-02T08:20:50.5462488Z Artifact download completed successfully.
2026-08-02T08:20:50.5463154Z Total of 1 artifact(s) downloaded
2026-08-02T08:20:50.5576038Z Download artifact has finished successfully
2026-08-02T08:20:50.5654812Z ##[group]Run set -euo pipefail
2026-08-02T08:20:50.5655379Z [36;1mset -euo pipefail[0m
2026-08-02T08:20:50.5655854Z [36;1msource="$RUNNER_TEMP/v7-runtime/$TASK_ID"[0m
2026-08-02T08:20:50.5656415Z [36;1mtest -f "$source/runtime-image.tgz"[0m
2026-08-02T08:20:50.5656977Z [36;1mtest -f "$source/runtime-image-receipt.json"[0m
2026-08-02T08:20:50.5657697Z [36;1marchive_sha=$(sha256sum "$source/runtime-image.tgz" | awk '{print $1}')[0m
2026-08-02T08:20:50.5658691Z [36;1mreceipt_sha=$(node --input-type=module - "$source/runtime-image-receipt.json" <<'NODE'[0m
2026-08-02T08:20:50.5659501Z [36;1mimport { readFileSync } from 'node:fs';[0m
2026-08-02T08:20:50.5660282Z [36;1mconsole.log(JSON.parse(readFileSync(process.argv[2], 'utf8')).imageArchiveSha256);[0m
2026-08-02T08:20:50.5661241Z [36;1mNODE[0m
2026-08-02T08:20:50.5661543Z [36;1m)[0m
2026-08-02T08:20:50.5661886Z [36;1mtest "$archive_sha" = "$receipt_sha"[0m
2026-08-02T08:20:50.5662688Z [36;1mbase_digest=$(node --input-type=module - "$source/runtime-image-receipt.json" <<'NODE'[0m
2026-08-02T08:20:50.5663506Z [36;1mimport { readFileSync } from 'node:fs';[0m
2026-08-02T08:20:50.5664489Z [36;1mconsole.log(JSON.parse(readFileSync(process.argv[2], 'utf8')).baseImageDigest);[0m
2026-08-02T08:20:50.5665203Z [36;1mNODE[0m
2026-08-02T08:20:50.5665500Z [36;1m)[0m
2026-08-02T08:20:50.5665801Z [36;1mlock_key=node[0m
2026-08-02T08:20:50.5666264Z [36;1mtest "$TASK_ID" = TASK-OSS-09 && lock_key=paperless[0m
2026-08-02T08:20:50.5666977Z [36;1mtest "$base_digest" = "$(node --input-type=module - "$lock_key" <<'NODE'[0m
2026-08-02T08:20:50.5667664Z [36;1mimport { readFileSync } from 'node:fs';[0m
2026-08-02T08:20:50.5668162Z [36;1mconst key = process.argv[2];[0m
2026-08-02T08:20:50.5669028Z [36;1mconst lock = JSON.parse(readFileSync('benchmarks/external-oss-v7/runtime-image/image-lock.json', 'utf8'));[0m
2026-08-02T08:20:50.5669996Z [36;1mconsole.log(lock.baseImages[key].digest);[0m
2026-08-02T08:20:50.5670481Z [36;1mNODE[0m
2026-08-02T08:20:50.5670779Z [36;1m)"[0m
2026-08-02T08:20:50.5671238Z [36;1mdocker load --input "$source/runtime-image.tgz" >/dev/null[0m
2026-08-02T08:20:50.5672107Z [36;1mimage_id=$(node --input-type=module - "$source/runtime-image-receipt.json" <<'NODE'[0m
2026-08-02T08:20:50.5672891Z [36;1mimport { readFileSync } from 'node:fs';[0m
2026-08-02T08:20:50.5673593Z [36;1mconsole.log(JSON.parse(readFileSync(process.argv[2], 'utf8')).imageId);[0m
2026-08-02T08:20:50.5674415Z [36;1mNODE[0m
2026-08-02T08:20:50.5674724Z [36;1m)[0m
2026-08-02T08:20:50.5675387Z [36;1mtest "$(docker image inspect "governseed-v7-runtime:$TASK_ID" --format '{{.Id}}')" = "$image_id"[0m
2026-08-02T08:20:50.5676252Z [36;1mmkdir -p "$RUNNER_TEMP/v8-runtime/$TASK_ID"[0m
2026-08-02T08:20:50.5676856Z [36;1mcp -R "$source/." "$RUNNER_TEMP/v8-runtime/$TASK_ID/"[0m
2026-08-02T08:20:50.5678712Z [36;1mSOURCE_SHA=$(sha256sum "$source/runtime-image-receipt.json" | awk '{print $1}') ARCHIVE_SHA="$archive_sha" IMAGE_ID="$image_id" BASE_DIGEST="$base_digest" TASK_ID="$TASK_ID" node --input-type=module - "$RUNNER_TEMP/v8-runtime/$TASK_ID/inherited-runtime-image.json" <<'NODE'[0m
2026-08-02T08:20:50.5680520Z [36;1mimport { writeFileSync } from 'node:fs';[0m
2026-08-02T08:20:50.5684428Z [36;1mwriteFileSync(process.argv[2], JSON.stringify({ schemaVersion: 1, benchmarkId: process.env.BENCHMARK_ID, evidenceClass: process.env.EVIDENCE_CLASS, taskId: process.env.TASK_ID, sourceRunId: Number(process.env.V7_SOURCE_RUN_ID), sourceArtifact: `external-oss-v7-runtime-image-${process.env.TASK_ID}`, sourceReceiptSha256: process.env.SOURCE_SHA, imageArchiveSha256: process.env.ARCHIVE_SHA, imageId: process.env.IMAGE_ID, baseImageDigest: process.env.BASE_DIGEST, status: 'READY', claimBoundary: 'Inherited V7 runtime image identity only; no V8 offline or G1 claim.' }, null, 2) + '\n');[0m
2026-08-02T08:20:50.5688149Z [36;1mNODE[0m
2026-08-02T08:20:50.5750772Z shell: /usr/bin/bash --noprofile --norc -e -o pipefail {0}
2026-08-02T08:20:50.5751578Z env:
2026-08-02T08:20:50.5751905Z   BENCHMARK_ID: GS-OSS-2026-08-02-V8
2026-08-02T08:20:50.5752389Z   EVIDENCE_CLASS: external-observational
2026-08-02T08:20:50.5752851Z   V7_SOURCE_RUN_ID: 30732978684
2026-08-02T08:20:50.5753241Z   TASK_ID: TASK-OSS-03
2026-08-02T08:20:50.5753586Z ##[endgroup]
2026-08-02T08:21:11.2871957Z Node 20 is being deprecated. This workflow is running with Node 24 by default. If you need to temporarily use Node 20, you can set the ACTIONS_ALLOW_USE_UNSECURE_NODE_VERSION=true environment variable. For more information see: https://github.blog/changelog/2025-09-19-deprecation-of-node-20-on-github-actions-runners/
2026-08-02T08:21:11.2873245Z ##[group]Run actions/upload-artifact@v4
2026-08-02T08:21:11.2873514Z with:
2026-08-02T08:21:11.2874084Z   name: external-oss-v8-runtime-image-TASK-OSS-03
2026-08-02T08:21:11.2874658Z   path: /home/runner/work/_temp/v8-runtime/TASK-OSS-03/
2026-08-02T08:21:11.2874974Z   if-no-files-found: ignore
2026-08-02T08:21:11.2875208Z   compression-level: 6
2026-08-02T08:21:11.2875424Z   overwrite: false
2026-08-02T08:21:11.2875639Z   include-hidden-files: false
2026-08-02T08:21:11.2875866Z env:
2026-08-02T08:21:11.2876058Z   BENCHMARK_ID: GS-OSS-2026-08-02-V8
2026-08-02T08:21:11.2876339Z   EVIDENCE_CLASS: external-observational
2026-08-02T08:21:11.2876652Z   V7_SOURCE_RUN_ID: 30732978684
2026-08-02T08:21:11.2876880Z ##[endgroup]
2026-08-02T08:21:11.4447874Z (node:2337) [DEP0040] DeprecationWarning: The `punycode` module is deprecated. Please use a userland alternative instead.
2026-08-02T08:21:11.4448588Z (Use `node --trace-deprecation ...` to show where the warning was created)
2026-08-02T08:21:11.4540871Z With the provided path, there will be 8 files uploaded
2026-08-02T08:21:11.4548580Z Artifact name is valid!
2026-08-02T08:21:11.4549041Z Root directory input is valid!
2026-08-02T08:21:11.7568925Z Beginning upload of artifact content to blob storage
2026-08-02T08:21:12.0432466Z (node:2337) [DEP0169] DeprecationWarning: `url.parse()` behavior is not standardized and prone to errors that have security implications. Use the WHATWG URL API instead. CVEs are not issued for `url.parse()` vulnerabilities.
2026-08-02T08:21:12.8567024Z Uploaded bytes 8388608
2026-08-02T08:21:13.0200833Z Uploaded bytes 16777216
2026-08-02T08:21:13.2884981Z Uploaded bytes 25165824
2026-08-02T08:21:13.3063450Z Uploaded bytes 33554432
2026-08-02T08:21:13.7140053Z Uploaded bytes 41943040
2026-08-02T08:21:13.7624884Z Uploaded bytes 50331648
2026-08-02T08:21:13.8393930Z Uploaded bytes 58720256
2026-08-02T08:21:14.0923642Z Uploaded bytes 67108864
2026-08-02T08:21:14.4351076Z Uploaded bytes 75497472
2026-08-02T08:21:14.6228556Z Uploaded bytes 83886080
2026-08-02T08:21:14.7949677Z Uploaded bytes 92274688
2026-08-02T08:21:15.0657804Z Uploaded bytes 100663296
2026-08-02T08:21:15.3718409Z Uploaded bytes 109051904
2026-08-02T08:21:15.6624853Z Uploaded bytes 117440512
2026-08-02T08:21:15.8487027Z Uploaded bytes 125829120
2026-08-02T08:21:16.0418181Z Uploaded bytes 134217728
2026-08-02T08:21:16.2520721Z Uploaded bytes 142606336
2026-08-02T08:21:16.5668422Z Uploaded bytes 150994944
2026-08-02T08:21:16.7693987Z Uploaded bytes 159383552
2026-08-02T08:21:17.0384727Z Uploaded bytes 167772160
2026-08-02T08:21:17.2986207Z Uploaded bytes 176160768
2026-08-02T08:21:17.5186609Z Uploaded bytes 184549376
2026-08-02T08:21:17.7454687Z Uploaded bytes 192937984
2026-08-02T08:21:18.0012707Z Uploaded bytes 201326592
2026-08-02T08:21:18.2706011Z Uploaded bytes 209715200
2026-08-02T08:21:18.4835506Z Uploaded bytes 218103808
2026-08-02T08:21:18.8003378Z Uploaded bytes 226492416
2026-08-02T08:21:18.9796726Z Uploaded bytes 234881024
2026-08-02T08:21:19.2014708Z Uploaded bytes 243269632
2026-08-02T08:21:19.6260823Z Uploaded bytes 251658240
2026-08-02T08:21:19.7259087Z Uploaded bytes 260046848
2026-08-02T08:21:20.0190538Z Uploaded bytes 268435456
2026-08-02T08:21:20.1876456Z Uploaded bytes 276824064
2026-08-02T08:21:20.4601174Z Uploaded bytes 285212672
2026-08-02T08:21:20.7522327Z Uploaded bytes 293601280
2026-08-02T08:21:20.9810843Z Uploaded bytes 301989888
2026-08-02T08:21:21.1816519Z Uploaded bytes 310378496
2026-08-02T08:21:21.4699616Z Uploaded bytes 318767104
2026-08-02T08:21:21.7940254Z Uploaded bytes 327155712
2026-08-02T08:21:21.9234160Z Uploaded bytes 335544320
2026-08-02T08:21:22.2745833Z Uploaded bytes 343932928
2026-08-02T08:21:22.4125411Z Uploaded bytes 352321536
2026-08-02T08:21:22.6272092Z Uploaded bytes 360710144
2026-08-02T08:21:22.8782517Z Uploaded bytes 369098752
2026-08-02T08:21:23.1197094Z Uploaded bytes 377487360
2026-08-02T08:21:23.3696232Z Uploaded bytes 385875968
2026-08-02T08:21:23.5898535Z Uploaded bytes 394264576
2026-08-02T08:21:23.8200598Z Uploaded bytes 402379955
2026-08-02T08:21:23.8877168Z Finished uploading artifact content to blob storage!
2026-08-02T08:21:23.8880290Z SHA256 digest of uploaded artifact zip is fc7271522eda7383f617c5b3e564168cdb3631e19052bb382ab8f3cf97b94043
2026-08-02T08:21:23.8882816Z Finalizing artifact upload
2026-08-02T08:21:24.2108003Z Artifact external-oss-v8-runtime-image-TASK-OSS-03.zip successfully finalized. Artifact ID 8830819001
2026-08-02T08:21:24.2109117Z Artifact external-oss-v8-runtime-image-TASK-OSS-03 has been successfully uploaded! Final size is 402379955 bytes. Artifact ID is 8830819001
2026-08-02T08:21:24.2116663Z Artifact download URL: https://github.com/Eskasia/governseed/actions/runs/30739570734/artifacts/8830819001
2026-08-02T08:21:24.2331622Z Node 20 is being deprecated. This workflow is running with Node 24 by default. If you need to temporarily use Node 20, you can set the ACTIONS_ALLOW_USE_UNSECURE_NODE_VERSION=true environment variable. For more information see: https://github.blog/changelog/2025-09-19-deprecation-of-node-20-on-github-actions-runners/
2026-08-02T08:21:24.2332885Z Post job cleanup.
2026-08-02T08:21:24.3171773Z [command]/usr/bin/git version
2026-08-02T08:21:24.3217311Z git version 2.54.0
2026-08-02T08:21:24.3257979Z Temporarily overriding HOME='/home/runner/work/_temp/b97b6a3a-9a28-4704-a97b-8824eccc354f' before making global git config changes
2026-08-02T08:21:24.3259354Z Adding repository directory to the temporary git global config as a safe directory
2026-08-02T08:21:24.3263599Z [command]/usr/bin/git config --global --add safe.directory /home/runner/work/governseed/governseed
2026-08-02T08:21:24.3302507Z [command]/usr/bin/git config --local --name-only --get-regexp core\.sshCommand
2026-08-02T08:21:24.3338730Z [command]/usr/bin/git submodule foreach --recursive sh -c "git config --local --name-only --get-regexp 'core\.sshCommand' && git config --local --unset-all 'core.sshCommand' || :"
2026-08-02T08:21:24.3591803Z [command]/usr/bin/git config --local --name-only --get-regexp http\.https\:\/\/github\.com\/\.extraheader
2026-08-02T08:21:24.3621156Z http.https://github.com/.extraheader
2026-08-02T08:21:24.3634637Z [command]/usr/bin/git config --local --unset-all http.https://github.com/.extraheader
2026-08-02T08:21:24.3674579Z [command]/usr/bin/git submodule foreach --recursive sh -c "git config --local --name-only --get-regexp 'http\.https\:\/\/github\.com\/\.extraheader' && git config --local --unset-all 'http.https://github.com/.extraheader' || :"
2026-08-02T08:21:24.3926967Z [command]/usr/bin/git config --local --name-only --get-regexp ^includeIf\.gitdir:
2026-08-02T08:21:24.4009717Z [command]/usr/bin/git submodule foreach --recursive git config --local --show-origin --name-only --get-regexp remote.origin.url
2026-08-02T08:21:24.4387312Z Cleaning up orphan processes
2026-08-02T08:21:24.4714096Z ##[warning]Node.js 20 is deprecated. The following actions target Node.js 20 but are being forced to run on Node.js 24: actions/checkout@v4, actions/download-artifact@v4, actions/upload-artifact@v4. For more information see: https://github.blog/changelog/2025-09-19-deprecation-of-node-20-on-github-actions-runners/
