2026-08-02T08:20:08.5228932Z Current runner version: '2.336.0'
2026-08-02T08:20:08.5254981Z ##[group]Runner Image Provisioner
2026-08-02T08:20:08.5256000Z Hosted Compute Agent
2026-08-02T08:20:08.5256588Z Version: 20260707.563
2026-08-02T08:20:08.5257208Z Commit: 02667638d2b423fbc733a8e32a88b44996a3ba6e
2026-08-02T08:20:08.5257995Z Build Date: 2026-07-07T19:33:50Z
2026-08-02T08:20:08.5258673Z Worker ID: {5a00c456-3c23-43cb-a6a3-1f00a67b82c4}
2026-08-02T08:20:08.5259453Z Azure Region: westus
2026-08-02T08:20:08.5260053Z ##[endgroup]
2026-08-02T08:20:08.5261863Z ##[group]Operating System
2026-08-02T08:20:08.5262590Z Ubuntu
2026-08-02T08:20:08.5263113Z 24.04.4
2026-08-02T08:20:08.5263640Z LTS
2026-08-02T08:20:08.5264215Z ##[endgroup]
2026-08-02T08:20:08.5264768Z ##[group]Runner Image
2026-08-02T08:20:08.5265416Z Image: ubuntu-24.04
2026-08-02T08:20:08.5266000Z Version: 20260720.247.2
2026-08-02T08:20:08.5267333Z Included Software: https://github.com/actions/runner-images/blob/ubuntu24/20260720.247/images/ubuntu/Ubuntu2404-Readme.md
2026-08-02T08:20:08.5268852Z Image Release: https://github.com/actions/runner-images/releases/tag/ubuntu24%2F20260720.247
2026-08-02T08:20:08.5269782Z ##[endgroup]
2026-08-02T08:20:08.5271240Z ##[group]GITHUB_TOKEN Permissions
2026-08-02T08:20:08.5273550Z Actions: read
2026-08-02T08:20:08.5274267Z Contents: read
2026-08-02T08:20:08.5275243Z Metadata: read
2026-08-02T08:20:08.5275843Z ##[endgroup]
2026-08-02T08:20:08.5278185Z Secret source: Actions
2026-08-02T08:20:08.5279587Z Prepare workflow directory
2026-08-02T08:20:08.5694797Z Prepare all required actions
2026-08-02T08:20:08.5745094Z Getting action download info
2026-08-02T08:20:08.9215555Z Download action repository 'actions/checkout@v4' (SHA:11d5960a326750d5838078e36cf38b85af677262)
2026-08-02T08:20:09.3713118Z Download action repository 'actions/download-artifact@v4' (SHA:d3f86a106a0bac45b974a628896c90dbdf5c8093)
2026-08-02T08:20:09.8050266Z Download action repository 'actions/upload-artifact@v4' (SHA:ea165f8d65b6e75b540449e92b4886f43607fa02)
2026-08-02T08:20:10.0388335Z Complete job name: Qualify V8 inherited seed identity (TASK-OSS-03)
2026-08-02T08:20:10.1256573Z Node 20 is being deprecated. This workflow is running with Node 24 by default. If you need to temporarily use Node 20, you can set the ACTIONS_ALLOW_USE_UNSECURE_NODE_VERSION=true environment variable. For more information see: https://github.blog/changelog/2025-09-19-deprecation-of-node-20-on-github-actions-runners/
2026-08-02T08:20:10.1266301Z ##[group]Run actions/checkout@v4
2026-08-02T08:20:10.1267194Z with:
2026-08-02T08:20:10.1267698Z   fetch-depth: 1
2026-08-02T08:20:10.1268261Z   repository: Eskasia/governseed
2026-08-02T08:20:10.1273439Z   token: ***
2026-08-02T08:20:10.1273962Z   ssh-strict: true
2026-08-02T08:20:10.1274480Z   ssh-user: git
2026-08-02T08:20:10.1275000Z   persist-credentials: true
2026-08-02T08:20:10.1275596Z   clean: true
2026-08-02T08:20:10.1276190Z   sparse-checkout-cone-mode: true
2026-08-02T08:20:10.1276828Z   fetch-tags: false
2026-08-02T08:20:10.1277369Z   show-progress: true
2026-08-02T08:20:10.1277955Z   lfs: false
2026-08-02T08:20:10.1278493Z   submodules: false
2026-08-02T08:20:10.1279038Z   set-safe-directory: true
2026-08-02T08:20:10.1279659Z   allow-unsafe-pr-checkout: false
2026-08-02T08:20:10.1281177Z env:
2026-08-02T08:20:10.1281752Z   BENCHMARK_ID: GS-OSS-2026-08-02-V8
2026-08-02T08:20:10.1282480Z   EVIDENCE_CLASS: external-observational
2026-08-02T08:20:10.1283177Z   V7_SOURCE_RUN_ID: 30732978684
2026-08-02T08:20:10.1283788Z ##[endgroup]
2026-08-02T08:20:10.2318017Z Syncing repository: Eskasia/governseed
2026-08-02T08:20:10.2320476Z ##[group]Getting Git version info
2026-08-02T08:20:10.2321822Z Working directory is '/home/runner/work/governseed/governseed'
2026-08-02T08:20:10.2332525Z [command]/usr/bin/git version
2026-08-02T08:20:10.2441775Z git version 2.54.0
2026-08-02T08:20:10.2469918Z ##[endgroup]
2026-08-02T08:20:10.2492479Z Temporarily overriding HOME='/home/runner/work/_temp/74f81a2e-74bb-4692-b7fa-349412e5234a' before making global git config changes
2026-08-02T08:20:10.2503544Z Adding repository directory to the temporary git global config as a safe directory
2026-08-02T08:20:10.2506300Z [command]/usr/bin/git config --global --add safe.directory /home/runner/work/governseed/governseed
2026-08-02T08:20:10.2551548Z Deleting the contents of '/home/runner/work/governseed/governseed'
2026-08-02T08:20:10.2555557Z ##[group]Initializing the repository
2026-08-02T08:20:10.2559895Z [command]/usr/bin/git init /home/runner/work/governseed/governseed
2026-08-02T08:20:10.2689489Z hint: Using 'master' as the name for the initial branch. This default branch name
2026-08-02T08:20:10.2692169Z hint: will change to "main" in Git 3.0. To configure the initial branch name
2026-08-02T08:20:10.2694220Z hint: to use in all of your new repositories, which will suppress this warning,
2026-08-02T08:20:10.2695803Z hint: call:
2026-08-02T08:20:10.2696564Z hint:
2026-08-02T08:20:10.2697541Z hint: 	git config --global init.defaultBranch <name>
2026-08-02T08:20:10.2698765Z hint:
2026-08-02T08:20:10.2699966Z hint: Names commonly chosen instead of 'master' are 'main', 'trunk' and
2026-08-02T08:20:10.2702271Z hint: 'development'. The just-created branch can be renamed via this command:
2026-08-02T08:20:10.2703864Z hint:
2026-08-02T08:20:10.2704632Z hint: 	git branch -m <name>
2026-08-02T08:20:10.2705528Z hint:
2026-08-02T08:20:10.2706821Z hint: Disable this message with "git config set advice.defaultBranchName false"
2026-08-02T08:20:10.2709135Z Initialized empty Git repository in /home/runner/work/governseed/governseed/.git/
2026-08-02T08:20:10.2713525Z [command]/usr/bin/git remote add origin https://github.com/Eskasia/governseed
2026-08-02T08:20:10.2757959Z ##[endgroup]
2026-08-02T08:20:10.2759607Z ##[group]Disabling automatic garbage collection
2026-08-02T08:20:10.2761940Z [command]/usr/bin/git config --local gc.auto 0
2026-08-02T08:20:10.2799884Z ##[endgroup]
2026-08-02T08:20:10.2801859Z ##[group]Setting up auth
2026-08-02T08:20:10.2807823Z [command]/usr/bin/git config --local --name-only --get-regexp core\.sshCommand
2026-08-02T08:20:10.2854382Z [command]/usr/bin/git submodule foreach --recursive sh -c "git config --local --name-only --get-regexp 'core\.sshCommand' && git config --local --unset-all 'core.sshCommand' || :"
2026-08-02T08:20:10.3300014Z [command]/usr/bin/git config --local --name-only --get-regexp http\.https\:\/\/github\.com\/\.extraheader
2026-08-02T08:20:10.3344130Z [command]/usr/bin/git submodule foreach --recursive sh -c "git config --local --name-only --get-regexp 'http\.https\:\/\/github\.com\/\.extraheader' && git config --local --unset-all 'http.https://github.com/.extraheader' || :"
2026-08-02T08:20:10.3583684Z [command]/usr/bin/git config --local --name-only --get-regexp ^includeIf\.gitdir:
2026-08-02T08:20:10.3625193Z [command]/usr/bin/git submodule foreach --recursive git config --local --show-origin --name-only --get-regexp remote.origin.url
2026-08-02T08:20:10.3862032Z [command]/usr/bin/git config --local http.https://github.com/.extraheader AUTHORIZATION: basic ***
2026-08-02T08:20:10.3903640Z ##[endgroup]
2026-08-02T08:20:10.3913559Z ##[group]Fetching the repository
2026-08-02T08:20:10.3915764Z [command]/usr/bin/git -c protocol.version=2 fetch --no-tags --prune --no-recurse-submodules --depth=1 origin +38a19c8169ba16879b6fca1132f3bc0f5b6b3e85:refs/remotes/origin/main
2026-08-02T08:20:13.3280582Z From https://github.com/Eskasia/governseed
2026-08-02T08:20:13.3283264Z  * [new ref]         38a19c8169ba16879b6fca1132f3bc0f5b6b3e85 -> origin/main
2026-08-02T08:20:13.3318860Z ##[endgroup]
2026-08-02T08:20:13.3319826Z ##[group]Determining the checkout info
2026-08-02T08:20:13.3322374Z ##[endgroup]
2026-08-02T08:20:13.3328608Z [command]/usr/bin/git sparse-checkout disable
2026-08-02T08:20:13.3380223Z [command]/usr/bin/git config --local --unset-all extensions.worktreeConfig
2026-08-02T08:20:13.3413620Z ##[group]Checking out the ref
2026-08-02T08:20:13.3418567Z [command]/usr/bin/git checkout --progress --force -B main refs/remotes/origin/main
2026-08-02T08:20:13.5913811Z Switched to a new branch 'main'
2026-08-02T08:20:13.5915271Z branch 'main' set up to track 'origin/main'.
2026-08-02T08:20:13.5962945Z ##[endgroup]
2026-08-02T08:20:13.6015021Z [command]/usr/bin/git log -1 --format=%H
2026-08-02T08:20:13.6043250Z 38a19c8169ba16879b6fca1132f3bc0f5b6b3e85
2026-08-02T08:20:13.6262291Z ##[group]Run node benchmarks/external-oss-v8/tests/v8-contract-validation.mjs
2026-08-02T08:20:13.6263029Z [36;1mnode benchmarks/external-oss-v8/tests/v8-contract-validation.mjs[0m
2026-08-02T08:20:13.6263600Z [36;1mnode benchmarks/external-oss-v8/tests/v8-schema-validation.mjs[0m
2026-08-02T08:20:13.6264177Z [36;1mnode benchmarks/external-oss-v8/tests/v8-runtime-shell-validation.mjs[0m
2026-08-02T08:20:13.6316688Z shell: /usr/bin/bash -e {0}
2026-08-02T08:20:13.6317050Z env:
2026-08-02T08:20:13.6317314Z   BENCHMARK_ID: GS-OSS-2026-08-02-V8
2026-08-02T08:20:13.6317668Z   EVIDENCE_CLASS: external-observational
2026-08-02T08:20:13.6318009Z   V7_SOURCE_RUN_ID: 30732978684
2026-08-02T08:20:13.6318331Z ##[endgroup]
2026-08-02T08:20:13.8423985Z {"schemaVersion":1,"benchmarkId":"GS-OSS-2026-08-02-V8","status":"PASS","checks":["V8 mount contract","runtime probes","negative cache boundary","V7 immutability boundary"]}
2026-08-02T08:20:13.8763040Z {"schemaVersion":1,"status":"PASS","schema":"benchmarks/external-oss-v8/schemas/cache-receipt.schema.json"}
2026-08-02T08:20:13.9192500Z {"schemaVersion":1,"status":"PASS","files":["benchmarks/external-oss-v8/minimal-noexec-reproducer.sh","benchmarks/external-oss-v8/tests/v8-container-wrapper.sh","benchmarks/external-oss-v8/tests/v8-runtime-contract.sh","benchmarks/external-oss-v8/tests/v8-offline-smoke.sh"]}
2026-08-02T08:20:13.9396803Z Node 20 is being deprecated. This workflow is running with Node 24 by default. If you need to temporarily use Node 20, you can set the ACTIONS_ALLOW_USE_UNSECURE_NODE_VERSION=true environment variable. For more information see: https://github.blog/changelog/2025-09-19-deprecation-of-node-20-on-github-actions-runners/
2026-08-02T08:20:13.9398629Z ##[group]Run actions/download-artifact@v4
2026-08-02T08:20:13.9398951Z with:
2026-08-02T08:20:13.9399231Z   name: external-oss-v7-seed-identity-TASK-OSS-03
2026-08-02T08:20:13.9399551Z   run-id: 30732978684
2026-08-02T08:20:13.9402488Z   github-token: ***
2026-08-02T08:20:13.9402741Z   repository: Eskasia/governseed
2026-08-02T08:20:13.9403039Z   path: /home/runner/work/_temp/v7-seed/TASK-OSS-03
2026-08-02T08:20:13.9403356Z   merge-multiple: false
2026-08-02T08:20:13.9403571Z env:
2026-08-02T08:20:13.9403769Z   BENCHMARK_ID: GS-OSS-2026-08-02-V8
2026-08-02T08:20:13.9404058Z   EVIDENCE_CLASS: external-observational
2026-08-02T08:20:13.9404381Z   V7_SOURCE_RUN_ID: 30732978684
2026-08-02T08:20:13.9404612Z ##[endgroup]
2026-08-02T08:20:14.1050064Z Downloading single artifact
2026-08-02T08:20:14.1135979Z (node:2202) [DEP0040] DeprecationWarning: The `punycode` module is deprecated. Please use a userland alternative instead.
2026-08-02T08:20:14.1137681Z (Use `node --trace-deprecation ...` to show where the warning was created)
2026-08-02T08:20:14.1393443Z (node:2202) [DEP0169] DeprecationWarning: `url.parse()` behavior is not standardized and prone to errors that have security implications. Use the WHATWG URL API instead. CVEs are not issued for `url.parse()` vulnerabilities.
2026-08-02T08:20:14.3729674Z Preparing to download the following artifacts:
2026-08-02T08:20:14.3731763Z - external-oss-v7-seed-identity-TASK-OSS-03 (ID: 8828569177, Size: 397, Expected Digest: sha256:a6d2608393a8952192a422e5860aadf451bf11a448c254910c25865d0c309516)
2026-08-02T08:20:14.3776831Z Downloading artifact '8828569177' from 'Eskasia/governseed'
2026-08-02T08:20:14.5701854Z Redirecting to blob download url: https://productionresultssa7.blob.core.windows.net/actions-results/894d70b7-a56f-4aa7-8975-13e0ab562337/workflow-job-run-27fe196f-8e10-556a-93c6-1e286907b2e8/artifacts/3d9b896457c0a87706fa9361e687d05c86725adc09f80eab3f0a064e9b1398d6.zip
2026-08-02T08:20:14.5704426Z Starting download of artifact to: /home/runner/work/_temp/v7-seed/TASK-OSS-03
2026-08-02T08:20:14.8423344Z (node:2202) [DEP0005] DeprecationWarning: Buffer() is deprecated due to security and usability issues. Please use the Buffer.alloc(), Buffer.allocUnsafe(), or Buffer.from() methods instead.
2026-08-02T08:20:14.8457804Z SHA256 digest of downloaded artifact is a6d2608393a8952192a422e5860aadf451bf11a448c254910c25865d0c309516
2026-08-02T08:20:14.8458904Z Artifact download completed successfully.
2026-08-02T08:20:14.8459448Z Total of 1 artifact(s) downloaded
2026-08-02T08:20:14.8465025Z Download artifact has finished successfully
2026-08-02T08:20:14.8590744Z ##[group]Run set -euo pipefail
2026-08-02T08:20:14.8591427Z [36;1mset -euo pipefail[0m
2026-08-02T08:20:14.8591765Z [36;1msource="$RUNNER_TEMP/v7-seed/$TASK_ID/seed-identity.json"[0m
2026-08-02T08:20:14.8592273Z [36;1mcontract="benchmarks/external-oss-v5/tasks/$TASK_ID/task-seed-identity.json"[0m
2026-08-02T08:20:14.8592709Z [36;1mtest -f "$source"[0m
2026-08-02T08:20:14.8593013Z [36;1mtest "$(node --input-type=module - "$source" <<'NODE'[0m
2026-08-02T08:20:14.8593386Z [36;1mimport { readFileSync } from 'node:fs';[0m
2026-08-02T08:20:14.8593767Z [36;1mconst x = JSON.parse(readFileSync(process.argv[2], 'utf8'));[0m
2026-08-02T08:20:14.8594381Z [36;1mif (x.benchmarkId !== 'GS-OSS-2026-08-02-V7' || x.evidenceClass !== 'external-observational') process.exit(1);[0m
2026-08-02T08:20:14.8594923Z [36;1mconsole.log(x.sealedSeedCommit);[0m
2026-08-02T08:20:14.8595195Z [36;1mNODE[0m
2026-08-02T08:20:14.8595488Z [36;1m)" = "$(node --input-type=module - "$contract" <<'NODE'[0m
2026-08-02T08:20:14.8595842Z [36;1mimport { readFileSync } from 'node:fs';[0m
2026-08-02T08:20:14.8596316Z [36;1mconsole.log(JSON.parse(readFileSync(process.argv[2], 'utf8')).sealedSeedCommit);[0m
2026-08-02T08:20:14.8596734Z [36;1mNODE[0m
2026-08-02T08:20:14.8596913Z [36;1m)"[0m
2026-08-02T08:20:14.8597174Z [36;1mtest "$(node --input-type=module - "$source" <<'NODE'[0m
2026-08-02T08:20:14.8597533Z [36;1mimport { readFileSync } from 'node:fs';[0m
2026-08-02T08:20:14.8597911Z [36;1mconst x = JSON.parse(readFileSync(process.argv[2], 'utf8'));[0m
2026-08-02T08:20:14.8598278Z [36;1mconsole.log(x.sealedSeedGitTree);[0m
2026-08-02T08:20:14.8598542Z [36;1mNODE[0m
2026-08-02T08:20:14.8598785Z [36;1m)" = "$(node --input-type=module - "$contract" <<'NODE'[0m
2026-08-02T08:20:14.8599126Z [36;1mimport { readFileSync } from 'node:fs';[0m
2026-08-02T08:20:14.8599580Z [36;1mconsole.log(JSON.parse(readFileSync(process.argv[2], 'utf8')).sealedSeedGitTree);[0m
2026-08-02T08:20:14.8600003Z [36;1mNODE[0m
2026-08-02T08:20:14.8600181Z [36;1m)"[0m
2026-08-02T08:20:14.8600403Z [36;1mmkdir -p "$RUNNER_TEMP/v8-seed/$TASK_ID"[0m
2026-08-02T08:20:14.8600769Z [36;1msource_sha=$(sha256sum "$source" | awk '{print $1}')[0m
2026-08-02T08:20:14.8601871Z [36;1mSOURCE_SHA="$source_sha" TASK_ID="$TASK_ID" node --input-type=module - "$RUNNER_TEMP/v8-seed/$TASK_ID/seed-identity.json" "$source" <<'NODE'[0m
2026-08-02T08:20:14.8602700Z [36;1mimport { readFileSync, writeFileSync } from 'node:fs';[0m
2026-08-02T08:20:14.8603358Z [36;1mconst [out, source] = process.argv.slice(2);[0m
2026-08-02T08:20:14.8604030Z [36;1mconst x = JSON.parse(readFileSync(source, 'utf8'));[0m
2026-08-02T08:20:14.8606177Z [36;1mwriteFileSync(out, JSON.stringify({ schemaVersion: 1, benchmarkId: process.env.BENCHMARK_ID, evidenceClass: process.env.EVIDENCE_CLASS, taskId: process.env.TASK_ID, sourceRunId: Number(process.env.V7_SOURCE_RUN_ID), sourceArtifact: `external-oss-v7-seed-identity-${process.env.TASK_ID}`, sourceReceiptSha256: process.env.SOURCE_SHA, sealedSeedCommit: x.sealedSeedCommit, sealedSeedGitTree: x.sealedSeedGitTree, sealedSeedTreeSha256: x.sealedSeedTreeSha256 }, null, 2) + '\n');[0m
2026-08-02T08:20:14.8607998Z [36;1mNODE[0m
2026-08-02T08:20:14.8654981Z shell: /usr/bin/bash --noprofile --norc -e -o pipefail {0}
2026-08-02T08:20:14.8655320Z env:
2026-08-02T08:20:14.8655537Z   BENCHMARK_ID: GS-OSS-2026-08-02-V8
2026-08-02T08:20:14.8655825Z   EVIDENCE_CLASS: external-observational
2026-08-02T08:20:14.8656301Z   V7_SOURCE_RUN_ID: 30732978684
2026-08-02T08:20:14.8656551Z   TASK_ID: TASK-OSS-03
2026-08-02T08:20:14.8656764Z ##[endgroup]
2026-08-02T08:20:15.0443993Z Node 20 is being deprecated. This workflow is running with Node 24 by default. If you need to temporarily use Node 20, you can set the ACTIONS_ALLOW_USE_UNSECURE_NODE_VERSION=true environment variable. For more information see: https://github.blog/changelog/2025-09-19-deprecation-of-node-20-on-github-actions-runners/
2026-08-02T08:20:15.0445287Z ##[group]Run actions/upload-artifact@v4
2026-08-02T08:20:15.0445555Z with:
2026-08-02T08:20:15.0445798Z   name: external-oss-v8-seed-identity-TASK-OSS-03
2026-08-02T08:20:15.0446205Z   path: /home/runner/work/_temp/v8-seed/TASK-OSS-03/seed-identity.json
2026-08-02T08:20:15.0446578Z   if-no-files-found: ignore
2026-08-02T08:20:15.0446816Z   compression-level: 6
2026-08-02T08:20:15.0447029Z   overwrite: false
2026-08-02T08:20:15.0447243Z   include-hidden-files: false
2026-08-02T08:20:15.0447488Z env:
2026-08-02T08:20:15.0447680Z   BENCHMARK_ID: GS-OSS-2026-08-02-V8
2026-08-02T08:20:15.0447953Z   EVIDENCE_CLASS: external-observational
2026-08-02T08:20:15.0448256Z   V7_SOURCE_RUN_ID: 30732978684
2026-08-02T08:20:15.0448487Z ##[endgroup]
2026-08-02T08:20:15.2116274Z (node:2258) [DEP0040] DeprecationWarning: The `punycode` module is deprecated. Please use a userland alternative instead.
2026-08-02T08:20:15.2117141Z (Use `node --trace-deprecation ...` to show where the warning was created)
2026-08-02T08:20:15.2179522Z With the provided path, there will be 1 file uploaded
2026-08-02T08:20:15.2202834Z Artifact name is valid!
2026-08-02T08:20:15.2204293Z Root directory input is valid!
2026-08-02T08:20:15.5436823Z Beginning upload of artifact content to blob storage
2026-08-02T08:20:15.5636844Z (node:2258) [DEP0169] DeprecationWarning: `url.parse()` behavior is not standardized and prone to errors that have security implications. Use the WHATWG URL API instead. CVEs are not issued for `url.parse()` vulnerabilities.
2026-08-02T08:20:15.8577405Z Uploaded bytes 489
2026-08-02T08:20:15.9423299Z Finished uploading artifact content to blob storage!
2026-08-02T08:20:15.9424849Z SHA256 digest of uploaded artifact zip is db5d4043cb765ca93905d2b22342c90fa2fb2c536e0a12aa489d16f4fbf7259a
2026-08-02T08:20:15.9426045Z Finalizing artifact upload
2026-08-02T08:20:16.1560630Z Artifact external-oss-v8-seed-identity-TASK-OSS-03.zip successfully finalized. Artifact ID 8830807032
2026-08-02T08:20:16.1562545Z Artifact external-oss-v8-seed-identity-TASK-OSS-03 has been successfully uploaded! Final size is 489 bytes. Artifact ID is 8830807032
2026-08-02T08:20:16.1568189Z Artifact download URL: https://github.com/Eskasia/governseed/actions/runs/30739570734/artifacts/8830807032
2026-08-02T08:20:16.1749792Z Node 20 is being deprecated. This workflow is running with Node 24 by default. If you need to temporarily use Node 20, you can set the ACTIONS_ALLOW_USE_UNSECURE_NODE_VERSION=true environment variable. For more information see: https://github.blog/changelog/2025-09-19-deprecation-of-node-20-on-github-actions-runners/
2026-08-02T08:20:16.1751428Z Post job cleanup.
2026-08-02T08:20:16.2661876Z [command]/usr/bin/git version
2026-08-02T08:20:16.2699143Z git version 2.54.0
2026-08-02T08:20:16.2774604Z Temporarily overriding HOME='/home/runner/work/_temp/5c4240d1-8b90-46c2-b610-ce86d77bdfe2' before making global git config changes
2026-08-02T08:20:16.2776096Z Adding repository directory to the temporary git global config as a safe directory
2026-08-02T08:20:16.2780701Z [command]/usr/bin/git config --global --add safe.directory /home/runner/work/governseed/governseed
2026-08-02T08:20:16.2833176Z [command]/usr/bin/git config --local --name-only --get-regexp core\.sshCommand
2026-08-02T08:20:16.2874353Z [command]/usr/bin/git submodule foreach --recursive sh -c "git config --local --name-only --get-regexp 'core\.sshCommand' && git config --local --unset-all 'core.sshCommand' || :"
2026-08-02T08:20:16.3142907Z [command]/usr/bin/git config --local --name-only --get-regexp http\.https\:\/\/github\.com\/\.extraheader
2026-08-02T08:20:16.3175580Z http.https://github.com/.extraheader
2026-08-02T08:20:16.3187557Z [command]/usr/bin/git config --local --unset-all http.https://github.com/.extraheader
2026-08-02T08:20:16.3228477Z [command]/usr/bin/git submodule foreach --recursive sh -c "git config --local --name-only --get-regexp 'http\.https\:\/\/github\.com\/\.extraheader' && git config --local --unset-all 'http.https://github.com/.extraheader' || :"
2026-08-02T08:20:16.3502802Z [command]/usr/bin/git config --local --name-only --get-regexp ^includeIf\.gitdir:
2026-08-02T08:20:16.3552774Z [command]/usr/bin/git submodule foreach --recursive git config --local --show-origin --name-only --get-regexp remote.origin.url
2026-08-02T08:20:16.4006793Z Cleaning up orphan processes
2026-08-02T08:20:16.4327490Z ##[warning]Node.js 20 is deprecated. The following actions target Node.js 20 but are being forced to run on Node.js 24: actions/checkout@v4, actions/download-artifact@v4, actions/upload-artifact@v4. For more information see: https://github.blog/changelog/2025-09-19-deprecation-of-node-20-on-github-actions-runners/
