2026-08-02T08:22:47.3171603Z Current runner version: '2.336.0'
2026-08-02T08:22:47.3195440Z ##[group]Runner Image Provisioner
2026-08-02T08:22:47.3196378Z Hosted Compute Agent
2026-08-02T08:22:47.3197024Z Version: 20260707.563
2026-08-02T08:22:47.3197673Z Commit: 02667638d2b423fbc733a8e32a88b44996a3ba6e
2026-08-02T08:22:47.3198414Z Build Date: 2026-07-07T19:33:50Z
2026-08-02T08:22:47.3199078Z Worker ID: {e34e2329-d632-4cd7-a72b-f8d4d626c22a}
2026-08-02T08:22:47.3199817Z Azure Region: westus
2026-08-02T08:22:47.3200644Z ##[endgroup]
2026-08-02T08:22:47.3202069Z ##[group]Operating System
2026-08-02T08:22:47.3202787Z Ubuntu
2026-08-02T08:22:47.3203286Z 24.04.4
2026-08-02T08:22:47.3203806Z LTS
2026-08-02T08:22:47.3204356Z ##[endgroup]
2026-08-02T08:22:47.3204876Z ##[group]Runner Image
2026-08-02T08:22:47.3205496Z Image: ubuntu-24.04
2026-08-02T08:22:47.3206043Z Version: 20260720.247.2
2026-08-02T08:22:47.3207355Z Included Software: https://github.com/actions/runner-images/blob/ubuntu24/20260720.247/images/ubuntu/Ubuntu2404-Readme.md
2026-08-02T08:22:47.3208871Z Image Release: https://github.com/actions/runner-images/releases/tag/ubuntu24%2F20260720.247
2026-08-02T08:22:47.3209825Z ##[endgroup]
2026-08-02T08:22:47.3211372Z ##[group]GITHUB_TOKEN Permissions
2026-08-02T08:22:47.3213511Z Actions: read
2026-08-02T08:22:47.3214162Z Contents: read
2026-08-02T08:22:47.3214767Z Metadata: read
2026-08-02T08:22:47.3215359Z ##[endgroup]
2026-08-02T08:22:47.3217340Z Secret source: Actions
2026-08-02T08:22:47.3218990Z Prepare workflow directory
2026-08-02T08:22:47.3614074Z Prepare all required actions
2026-08-02T08:22:47.3686967Z Getting action download info
2026-08-02T08:22:47.7140685Z Download action repository 'actions/checkout@v4' (SHA:11d5960a326750d5838078e36cf38b85af677262)
2026-08-02T08:22:48.2327641Z Download action repository 'actions/download-artifact@v4' (SHA:d3f86a106a0bac45b974a628896c90dbdf5c8093)
2026-08-02T08:22:48.7628099Z Download action repository 'actions/upload-artifact@v4' (SHA:ea165f8d65b6e75b540449e92b4886f43607fa02)
2026-08-02T08:22:49.0777162Z Complete job name: Verify V8 workspace exec contract (TASK-OSS-09)
2026-08-02T08:22:49.1668668Z Node 20 is being deprecated. This workflow is running with Node 24 by default. If you need to temporarily use Node 20, you can set the ACTIONS_ALLOW_USE_UNSECURE_NODE_VERSION=true environment variable. For more information see: https://github.blog/changelog/2025-09-19-deprecation-of-node-20-on-github-actions-runners/
2026-08-02T08:22:49.1679637Z ##[group]Run actions/checkout@v4
2026-08-02T08:22:49.1681332Z with:
2026-08-02T08:22:49.1682141Z   fetch-depth: 1
2026-08-02T08:22:49.1683035Z   repository: Eskasia/governseed
2026-08-02T08:22:49.1692927Z   token: ***
2026-08-02T08:22:49.1693754Z   ssh-strict: true
2026-08-02T08:22:49.1694590Z   ssh-user: git
2026-08-02T08:22:49.1695453Z   persist-credentials: true
2026-08-02T08:22:49.1696398Z   clean: true
2026-08-02T08:22:49.1697257Z   sparse-checkout-cone-mode: true
2026-08-02T08:22:49.1698277Z   fetch-tags: false
2026-08-02T08:22:49.1699137Z   show-progress: true
2026-08-02T08:22:49.1700184Z   lfs: false
2026-08-02T08:22:49.1701027Z   submodules: false
2026-08-02T08:22:49.1701904Z   set-safe-directory: true
2026-08-02T08:22:49.1702885Z   allow-unsafe-pr-checkout: false
2026-08-02T08:22:49.1704167Z env:
2026-08-02T08:22:49.1704975Z   BENCHMARK_ID: GS-OSS-2026-08-02-V8
2026-08-02T08:22:49.1706080Z   EVIDENCE_CLASS: external-observational
2026-08-02T08:22:49.1707174Z   V7_SOURCE_RUN_ID: 30732978684
2026-08-02T08:22:49.1708122Z ##[endgroup]
2026-08-02T08:22:49.2746703Z Syncing repository: Eskasia/governseed
2026-08-02T08:22:49.2750879Z ##[group]Getting Git version info
2026-08-02T08:22:49.2753191Z Working directory is '/home/runner/work/governseed/governseed'
2026-08-02T08:22:49.2756570Z [command]/usr/bin/git version
2026-08-02T08:22:49.2891498Z git version 2.54.0
2026-08-02T08:22:49.2921092Z ##[endgroup]
2026-08-02T08:22:49.2952820Z Temporarily overriding HOME='/home/runner/work/_temp/57e0fa9e-3934-4090-b71c-39cae8a0051b' before making global git config changes
2026-08-02T08:22:49.2989384Z Adding repository directory to the temporary git global config as a safe directory
2026-08-02T08:22:49.2992430Z [command]/usr/bin/git config --global --add safe.directory /home/runner/work/governseed/governseed
2026-08-02T08:22:49.3034658Z Deleting the contents of '/home/runner/work/governseed/governseed'
2026-08-02T08:22:49.3045577Z ##[group]Initializing the repository
2026-08-02T08:22:49.3049164Z [command]/usr/bin/git init /home/runner/work/governseed/governseed
2026-08-02T08:22:49.3181661Z hint: Using 'master' as the name for the initial branch. This default branch name
2026-08-02T08:22:49.3185013Z hint: will change to "main" in Git 3.0. To configure the initial branch name
2026-08-02T08:22:49.3187998Z hint: to use in all of your new repositories, which will suppress this warning,
2026-08-02T08:22:49.3190955Z hint: call:
2026-08-02T08:22:49.3192455Z hint:
2026-08-02T08:22:49.3194211Z hint: 	git config --global init.defaultBranch <name>
2026-08-02T08:22:49.3196389Z hint:
2026-08-02T08:22:49.3198375Z hint: Names commonly chosen instead of 'master' are 'main', 'trunk' and
2026-08-02T08:22:49.3202053Z hint: 'development'. The just-created branch can be renamed via this command:
2026-08-02T08:22:49.3204671Z hint:
2026-08-02T08:22:49.3206030Z hint: 	git branch -m <name>
2026-08-02T08:22:49.3207583Z hint:
2026-08-02T08:22:49.3210232Z hint: Disable this message with "git config set advice.defaultBranchName false"
2026-08-02T08:22:49.3213410Z Initialized empty Git repository in /home/runner/work/governseed/governseed/.git/
2026-08-02T08:22:49.3217394Z [command]/usr/bin/git remote add origin https://github.com/Eskasia/governseed
2026-08-02T08:22:49.3257657Z ##[endgroup]
2026-08-02T08:22:49.3260522Z ##[group]Disabling automatic garbage collection
2026-08-02T08:22:49.3262757Z [command]/usr/bin/git config --local gc.auto 0
2026-08-02T08:22:49.3301709Z ##[endgroup]
2026-08-02T08:22:49.3304190Z ##[group]Setting up auth
2026-08-02T08:22:49.3308713Z [command]/usr/bin/git config --local --name-only --get-regexp core\.sshCommand
2026-08-02T08:22:49.3348026Z [command]/usr/bin/git submodule foreach --recursive sh -c "git config --local --name-only --get-regexp 'core\.sshCommand' && git config --local --unset-all 'core.sshCommand' || :"
2026-08-02T08:22:49.3756181Z [command]/usr/bin/git config --local --name-only --get-regexp http\.https\:\/\/github\.com\/\.extraheader
2026-08-02T08:22:49.3796148Z [command]/usr/bin/git submodule foreach --recursive sh -c "git config --local --name-only --get-regexp 'http\.https\:\/\/github\.com\/\.extraheader' && git config --local --unset-all 'http.https://github.com/.extraheader' || :"
2026-08-02T08:22:49.4047592Z [command]/usr/bin/git config --local --name-only --get-regexp ^includeIf\.gitdir:
2026-08-02T08:22:49.4093086Z [command]/usr/bin/git submodule foreach --recursive git config --local --show-origin --name-only --get-regexp remote.origin.url
2026-08-02T08:22:49.4344092Z [command]/usr/bin/git config --local http.https://github.com/.extraheader AUTHORIZATION: basic ***
2026-08-02T08:22:49.4393025Z ##[endgroup]
2026-08-02T08:22:49.4395756Z ##[group]Fetching the repository
2026-08-02T08:22:49.4400999Z [command]/usr/bin/git -c protocol.version=2 fetch --no-tags --prune --no-recurse-submodules --depth=1 origin +38a19c8169ba16879b6fca1132f3bc0f5b6b3e85:refs/remotes/origin/main
2026-08-02T08:22:52.9453283Z From https://github.com/Eskasia/governseed
2026-08-02T08:22:52.9454678Z  * [new ref]         38a19c8169ba16879b6fca1132f3bc0f5b6b3e85 -> origin/main
2026-08-02T08:22:52.9492792Z ##[endgroup]
2026-08-02T08:22:52.9493489Z ##[group]Determining the checkout info
2026-08-02T08:22:52.9495458Z ##[endgroup]
2026-08-02T08:22:52.9501294Z [command]/usr/bin/git sparse-checkout disable
2026-08-02T08:22:52.9551863Z [command]/usr/bin/git config --local --unset-all extensions.worktreeConfig
2026-08-02T08:22:52.9583846Z ##[group]Checking out the ref
2026-08-02T08:22:52.9590720Z [command]/usr/bin/git checkout --progress --force -B main refs/remotes/origin/main
2026-08-02T08:22:53.1990701Z Switched to a new branch 'main'
2026-08-02T08:22:53.2001941Z branch 'main' set up to track 'origin/main'.
2026-08-02T08:22:53.2043016Z ##[endgroup]
2026-08-02T08:22:53.2092103Z [command]/usr/bin/git log -1 --format=%H
2026-08-02T08:22:53.2120246Z 38a19c8169ba16879b6fca1132f3bc0f5b6b3e85
2026-08-02T08:22:53.2373874Z Node 20 is being deprecated. This workflow is running with Node 24 by default. If you need to temporarily use Node 20, you can set the ACTIONS_ALLOW_USE_UNSECURE_NODE_VERSION=true environment variable. For more information see: https://github.blog/changelog/2025-09-19-deprecation-of-node-20-on-github-actions-runners/
2026-08-02T08:22:53.2376063Z ##[group]Run actions/download-artifact@v4
2026-08-02T08:22:53.2376412Z with:
2026-08-02T08:22:53.2376728Z   name: external-oss-v8-dependency-cache-TASK-OSS-09
2026-08-02T08:22:53.2377155Z   path: /home/runner/work/_temp/v8-input/TASK-OSS-09
2026-08-02T08:22:53.2377525Z   merge-multiple: false
2026-08-02T08:22:53.2377812Z   repository: Eskasia/governseed
2026-08-02T08:22:53.2378128Z   run-id: 30739570734
2026-08-02T08:22:53.2378374Z env:
2026-08-02T08:22:53.2378626Z   BENCHMARK_ID: GS-OSS-2026-08-02-V8
2026-08-02T08:22:53.2378952Z   EVIDENCE_CLASS: external-observational
2026-08-02T08:22:53.2379275Z   V7_SOURCE_RUN_ID: 30732978684
2026-08-02T08:22:53.2379596Z ##[endgroup]
2026-08-02T08:22:53.3857309Z Downloading single artifact
2026-08-02T08:22:53.4009892Z (node:2223) [DEP0040] DeprecationWarning: The `punycode` module is deprecated. Please use a userland alternative instead.
2026-08-02T08:22:53.4011598Z (Use `node --trace-deprecation ...` to show where the warning was created)
2026-08-02T08:22:53.6593568Z Preparing to download the following artifacts:
2026-08-02T08:22:53.6594951Z - external-oss-v8-dependency-cache-TASK-OSS-09 (ID: 8830831208, Size: 622570172, Expected Digest: sha256:bba20242d3fc7863fa9f83ef5c44fae09aaa56031c82a9d048414b0ff90db160)
2026-08-02T08:22:53.8613103Z Redirecting to blob download url: https://productionresultssa2.blob.core.windows.net/actions-results/5987fa1b-97c2-4063-a1a9-b1135aa8062a/workflow-job-run-b821d3b8-8b9b-5dfc-aac7-78f57dbc4554/artifacts/dbfab857054e4a3754ff87d74e227fe7a74443e1410f9f0c2da7bdaa66e509e2.zip
2026-08-02T08:22:53.8616307Z Starting download of artifact to: /home/runner/work/_temp/v8-input/TASK-OSS-09
2026-08-02T08:22:54.2401549Z (node:2223) [DEP0005] DeprecationWarning: Buffer() is deprecated due to security and usability issues. Please use the Buffer.alloc(), Buffer.allocUnsafe(), or Buffer.from() methods instead.
2026-08-02T08:23:24.2371764Z SHA256 digest of downloaded artifact is bba20242d3fc7863fa9f83ef5c44fae09aaa56031c82a9d048414b0ff90db160
2026-08-02T08:23:24.2372721Z Artifact download completed successfully.
2026-08-02T08:23:24.2373174Z Total of 1 artifact(s) downloaded
2026-08-02T08:23:24.2381059Z Download artifact has finished successfully
2026-08-02T08:23:24.2548976Z ##[group]Run set -euo pipefail
2026-08-02T08:23:24.2549412Z [36;1mset -euo pipefail[0m
2026-08-02T08:23:24.2549711Z [36;1minput="$RUNNER_TEMP/v8-input/$TASK_ID"[0m
2026-08-02T08:23:24.2550606Z [36;1mroot="$RUNNER_TEMP/v8-contract/$TASK_ID"[0m
2026-08-02T08:23:24.2550927Z [36;1mseed="$root/seed"[0m
2026-08-02T08:23:24.2551167Z [36;1mcache="$root/cache"[0m
2026-08-02T08:23:24.2551409Z [36;1mharness="$root/harness"[0m
2026-08-02T08:23:24.2551719Z [36;1mout="$RUNNER_TEMP/v8-contract-receipts/$TASK_ID"[0m
2026-08-02T08:23:24.2552095Z [36;1mmkdir -p "$seed" "$cache" "$harness" "$out"[0m
2026-08-02T08:23:24.2552427Z [36;1mtar -xzf "$input/seed.tgz" -C "$seed"[0m
2026-08-02T08:23:24.2552742Z [36;1mtar -xzf "$input/cache.tgz" -C "$cache"[0m
2026-08-02T08:23:24.2553111Z [36;1mcp "$input/cache-roots.txt" "$harness/cache-roots.txt"[0m
2026-08-02T08:23:24.2553661Z [36;1mcp benchmarks/external-oss-v8/tests/v8-runtime-contract.sh "$harness/v8-runtime-contract.sh"[0m
2026-08-02T08:23:24.2554386Z [36;1mcp benchmarks/external-oss-v8/tests/v8-container-wrapper.sh "$harness/v8-container-wrapper.sh"[0m
2026-08-02T08:23:24.2554915Z [36;1mchmod 0555 "$harness/v8-runtime-contract.sh"[0m
2026-08-02T08:23:24.2555470Z [36;1mchmod 0555 "$harness/v8-container-wrapper.sh"[0m
2026-08-02T08:23:24.2555795Z [36;1mchmod 0444 "$harness/cache-roots.txt"[0m
2026-08-02T08:23:24.2556169Z [36;1mdocker load --input "$input/runtime-image.tgz" >/dev/null[0m
2026-08-02T08:23:24.2556559Z [36;1mruntime_tag="governseed-v7-runtime:$TASK_ID"[0m
2026-08-02T08:23:24.2556857Z [36;1mcontainer_id=[0m
2026-08-02T08:23:24.2557255Z [36;1mcleanup() { test -n "$container_id" && docker rm -f "$container_id" >/dev/null 2>&1 || true; }[0m
2026-08-02T08:23:24.2557695Z [36;1mtrap cleanup EXIT[0m
2026-08-02T08:23:24.2557983Z [36;1mdocker create --name "v8-${TASK_ID,,}-contract" \[0m
2026-08-02T08:23:24.2558465Z [36;1m  --network none --read-only --cap-drop=ALL --security-opt no-new-privileges:true \[0m
2026-08-02T08:23:24.2558984Z [36;1m  --user 65532:65532 --pids-limit 256 --cpus 4 --memory 15g \[0m
2026-08-02T08:23:24.2559474Z [36;1m  --tmpfs "/workspace:rw,exec,nosuid,nodev,size=8g,uid=65532,gid=65532,mode=0750" \[0m
2026-08-02T08:23:24.2560278Z [36;1m  --mount "type=bind,src=$seed,dst=/seed,readonly" \[0m
2026-08-02T08:23:24.2560697Z [36;1m  --mount "type=bind,src=$cache,dst=/cache,readonly" \[0m
2026-08-02T08:23:24.2561103Z [36;1m  --mount "type=bind,src=$harness,dst=/harness,readonly" \[0m
2026-08-02T08:23:24.2561612Z [36;1m  --tmpfs "/home/benchmark:rw,noexec,nosuid,nodev,size=1g,uid=65532,gid=65532,mode=0700" \[0m
2026-08-02T08:23:24.2562174Z [36;1m  --tmpfs "/tmp:rw,noexec,nosuid,nodev,size=2g,uid=65532,gid=65532,mode=1770" \[0m
2026-08-02T08:23:24.2562810Z [36;1m  "$runtime_tag" /harness/v8-container-wrapper.sh v8-runtime-contract.sh "$TASK_ID" > "$out/container-id"[0m
2026-08-02T08:23:24.2563355Z [36;1mcontainer_id=$(tail -n 1 "$out/container-id")[0m
2026-08-02T08:23:24.2563828Z [36;1mtest "$(docker inspect "$container_id" --format '{{.HostConfig.NetworkMode}}')" = none[0m
2026-08-02T08:23:24.2564424Z [36;1mtest "$(docker inspect "$container_id" --format '{{.HostConfig.ReadonlyRootfs}}')" = true[0m
2026-08-02T08:23:24.2565002Z [36;1mtest "$(docker inspect "$container_id" --format '{{.Config.User}}')" = 65532:65532[0m
2026-08-02T08:23:24.2565582Z [36;1mtest "$(docker inspect "$container_id" --format '{{json .HostConfig.CapDrop}}')" = '["ALL"]'[0m
2026-08-02T08:23:24.2566272Z [36;1mdocker inspect "$container_id" --format '{{json .HostConfig.SecurityOpt}}' | grep -Fq no-new-privileges:true[0m
2026-08-02T08:23:24.2566938Z [36;1mtmpfs_json=$(docker inspect "$container_id" --format '{{json .HostConfig.Tmpfs}}')[0m
2026-08-02T08:23:24.2567446Z [36;1mTMPFS_JSON="$tmpfs_json" node --input-type=module - <<'NODE'[0m
2026-08-02T08:23:24.2567859Z [36;1mconst tmpfs = JSON.parse(process.env.TMPFS_JSON);[0m
2026-08-02T08:23:24.2568192Z [36;1mconst required = {[0m
2026-08-02T08:23:24.2568780Z [36;1m  '/workspace': ['rw', 'exec', 'nosuid', 'nodev', 'size=8g', 'uid=65532', 'gid=65532', 'mode=0750'],[0m
2026-08-02T08:23:24.2569408Z [36;1m  '/home/benchmark': ['rw', 'noexec', 'nosuid', 'nodev', 'size=1g', 'uid=65532', 'gid=65532', 'mode=0700'],[0m
2026-08-02T08:23:24.2570300Z [36;1m  '/tmp': ['rw', 'noexec', 'nosuid', 'nodev', 'size=2g', 'uid=65532', 'gid=65532', 'mode=1770'][0m
2026-08-02T08:23:24.2570712Z [36;1m};[0m
2026-08-02T08:23:24.2571450Z [36;1mconst aliases = { 'size=8g': ['size=8g', 'size=8388608k'], 'size=1g': ['size=1g', 'size=1048576k'], 'size=2g': ['size=2g', 'size=2097152k'], 'mode=0750': ['mode=0750', 'mode=750'], 'mode=0700': ['mode=0700', 'mode=700'], 'mode=1770': ['mode=1770'] };[0m
2026-08-02T08:23:24.2572367Z [36;1mfor (const [destination, tokens] of Object.entries(required)) {[0m
2026-08-02T08:23:24.2572822Z [36;1m  const options = String(tmpfs[destination] || '').split(',');[0m
2026-08-02T08:23:24.2573500Z [36;1m  if (!options.length || tokens.some((token) => !(aliases[token] || [token]).some((candidate) => options.includes(candidate)))) process.exit(1);[0m
2026-08-02T08:23:24.2574230Z [36;1m  if (destination === '/workspace' && options.includes('noexec')) process.exit(1);[0m
2026-08-02T08:23:24.2574765Z [36;1m}[0m
2026-08-02T08:23:24.2574945Z [36;1mNODE[0m
2026-08-02T08:23:24.2575235Z [36;1mfor spec in '/seed false' '/cache false' '/harness false'; do[0m
2026-08-02T08:23:24.2575630Z [36;1m  destination=${spec% *}; expected_rw=${spec#* }[0m
2026-08-02T08:23:24.2576226Z [36;1m  count=$(docker inspect "$container_id" --format '{{range .Mounts}}{{println .Destination}}{{end}}' | grep -Fxc "$destination")[0m
2026-08-02T08:23:24.2576786Z [36;1m  test "$count" -eq 1[0m
2026-08-02T08:23:24.2577323Z [36;1m  actual_rw=$(docker inspect "$container_id" --format '{{range .Mounts}}{{if eq .Destination "'"$destination"'"}}{{.RW}}{{end}}{{end}}')[0m
2026-08-02T08:23:24.2577909Z [36;1m  test "$actual_rw" = "$expected_rw"[0m
2026-08-02T08:23:24.2578185Z [36;1mdone[0m
2026-08-02T08:23:24.2578409Z [36;1mdocker start "$container_id" >/dev/null[0m
2026-08-02T08:23:24.2578731Z [36;1mfor attempt in $(seq 1 180); do[0m
2026-08-02T08:23:24.2579172Z [36;1m  running=$(docker inspect "$container_id" --format '{{.State.Running}}')[0m
2026-08-02T08:23:24.2579574Z [36;1m  test "$running" = true || break[0m
2026-08-02T08:23:24.2580375Z [36;1m  if docker exec "$container_id" test -f /workspace/workspace-exec-receipt.json 2>/dev/null; then break; fi[0m
2026-08-02T08:23:24.2580893Z [36;1m  sleep 1[0m
2026-08-02T08:23:24.2581091Z [36;1mdone[0m
2026-08-02T08:23:24.2581403Z [36;1mrunning=$(docker inspect "$container_id" --format '{{.State.Running}}')[0m
2026-08-02T08:23:24.2581800Z [36;1mif test "$running" = true; then[0m
2026-08-02T08:23:24.2583054Z [36;1m  for file in workspace-exec-receipt.json mountinfo.txt workspace-mount.txt cache-mount.txt home-mount.txt tmp-mount.txt vitest-resolved-path.txt vitest-symlink.txt vitest-version.txt runner-probe.txt python-version.txt pytest-version.txt libmagic-library-path.txt libmagic-database-path.txt libmagic-probe.txt; do[0m
2026-08-02T08:23:24.2584469Z [36;1m    docker exec "$container_id" cat "/workspace/$file" > "$out/$file" 2>/dev/null || true[0m
2026-08-02T08:23:24.2584883Z [36;1m  done[0m
2026-08-02T08:23:24.2585168Z [36;1m  docker exec "$container_id" sh -c ': > /workspace/.v8-release'[0m
2026-08-02T08:23:24.2585508Z [36;1mfi[0m
2026-08-02T08:23:24.2585705Z [36;1mfor attempt in $(seq 1 30); do[0m
2026-08-02T08:23:24.2586078Z [36;1m  running=$(docker inspect "$container_id" --format '{{.State.Running}}')[0m
2026-08-02T08:23:24.2586488Z [36;1m  test "$running" = true || break[0m
2026-08-02T08:23:24.2586749Z [36;1m  sleep 1[0m
2026-08-02T08:23:24.2586942Z [36;1mdone[0m
2026-08-02T08:23:24.2587236Z [36;1mrc=$(docker inspect "$container_id" --format '{{.State.ExitCode}}')[0m
2026-08-02T08:23:24.2587700Z [36;1mdocker logs "$container_id" > "$out/container-output" 2>&1 || true[0m
2026-08-02T08:23:24.2588203Z [36;1mtest "$rc" -eq 0[0m
2026-08-02T08:23:24.2588489Z [36;1mtest -f "$out/workspace-exec-receipt.json"[0m
2026-08-02T08:23:24.2588819Z [36;1mdocker rm -f "$container_id" >/dev/null[0m
2026-08-02T08:23:24.2589140Z [36;1mcontainer_id=[0m
2026-08-02T08:23:24.2639618Z shell: /usr/bin/bash --noprofile --norc -e -o pipefail {0}
2026-08-02T08:23:24.2640323Z env:
2026-08-02T08:23:24.2640554Z   BENCHMARK_ID: GS-OSS-2026-08-02-V8
2026-08-02T08:23:24.2640852Z   EVIDENCE_CLASS: external-observational
2026-08-02T08:23:24.2641142Z   V7_SOURCE_RUN_ID: 30732978684
2026-08-02T08:23:24.2641380Z   TASK_ID: TASK-OSS-09
2026-08-02T08:23:24.2641591Z ##[endgroup]
2026-08-02T08:23:52.5018414Z Node 20 is being deprecated. This workflow is running with Node 24 by default. If you need to temporarily use Node 20, you can set the ACTIONS_ALLOW_USE_UNSECURE_NODE_VERSION=true environment variable. For more information see: https://github.blog/changelog/2025-09-19-deprecation-of-node-20-on-github-actions-runners/
2026-08-02T08:23:52.5019710Z ##[group]Run actions/upload-artifact@v4
2026-08-02T08:23:52.5020303Z with:
2026-08-02T08:23:52.5020558Z   name: external-oss-v8-workspace-exec-TASK-OSS-09
2026-08-02T08:23:52.5021155Z   path: /home/runner/work/_temp/v8-contract-receipts/TASK-OSS-09/
2026-08-02T08:23:52.5021508Z   if-no-files-found: ignore
2026-08-02T08:23:52.5021751Z   compression-level: 6
2026-08-02T08:23:52.5021969Z   overwrite: false
2026-08-02T08:23:52.5022187Z   include-hidden-files: false
2026-08-02T08:23:52.5022423Z env:
2026-08-02T08:23:52.5022622Z   BENCHMARK_ID: GS-OSS-2026-08-02-V8
2026-08-02T08:23:52.5022901Z   EVIDENCE_CLASS: external-observational
2026-08-02T08:23:52.5023210Z   V7_SOURCE_RUN_ID: 30732978684
2026-08-02T08:23:52.5023449Z ##[endgroup]
2026-08-02T08:23:52.6656145Z (node:3248) [DEP0040] DeprecationWarning: The `punycode` module is deprecated. Please use a userland alternative instead.
2026-08-02T08:23:52.6657039Z (Use `node --trace-deprecation ...` to show where the warning was created)
2026-08-02T08:23:52.6777582Z With the provided path, there will be 17 files uploaded
2026-08-02T08:23:52.6778785Z Artifact name is valid!
2026-08-02T08:23:52.6779270Z Root directory input is valid!
2026-08-02T08:23:53.0231172Z Beginning upload of artifact content to blob storage
2026-08-02T08:23:53.0626226Z (node:3248) [DEP0169] DeprecationWarning: `url.parse()` behavior is not standardized and prone to errors that have security implications. Use the WHATWG URL API instead. CVEs are not issued for `url.parse()` vulnerabilities.
2026-08-02T08:23:53.3720453Z Uploaded bytes 4115
2026-08-02T08:23:53.4526071Z Finished uploading artifact content to blob storage!
2026-08-02T08:23:53.4527447Z SHA256 digest of uploaded artifact zip is 48aa09f2b4c0f0f697ce56b18e48aab7b37c7f97cc6ed12fe0ad8a489ad38a2a
2026-08-02T08:23:53.4529423Z Finalizing artifact upload
2026-08-02T08:23:53.6702773Z Artifact external-oss-v8-workspace-exec-TASK-OSS-09.zip successfully finalized. Artifact ID 8830844544
2026-08-02T08:23:53.6704663Z Artifact external-oss-v8-workspace-exec-TASK-OSS-09 has been successfully uploaded! Final size is 4115 bytes. Artifact ID is 8830844544
2026-08-02T08:23:53.6720908Z Artifact download URL: https://github.com/Eskasia/governseed/actions/runs/30739570734/artifacts/8830844544
2026-08-02T08:23:53.6908897Z Node 20 is being deprecated. This workflow is running with Node 24 by default. If you need to temporarily use Node 20, you can set the ACTIONS_ALLOW_USE_UNSECURE_NODE_VERSION=true environment variable. For more information see: https://github.blog/changelog/2025-09-19-deprecation-of-node-20-on-github-actions-runners/
2026-08-02T08:23:53.6910427Z Post job cleanup.
2026-08-02T08:23:53.7760433Z [command]/usr/bin/git version
2026-08-02T08:23:53.7804558Z git version 2.54.0
2026-08-02T08:23:53.7848454Z Temporarily overriding HOME='/home/runner/work/_temp/6e33c592-3f7f-4ae3-babf-fa0b2ce8a07a' before making global git config changes
2026-08-02T08:23:53.7850509Z Adding repository directory to the temporary git global config as a safe directory
2026-08-02T08:23:53.7855330Z [command]/usr/bin/git config --global --add safe.directory /home/runner/work/governseed/governseed
2026-08-02T08:23:53.7894538Z [command]/usr/bin/git config --local --name-only --get-regexp core\.sshCommand
2026-08-02T08:23:53.7954418Z [command]/usr/bin/git submodule foreach --recursive sh -c "git config --local --name-only --get-regexp 'core\.sshCommand' && git config --local --unset-all 'core.sshCommand' || :"
2026-08-02T08:23:53.8220531Z [command]/usr/bin/git config --local --name-only --get-regexp http\.https\:\/\/github\.com\/\.extraheader
2026-08-02T08:23:53.8249830Z http.https://github.com/.extraheader
2026-08-02T08:23:53.8262474Z [command]/usr/bin/git config --local --unset-all http.https://github.com/.extraheader
2026-08-02T08:23:53.8297734Z [command]/usr/bin/git submodule foreach --recursive sh -c "git config --local --name-only --get-regexp 'http\.https\:\/\/github\.com\/\.extraheader' && git config --local --unset-all 'http.https://github.com/.extraheader' || :"
2026-08-02T08:23:53.8555483Z [command]/usr/bin/git config --local --name-only --get-regexp ^includeIf\.gitdir:
2026-08-02T08:23:53.8595957Z [command]/usr/bin/git submodule foreach --recursive git config --local --show-origin --name-only --get-regexp remote.origin.url
2026-08-02T08:23:53.8984593Z Cleaning up orphan processes
2026-08-02T08:23:53.9422038Z ##[warning]Node.js 20 is deprecated. The following actions target Node.js 20 but are being forced to run on Node.js 24: actions/checkout@v4, actions/download-artifact@v4, actions/upload-artifact@v4. For more information see: https://github.blog/changelog/2025-09-19-deprecation-of-node-20-on-github-actions-runners/
