2026-08-02T08:22:46.1621066Z Current runner version: '2.336.0'
2026-08-02T08:22:46.1656783Z ##[group]Runner Image Provisioner
2026-08-02T08:22:46.1658080Z Hosted Compute Agent
2026-08-02T08:22:46.1658984Z Version: 20260707.563
2026-08-02T08:22:46.1660086Z Commit: 02667638d2b423fbc733a8e32a88b44996a3ba6e
2026-08-02T08:22:46.1661236Z Build Date: 2026-07-07T19:33:50Z
2026-08-02T08:22:46.1662415Z Worker ID: {cef272fb-1ba4-4d90-a41e-5f4091306001}
2026-08-02T08:22:46.1663601Z Azure Region: westus3
2026-08-02T08:22:46.1664812Z ##[endgroup]
2026-08-02T08:22:46.1667040Z ##[group]Operating System
2026-08-02T08:22:46.1667696Z Ubuntu
2026-08-02T08:22:46.1668188Z 24.04.4
2026-08-02T08:22:46.1668821Z LTS
2026-08-02T08:22:46.1669318Z ##[endgroup]
2026-08-02T08:22:46.1669894Z ##[group]Runner Image
2026-08-02T08:22:46.1670496Z Image: ubuntu-24.04
2026-08-02T08:22:46.1671046Z Version: 20260720.247.2
2026-08-02T08:22:46.1673177Z Included Software: https://github.com/actions/runner-images/blob/ubuntu24/20260720.247/images/ubuntu/Ubuntu2404-Readme.md
2026-08-02T08:22:46.1676147Z Image Release: https://github.com/actions/runner-images/releases/tag/ubuntu24%2F20260720.247
2026-08-02T08:22:46.1677788Z ##[endgroup]
2026-08-02T08:22:46.1679626Z ##[group]GITHUB_TOKEN Permissions
2026-08-02T08:22:46.1682561Z Actions: read
2026-08-02T08:22:46.1683485Z Contents: read
2026-08-02T08:22:46.1684752Z Metadata: read
2026-08-02T08:22:46.1685646Z ##[endgroup]
2026-08-02T08:22:46.1688574Z Secret source: Actions
2026-08-02T08:22:46.1690966Z Prepare workflow directory
2026-08-02T08:22:46.2255916Z Prepare all required actions
2026-08-02T08:22:46.2319598Z Getting action download info
2026-08-02T08:22:46.5493815Z Download action repository 'actions/checkout@v4' (SHA:11d5960a326750d5838078e36cf38b85af677262)
2026-08-02T08:22:47.5311574Z Download action repository 'actions/download-artifact@v4' (SHA:d3f86a106a0bac45b974a628896c90dbdf5c8093)
2026-08-02T08:22:48.2497488Z Download action repository 'actions/upload-artifact@v4' (SHA:ea165f8d65b6e75b540449e92b4886f43607fa02)
2026-08-02T08:22:48.4780296Z Complete job name: Verify V8 workspace exec contract (TASK-OSS-01)
2026-08-02T08:22:48.5677113Z Node 20 is being deprecated. This workflow is running with Node 24 by default. If you need to temporarily use Node 20, you can set the ACTIONS_ALLOW_USE_UNSECURE_NODE_VERSION=true environment variable. For more information see: https://github.blog/changelog/2025-09-19-deprecation-of-node-20-on-github-actions-runners/
2026-08-02T08:22:48.5688668Z ##[group]Run actions/checkout@v4
2026-08-02T08:22:48.5689941Z with:
2026-08-02T08:22:48.5690760Z   fetch-depth: 1
2026-08-02T08:22:48.5691664Z   repository: Eskasia/governseed
2026-08-02T08:22:48.5700591Z   token: ***
2026-08-02T08:22:48.5701460Z   ssh-strict: true
2026-08-02T08:22:48.5702332Z   ssh-user: git
2026-08-02T08:22:48.5703216Z   persist-credentials: true
2026-08-02T08:22:48.5704451Z   clean: true
2026-08-02T08:22:48.5705353Z   sparse-checkout-cone-mode: true
2026-08-02T08:22:48.5706420Z   fetch-tags: false
2026-08-02T08:22:48.5707312Z   show-progress: true
2026-08-02T08:22:48.5708266Z   lfs: false
2026-08-02T08:22:48.5709119Z   submodules: false
2026-08-02T08:22:48.5710020Z   set-safe-directory: true
2026-08-02T08:22:48.5711041Z   allow-unsafe-pr-checkout: false
2026-08-02T08:22:48.5712377Z env:
2026-08-02T08:22:48.5713207Z   BENCHMARK_ID: GS-OSS-2026-08-02-V8
2026-08-02T08:22:48.5714510Z   EVIDENCE_CLASS: external-observational
2026-08-02T08:22:48.5715654Z   V7_SOURCE_RUN_ID: 30732978684
2026-08-02T08:22:48.5716683Z ##[endgroup]
2026-08-02T08:22:48.6706770Z Syncing repository: Eskasia/governseed
2026-08-02T08:22:48.6710618Z ##[group]Getting Git version info
2026-08-02T08:22:48.6712838Z Working directory is '/home/runner/work/governseed/governseed'
2026-08-02T08:22:48.6715647Z [command]/usr/bin/git version
2026-08-02T08:22:48.6794747Z git version 2.54.0
2026-08-02T08:22:48.6824194Z ##[endgroup]
2026-08-02T08:22:48.6844941Z Temporarily overriding HOME='/home/runner/work/_temp/b62cadd7-2cb0-4d80-86f1-e5b27b2d2dbe' before making global git config changes
2026-08-02T08:22:48.6848270Z Adding repository directory to the temporary git global config as a safe directory
2026-08-02T08:22:48.6850596Z [command]/usr/bin/git config --global --add safe.directory /home/runner/work/governseed/governseed
2026-08-02T08:22:48.6905750Z Deleting the contents of '/home/runner/work/governseed/governseed'
2026-08-02T08:22:48.6911025Z ##[group]Initializing the repository
2026-08-02T08:22:48.6915648Z [command]/usr/bin/git init /home/runner/work/governseed/governseed
2026-08-02T08:22:48.7023493Z hint: Using 'master' as the name for the initial branch. This default branch name
2026-08-02T08:22:48.7026500Z hint: will change to "main" in Git 3.0. To configure the initial branch name
2026-08-02T08:22:48.7028463Z hint: to use in all of your new repositories, which will suppress this warning,
2026-08-02T08:22:48.7029994Z hint: call:
2026-08-02T08:22:48.7030784Z hint:
2026-08-02T08:22:48.7031793Z hint: 	git config --global init.defaultBranch <name>
2026-08-02T08:22:48.7033023Z hint:
2026-08-02T08:22:48.7034676Z hint: Names commonly chosen instead of 'master' are 'main', 'trunk' and
2026-08-02T08:22:48.7036634Z hint: 'development'. The just-created branch can be renamed via this command:
2026-08-02T08:22:48.7038143Z hint:
2026-08-02T08:22:48.7038958Z hint: 	git branch -m <name>
2026-08-02T08:22:48.7039898Z hint:
2026-08-02T08:22:48.7041168Z hint: Disable this message with "git config set advice.defaultBranchName false"
2026-08-02T08:22:48.7049023Z Initialized empty Git repository in /home/runner/work/governseed/governseed/.git/
2026-08-02T08:22:48.7061530Z [command]/usr/bin/git remote add origin https://github.com/Eskasia/governseed
2026-08-02T08:22:48.7142008Z ##[endgroup]
2026-08-02T08:22:48.7145120Z ##[group]Disabling automatic garbage collection
2026-08-02T08:22:48.7147504Z [command]/usr/bin/git config --local gc.auto 0
2026-08-02T08:22:48.7178846Z ##[endgroup]
2026-08-02T08:22:48.7180301Z ##[group]Setting up auth
2026-08-02T08:22:48.7187453Z [command]/usr/bin/git config --local --name-only --get-regexp core\.sshCommand
2026-08-02T08:22:48.7225337Z [command]/usr/bin/git submodule foreach --recursive sh -c "git config --local --name-only --get-regexp 'core\.sshCommand' && git config --local --unset-all 'core.sshCommand' || :"
2026-08-02T08:22:48.7593243Z [command]/usr/bin/git config --local --name-only --get-regexp http\.https\:\/\/github\.com\/\.extraheader
2026-08-02T08:22:48.7631232Z [command]/usr/bin/git submodule foreach --recursive sh -c "git config --local --name-only --get-regexp 'http\.https\:\/\/github\.com\/\.extraheader' && git config --local --unset-all 'http.https://github.com/.extraheader' || :"
2026-08-02T08:22:48.7854695Z [command]/usr/bin/git config --local --name-only --get-regexp ^includeIf\.gitdir:
2026-08-02T08:22:48.7892463Z [command]/usr/bin/git submodule foreach --recursive git config --local --show-origin --name-only --get-regexp remote.origin.url
2026-08-02T08:22:48.8116049Z [command]/usr/bin/git config --local http.https://github.com/.extraheader AUTHORIZATION: basic ***
2026-08-02T08:22:48.8155373Z ##[endgroup]
2026-08-02T08:22:48.8156913Z ##[group]Fetching the repository
2026-08-02T08:22:48.8166618Z [command]/usr/bin/git -c protocol.version=2 fetch --no-tags --prune --no-recurse-submodules --depth=1 origin +38a19c8169ba16879b6fca1132f3bc0f5b6b3e85:refs/remotes/origin/main
2026-08-02T08:22:52.0867749Z From https://github.com/Eskasia/governseed
2026-08-02T08:22:52.0868532Z  * [new ref]         38a19c8169ba16879b6fca1132f3bc0f5b6b3e85 -> origin/main
2026-08-02T08:22:52.0894374Z ##[endgroup]
2026-08-02T08:22:52.0895039Z ##[group]Determining the checkout info
2026-08-02T08:22:52.0905191Z ##[endgroup]
2026-08-02T08:22:52.0906047Z [command]/usr/bin/git sparse-checkout disable
2026-08-02T08:22:52.0958030Z [command]/usr/bin/git config --local --unset-all extensions.worktreeConfig
2026-08-02T08:22:52.0990493Z ##[group]Checking out the ref
2026-08-02T08:22:52.0995971Z [command]/usr/bin/git checkout --progress --force -B main refs/remotes/origin/main
2026-08-02T08:22:52.3590324Z Switched to a new branch 'main'
2026-08-02T08:22:52.3593070Z branch 'main' set up to track 'origin/main'.
2026-08-02T08:22:52.3642919Z ##[endgroup]
2026-08-02T08:22:52.3693718Z [command]/usr/bin/git log -1 --format=%H
2026-08-02T08:22:52.3726687Z 38a19c8169ba16879b6fca1132f3bc0f5b6b3e85
2026-08-02T08:22:52.4264570Z Node 20 is being deprecated. This workflow is running with Node 24 by default. If you need to temporarily use Node 20, you can set the ACTIONS_ALLOW_USE_UNSECURE_NODE_VERSION=true environment variable. For more information see: https://github.blog/changelog/2025-09-19-deprecation-of-node-20-on-github-actions-runners/
2026-08-02T08:22:52.4266383Z ##[group]Run actions/download-artifact@v4
2026-08-02T08:22:52.4266674Z with:
2026-08-02T08:22:52.4266941Z   name: external-oss-v8-dependency-cache-TASK-OSS-01
2026-08-02T08:22:52.4267308Z   path: /home/runner/work/_temp/v8-input/TASK-OSS-01
2026-08-02T08:22:52.4267614Z   merge-multiple: false
2026-08-02T08:22:52.4267845Z   repository: Eskasia/governseed
2026-08-02T08:22:52.4268097Z   run-id: 30739570734
2026-08-02T08:22:52.4268296Z env:
2026-08-02T08:22:52.4268483Z   BENCHMARK_ID: GS-OSS-2026-08-02-V8
2026-08-02T08:22:52.4268759Z   EVIDENCE_CLASS: external-observational
2026-08-02T08:22:52.4269035Z   V7_SOURCE_RUN_ID: 30732978684
2026-08-02T08:22:52.4269297Z ##[endgroup]
2026-08-02T08:22:52.5789723Z Downloading single artifact
2026-08-02T08:22:52.5934892Z (node:2227) [DEP0040] DeprecationWarning: The `punycode` module is deprecated. Please use a userland alternative instead.
2026-08-02T08:22:52.5935793Z (Use `node --trace-deprecation ...` to show where the warning was created)
2026-08-02T08:22:52.7968109Z Preparing to download the following artifacts:
2026-08-02T08:22:52.7969045Z - external-oss-v8-dependency-cache-TASK-OSS-01 (ID: 8830831114, Size: 788484146, Expected Digest: sha256:09eae8ece90c992ebeffbe9217f37d87de60f54ca1f5cb55f0ece507c58bdbba)
2026-08-02T08:22:52.9671592Z Redirecting to blob download url: https://productionresultssa2.blob.core.windows.net/actions-results/5987fa1b-97c2-4063-a1a9-b1135aa8062a/workflow-job-run-a953b321-82e8-50fa-b9b7-95ee5304df25/artifacts/71a07b4dc0b4e2117b306a8da1fbbc5d3dcfb91b7213e8eaa3abc47d5f77e5d7.zip
2026-08-02T08:22:52.9688367Z Starting download of artifact to: /home/runner/work/_temp/v8-input/TASK-OSS-01
2026-08-02T08:22:53.2346471Z (node:2227) [DEP0005] DeprecationWarning: Buffer() is deprecated due to security and usability issues. Please use the Buffer.alloc(), Buffer.allocUnsafe(), or Buffer.from() methods instead.
2026-08-02T08:23:36.9038850Z SHA256 digest of downloaded artifact is 09eae8ece90c992ebeffbe9217f37d87de60f54ca1f5cb55f0ece507c58bdbba
2026-08-02T08:23:36.9039530Z Artifact download completed successfully.
2026-08-02T08:23:36.9039862Z Total of 1 artifact(s) downloaded
2026-08-02T08:23:36.9047944Z Download artifact has finished successfully
2026-08-02T08:23:36.9211197Z ##[group]Run set -euo pipefail
2026-08-02T08:23:36.9211637Z [36;1mset -euo pipefail[0m
2026-08-02T08:23:36.9211941Z [36;1minput="$RUNNER_TEMP/v8-input/$TASK_ID"[0m
2026-08-02T08:23:36.9212305Z [36;1mroot="$RUNNER_TEMP/v8-contract/$TASK_ID"[0m
2026-08-02T08:23:36.9212613Z [36;1mseed="$root/seed"[0m
2026-08-02T08:23:36.9212851Z [36;1mcache="$root/cache"[0m
2026-08-02T08:23:36.9213093Z [36;1mharness="$root/harness"[0m
2026-08-02T08:23:36.9213413Z [36;1mout="$RUNNER_TEMP/v8-contract-receipts/$TASK_ID"[0m
2026-08-02T08:23:36.9213779Z [36;1mmkdir -p "$seed" "$cache" "$harness" "$out"[0m
2026-08-02T08:23:36.9214636Z [36;1mtar -xzf "$input/seed.tgz" -C "$seed"[0m
2026-08-02T08:23:36.9214973Z [36;1mtar -xzf "$input/cache.tgz" -C "$cache"[0m
2026-08-02T08:23:36.9215351Z [36;1mcp "$input/cache-roots.txt" "$harness/cache-roots.txt"[0m
2026-08-02T08:23:36.9215908Z [36;1mcp benchmarks/external-oss-v8/tests/v8-runtime-contract.sh "$harness/v8-runtime-contract.sh"[0m
2026-08-02T08:23:36.9216645Z [36;1mcp benchmarks/external-oss-v8/tests/v8-container-wrapper.sh "$harness/v8-container-wrapper.sh"[0m
2026-08-02T08:23:36.9217179Z [36;1mchmod 0555 "$harness/v8-runtime-contract.sh"[0m
2026-08-02T08:23:36.9217737Z [36;1mchmod 0555 "$harness/v8-container-wrapper.sh"[0m
2026-08-02T08:23:36.9218065Z [36;1mchmod 0444 "$harness/cache-roots.txt"[0m
2026-08-02T08:23:36.9218433Z [36;1mdocker load --input "$input/runtime-image.tgz" >/dev/null[0m
2026-08-02T08:23:36.9218822Z [36;1mruntime_tag="governseed-v7-runtime:$TASK_ID"[0m
2026-08-02T08:23:36.9219121Z [36;1mcontainer_id=[0m
2026-08-02T08:23:36.9219544Z [36;1mcleanup() { test -n "$container_id" && docker rm -f "$container_id" >/dev/null 2>&1 || true; }[0m
2026-08-02T08:23:36.9219997Z [36;1mtrap cleanup EXIT[0m
2026-08-02T08:23:36.9220288Z [36;1mdocker create --name "v8-${TASK_ID,,}-contract" \[0m
2026-08-02T08:23:36.9220778Z [36;1m  --network none --read-only --cap-drop=ALL --security-opt no-new-privileges:true \[0m
2026-08-02T08:23:36.9221306Z [36;1m  --user 65532:65532 --pids-limit 256 --cpus 4 --memory 15g \[0m
2026-08-02T08:23:36.9221815Z [36;1m  --tmpfs "/workspace:rw,exec,nosuid,nodev,size=8g,uid=65532,gid=65532,mode=0750" \[0m
2026-08-02T08:23:36.9222313Z [36;1m  --mount "type=bind,src=$seed,dst=/seed,readonly" \[0m
2026-08-02T08:23:36.9222704Z [36;1m  --mount "type=bind,src=$cache,dst=/cache,readonly" \[0m
2026-08-02T08:23:36.9223106Z [36;1m  --mount "type=bind,src=$harness,dst=/harness,readonly" \[0m
2026-08-02T08:23:36.9223613Z [36;1m  --tmpfs "/home/benchmark:rw,noexec,nosuid,nodev,size=1g,uid=65532,gid=65532,mode=0700" \[0m
2026-08-02T08:23:36.9224464Z [36;1m  --tmpfs "/tmp:rw,noexec,nosuid,nodev,size=2g,uid=65532,gid=65532,mode=1770" \[0m
2026-08-02T08:23:36.9225126Z [36;1m  "$runtime_tag" /harness/v8-container-wrapper.sh v8-runtime-contract.sh "$TASK_ID" > "$out/container-id"[0m
2026-08-02T08:23:36.9225718Z [36;1mcontainer_id=$(tail -n 1 "$out/container-id")[0m
2026-08-02T08:23:36.9226198Z [36;1mtest "$(docker inspect "$container_id" --format '{{.HostConfig.NetworkMode}}')" = none[0m
2026-08-02T08:23:36.9226804Z [36;1mtest "$(docker inspect "$container_id" --format '{{.HostConfig.ReadonlyRootfs}}')" = true[0m
2026-08-02T08:23:36.9227408Z [36;1mtest "$(docker inspect "$container_id" --format '{{.Config.User}}')" = 65532:65532[0m
2026-08-02T08:23:36.9227994Z [36;1mtest "$(docker inspect "$container_id" --format '{{json .HostConfig.CapDrop}}')" = '["ALL"]'[0m
2026-08-02T08:23:36.9228686Z [36;1mdocker inspect "$container_id" --format '{{json .HostConfig.SecurityOpt}}' | grep -Fq no-new-privileges:true[0m
2026-08-02T08:23:36.9229355Z [36;1mtmpfs_json=$(docker inspect "$container_id" --format '{{json .HostConfig.Tmpfs}}')[0m
2026-08-02T08:23:36.9229864Z [36;1mTMPFS_JSON="$tmpfs_json" node --input-type=module - <<'NODE'[0m
2026-08-02T08:23:36.9230288Z [36;1mconst tmpfs = JSON.parse(process.env.TMPFS_JSON);[0m
2026-08-02T08:23:36.9230613Z [36;1mconst required = {[0m
2026-08-02T08:23:36.9231182Z [36;1m  '/workspace': ['rw', 'exec', 'nosuid', 'nodev', 'size=8g', 'uid=65532', 'gid=65532', 'mode=0750'],[0m
2026-08-02T08:23:36.9231807Z [36;1m  '/home/benchmark': ['rw', 'noexec', 'nosuid', 'nodev', 'size=1g', 'uid=65532', 'gid=65532', 'mode=0700'],[0m
2026-08-02T08:23:36.9232399Z [36;1m  '/tmp': ['rw', 'noexec', 'nosuid', 'nodev', 'size=2g', 'uid=65532', 'gid=65532', 'mode=1770'][0m
2026-08-02T08:23:36.9232815Z [36;1m};[0m
2026-08-02T08:23:36.9233544Z [36;1mconst aliases = { 'size=8g': ['size=8g', 'size=8388608k'], 'size=1g': ['size=1g', 'size=1048576k'], 'size=2g': ['size=2g', 'size=2097152k'], 'mode=0750': ['mode=0750', 'mode=750'], 'mode=0700': ['mode=0700', 'mode=700'], 'mode=1770': ['mode=1770'] };[0m
2026-08-02T08:23:36.9234707Z [36;1mfor (const [destination, tokens] of Object.entries(required)) {[0m
2026-08-02T08:23:36.9235162Z [36;1m  const options = String(tmpfs[destination] || '').split(',');[0m
2026-08-02T08:23:36.9235844Z [36;1m  if (!options.length || tokens.some((token) => !(aliases[token] || [token]).some((candidate) => options.includes(candidate)))) process.exit(1);[0m
2026-08-02T08:23:36.9236580Z [36;1m  if (destination === '/workspace' && options.includes('noexec')) process.exit(1);[0m
2026-08-02T08:23:36.9237195Z [36;1m}[0m
2026-08-02T08:23:36.9237378Z [36;1mNODE[0m
2026-08-02T08:23:36.9237655Z [36;1mfor spec in '/seed false' '/cache false' '/harness false'; do[0m
2026-08-02T08:23:36.9238047Z [36;1m  destination=${spec% *}; expected_rw=${spec#* }[0m
2026-08-02T08:23:36.9238654Z [36;1m  count=$(docker inspect "$container_id" --format '{{range .Mounts}}{{println .Destination}}{{end}}' | grep -Fxc "$destination")[0m
2026-08-02T08:23:36.9239214Z [36;1m  test "$count" -eq 1[0m
2026-08-02T08:23:36.9239754Z [36;1m  actual_rw=$(docker inspect "$container_id" --format '{{range .Mounts}}{{if eq .Destination "'"$destination"'"}}{{.RW}}{{end}}{{end}}')[0m
2026-08-02T08:23:36.9240365Z [36;1m  test "$actual_rw" = "$expected_rw"[0m
2026-08-02T08:23:36.9240639Z [36;1mdone[0m
2026-08-02T08:23:36.9240865Z [36;1mdocker start "$container_id" >/dev/null[0m
2026-08-02T08:23:36.9241203Z [36;1mfor attempt in $(seq 1 180); do[0m
2026-08-02T08:23:36.9241644Z [36;1m  running=$(docker inspect "$container_id" --format '{{.State.Running}}')[0m
2026-08-02T08:23:36.9242056Z [36;1m  test "$running" = true || break[0m
2026-08-02T08:23:36.9242570Z [36;1m  if docker exec "$container_id" test -f /workspace/workspace-exec-receipt.json 2>/dev/null; then break; fi[0m
2026-08-02T08:23:36.9243075Z [36;1m  sleep 1[0m
2026-08-02T08:23:36.9243287Z [36;1mdone[0m
2026-08-02T08:23:36.9243602Z [36;1mrunning=$(docker inspect "$container_id" --format '{{.State.Running}}')[0m
2026-08-02T08:23:36.9244270Z [36;1mif test "$running" = true; then[0m
2026-08-02T08:23:36.9245561Z [36;1m  for file in workspace-exec-receipt.json mountinfo.txt workspace-mount.txt cache-mount.txt home-mount.txt tmp-mount.txt vitest-resolved-path.txt vitest-symlink.txt vitest-version.txt runner-probe.txt python-version.txt pytest-version.txt libmagic-library-path.txt libmagic-database-path.txt libmagic-probe.txt; do[0m
2026-08-02T08:23:36.9246994Z [36;1m    docker exec "$container_id" cat "/workspace/$file" > "$out/$file" 2>/dev/null || true[0m
2026-08-02T08:23:36.9247415Z [36;1m  done[0m
2026-08-02T08:23:36.9247704Z [36;1m  docker exec "$container_id" sh -c ': > /workspace/.v8-release'[0m
2026-08-02T08:23:36.9248048Z [36;1mfi[0m
2026-08-02T08:23:36.9248246Z [36;1mfor attempt in $(seq 1 30); do[0m
2026-08-02T08:23:36.9248652Z [36;1m  running=$(docker inspect "$container_id" --format '{{.State.Running}}')[0m
2026-08-02T08:23:36.9249100Z [36;1m  test "$running" = true || break[0m
2026-08-02T08:23:36.9249364Z [36;1m  sleep 1[0m
2026-08-02T08:23:36.9249558Z [36;1mdone[0m
2026-08-02T08:23:36.9249854Z [36;1mrc=$(docker inspect "$container_id" --format '{{.State.ExitCode}}')[0m
2026-08-02T08:23:36.9250320Z [36;1mdocker logs "$container_id" > "$out/container-output" 2>&1 || true[0m
2026-08-02T08:23:36.9250862Z [36;1mtest "$rc" -eq 0[0m
2026-08-02T08:23:36.9251141Z [36;1mtest -f "$out/workspace-exec-receipt.json"[0m
2026-08-02T08:23:36.9251468Z [36;1mdocker rm -f "$container_id" >/dev/null[0m
2026-08-02T08:23:36.9251756Z [36;1mcontainer_id=[0m
2026-08-02T08:23:36.9300456Z shell: /usr/bin/bash --noprofile --norc -e -o pipefail {0}
2026-08-02T08:23:36.9300820Z env:
2026-08-02T08:23:36.9301041Z   BENCHMARK_ID: GS-OSS-2026-08-02-V8
2026-08-02T08:23:36.9301339Z   EVIDENCE_CLASS: external-observational
2026-08-02T08:23:36.9301623Z   V7_SOURCE_RUN_ID: 30732978684
2026-08-02T08:23:36.9301861Z   TASK_ID: TASK-OSS-01
2026-08-02T08:23:36.9302073Z ##[endgroup]
2026-08-02T08:24:21.2631183Z Node 20 is being deprecated. This workflow is running with Node 24 by default. If you need to temporarily use Node 20, you can set the ACTIONS_ALLOW_USE_UNSECURE_NODE_VERSION=true environment variable. For more information see: https://github.blog/changelog/2025-09-19-deprecation-of-node-20-on-github-actions-runners/
2026-08-02T08:24:21.2632477Z ##[group]Run actions/upload-artifact@v4
2026-08-02T08:24:21.2632757Z with:
2026-08-02T08:24:21.2633161Z   name: external-oss-v8-workspace-exec-TASK-OSS-01
2026-08-02T08:24:21.2634378Z   path: /home/runner/work/_temp/v8-contract-receipts/TASK-OSS-01/
2026-08-02T08:24:21.2634982Z   if-no-files-found: ignore
2026-08-02T08:24:21.2635388Z   compression-level: 6
2026-08-02T08:24:21.2635765Z   overwrite: false
2026-08-02T08:24:21.2636133Z   include-hidden-files: false
2026-08-02T08:24:21.2636378Z env:
2026-08-02T08:24:21.2636846Z   BENCHMARK_ID: GS-OSS-2026-08-02-V8
2026-08-02T08:24:21.2637335Z   EVIDENCE_CLASS: external-observational
2026-08-02T08:24:21.2637873Z   V7_SOURCE_RUN_ID: 30732978684
2026-08-02T08:24:21.2638126Z ##[endgroup]
2026-08-02T08:24:21.4317522Z (node:3404) [DEP0040] DeprecationWarning: The `punycode` module is deprecated. Please use a userland alternative instead.
2026-08-02T08:24:21.4318380Z (Use `node --trace-deprecation ...` to show where the warning was created)
2026-08-02T08:24:21.4423691Z With the provided path, there will be 17 files uploaded
2026-08-02T08:24:21.4431228Z Artifact name is valid!
2026-08-02T08:24:21.4432177Z Root directory input is valid!
2026-08-02T08:24:21.7272598Z Beginning upload of artifact content to blob storage
2026-08-02T08:24:21.7761439Z (node:3404) [DEP0169] DeprecationWarning: `url.parse()` behavior is not standardized and prone to errors that have security implications. Use the WHATWG URL API instead. CVEs are not issued for `url.parse()` vulnerabilities.
2026-08-02T08:24:22.0057407Z Uploaded bytes 4220
2026-08-02T08:24:22.0694749Z Finished uploading artifact content to blob storage!
2026-08-02T08:24:22.0695508Z SHA256 digest of uploaded artifact zip is 21b8bad62dc002bbf2d40f79be3bc09e4934742ccfb03efa593d12ddbdbf7daa
2026-08-02T08:24:22.0697542Z Finalizing artifact upload
2026-08-02T08:24:22.2627784Z Artifact external-oss-v8-workspace-exec-TASK-OSS-01.zip successfully finalized. Artifact ID 8830849270
2026-08-02T08:24:22.2629480Z Artifact external-oss-v8-workspace-exec-TASK-OSS-01 has been successfully uploaded! Final size is 4220 bytes. Artifact ID is 8830849270
2026-08-02T08:24:22.2637379Z Artifact download URL: https://github.com/Eskasia/governseed/actions/runs/30739570734/artifacts/8830849270
2026-08-02T08:24:22.2822047Z Node 20 is being deprecated. This workflow is running with Node 24 by default. If you need to temporarily use Node 20, you can set the ACTIONS_ALLOW_USE_UNSECURE_NODE_VERSION=true environment variable. For more information see: https://github.blog/changelog/2025-09-19-deprecation-of-node-20-on-github-actions-runners/
2026-08-02T08:24:22.2823311Z Post job cleanup.
2026-08-02T08:24:22.3680834Z [command]/usr/bin/git version
2026-08-02T08:24:22.3726729Z git version 2.54.0
2026-08-02T08:24:22.3784317Z Temporarily overriding HOME='/home/runner/work/_temp/1cc65730-8650-4b2b-983d-d6645bfdc7aa' before making global git config changes
2026-08-02T08:24:22.3785392Z Adding repository directory to the temporary git global config as a safe directory
2026-08-02T08:24:22.3790642Z [command]/usr/bin/git config --global --add safe.directory /home/runner/work/governseed/governseed
2026-08-02T08:24:22.3837398Z [command]/usr/bin/git config --local --name-only --get-regexp core\.sshCommand
2026-08-02T08:24:22.3873787Z [command]/usr/bin/git submodule foreach --recursive sh -c "git config --local --name-only --get-regexp 'core\.sshCommand' && git config --local --unset-all 'core.sshCommand' || :"
2026-08-02T08:24:22.4139844Z [command]/usr/bin/git config --local --name-only --get-regexp http\.https\:\/\/github\.com\/\.extraheader
2026-08-02T08:24:22.4169434Z http.https://github.com/.extraheader
2026-08-02T08:24:22.4182083Z [command]/usr/bin/git config --local --unset-all http.https://github.com/.extraheader
2026-08-02T08:24:22.4219825Z [command]/usr/bin/git submodule foreach --recursive sh -c "git config --local --name-only --get-regexp 'http\.https\:\/\/github\.com\/\.extraheader' && git config --local --unset-all 'http.https://github.com/.extraheader' || :"
2026-08-02T08:24:22.4486644Z [command]/usr/bin/git config --local --name-only --get-regexp ^includeIf\.gitdir:
2026-08-02T08:24:22.4535123Z [command]/usr/bin/git submodule foreach --recursive git config --local --show-origin --name-only --get-regexp remote.origin.url
2026-08-02T08:24:22.4974717Z Cleaning up orphan processes
2026-08-02T08:24:22.5442671Z ##[warning]Node.js 20 is deprecated. The following actions target Node.js 20 but are being forced to run on Node.js 24: actions/checkout@v4, actions/download-artifact@v4, actions/upload-artifact@v4. For more information see: https://github.blog/changelog/2025-09-19-deprecation-of-node-20-on-github-actions-runners/
