2026-08-02T08:22:47.3206815Z Current runner version: '2.336.0'
2026-08-02T08:22:47.3233994Z ##[group]Runner Image Provisioner
2026-08-02T08:22:47.3235006Z Hosted Compute Agent
2026-08-02T08:22:47.3235598Z Version: 20260707.563
2026-08-02T08:22:47.3236261Z Commit: 02667638d2b423fbc733a8e32a88b44996a3ba6e
2026-08-02T08:22:47.3237012Z Build Date: 2026-07-07T19:33:50Z
2026-08-02T08:22:47.3237839Z Worker ID: {b2ca88b4-c038-458f-9762-72323ec8aa63}
2026-08-02T08:22:47.3238654Z Azure Region: westus
2026-08-02T08:22:47.3239220Z ##[endgroup]
2026-08-02T08:22:47.3240802Z ##[group]Operating System
2026-08-02T08:22:47.3241756Z Ubuntu
2026-08-02T08:22:47.3242273Z 24.04.4
2026-08-02T08:22:47.3242841Z LTS
2026-08-02T08:22:47.3243362Z ##[endgroup]
2026-08-02T08:22:47.3244058Z ##[group]Runner Image
2026-08-02T08:22:47.3244734Z Image: ubuntu-24.04
2026-08-02T08:22:47.3245294Z Version: 20260720.247.2
2026-08-02T08:22:47.3246631Z Included Software: https://github.com/actions/runner-images/blob/ubuntu24/20260720.247/images/ubuntu/Ubuntu2404-Readme.md
2026-08-02T08:22:47.3248166Z Image Release: https://github.com/actions/runner-images/releases/tag/ubuntu24%2F20260720.247
2026-08-02T08:22:47.3249125Z ##[endgroup]
2026-08-02T08:22:47.3250504Z ##[group]GITHUB_TOKEN Permissions
2026-08-02T08:22:47.3253441Z Actions: read
2026-08-02T08:22:47.3254246Z Contents: read
2026-08-02T08:22:47.3254838Z Metadata: read
2026-08-02T08:22:47.3255442Z ##[endgroup]
2026-08-02T08:22:47.3257588Z Secret source: Actions
2026-08-02T08:22:47.3259476Z Prepare workflow directory
2026-08-02T08:22:47.3686069Z Prepare all required actions
2026-08-02T08:22:47.3737486Z Getting action download info
2026-08-02T08:22:47.7180620Z Download action repository 'actions/checkout@v4' (SHA:11d5960a326750d5838078e36cf38b85af677262)
2026-08-02T08:22:48.1737643Z Download action repository 'actions/download-artifact@v4' (SHA:d3f86a106a0bac45b974a628896c90dbdf5c8093)
2026-08-02T08:22:48.6707706Z Download action repository 'actions/upload-artifact@v4' (SHA:ea165f8d65b6e75b540449e92b4886f43607fa02)
2026-08-02T08:22:48.8871406Z Complete job name: Verify V8 workspace exec contract (TASK-OSS-03)
2026-08-02T08:22:48.9696388Z Node 20 is being deprecated. This workflow is running with Node 24 by default. If you need to temporarily use Node 20, you can set the ACTIONS_ALLOW_USE_UNSECURE_NODE_VERSION=true environment variable. For more information see: https://github.blog/changelog/2025-09-19-deprecation-of-node-20-on-github-actions-runners/
2026-08-02T08:22:48.9706242Z ##[group]Run actions/checkout@v4
2026-08-02T08:22:48.9707066Z with:
2026-08-02T08:22:48.9707531Z   fetch-depth: 1
2026-08-02T08:22:48.9708037Z   repository: Eskasia/governseed
2026-08-02T08:22:48.9712640Z   token: ***
2026-08-02T08:22:48.9713104Z   ssh-strict: true
2026-08-02T08:22:48.9713571Z   ssh-user: git
2026-08-02T08:22:48.9714044Z   persist-credentials: true
2026-08-02T08:22:48.9714586Z   clean: true
2026-08-02T08:22:48.9715065Z   sparse-checkout-cone-mode: true
2026-08-02T08:22:48.9715629Z   fetch-tags: false
2026-08-02T08:22:48.9716114Z   show-progress: true
2026-08-02T08:22:48.9716644Z   lfs: false
2026-08-02T08:22:48.9717131Z   submodules: false
2026-08-02T08:22:48.9717613Z   set-safe-directory: true
2026-08-02T08:22:48.9718153Z   allow-unsafe-pr-checkout: false
2026-08-02T08:22:48.9719104Z env:
2026-08-02T08:22:48.9719636Z   BENCHMARK_ID: GS-OSS-2026-08-02-V8
2026-08-02T08:22:48.9720251Z   EVIDENCE_CLASS: external-observational
2026-08-02T08:22:48.9720848Z   V7_SOURCE_RUN_ID: 30732978684
2026-08-02T08:22:48.9721548Z ##[endgroup]
2026-08-02T08:22:49.0799178Z Syncing repository: Eskasia/governseed
2026-08-02T08:22:49.0802862Z ##[group]Getting Git version info
2026-08-02T08:22:49.0804370Z Working directory is '/home/runner/work/governseed/governseed'
2026-08-02T08:22:49.0806483Z [command]/usr/bin/git version
2026-08-02T08:22:49.0957970Z git version 2.54.0
2026-08-02T08:22:49.1014713Z ##[endgroup]
2026-08-02T08:22:49.1032409Z Temporarily overriding HOME='/home/runner/work/_temp/3c648548-8e0a-458d-ac71-ad4b011767e8' before making global git config changes
2026-08-02T08:22:49.1034894Z Adding repository directory to the temporary git global config as a safe directory
2026-08-02T08:22:49.1042529Z [command]/usr/bin/git config --global --add safe.directory /home/runner/work/governseed/governseed
2026-08-02T08:22:49.1112655Z Deleting the contents of '/home/runner/work/governseed/governseed'
2026-08-02T08:22:49.1115328Z ##[group]Initializing the repository
2026-08-02T08:22:49.1120270Z [command]/usr/bin/git init /home/runner/work/governseed/governseed
2026-08-02T08:22:49.1256043Z hint: Using 'master' as the name for the initial branch. This default branch name
2026-08-02T08:22:49.1258460Z hint: will change to "main" in Git 3.0. To configure the initial branch name
2026-08-02T08:22:49.1260463Z hint: to use in all of your new repositories, which will suppress this warning,
2026-08-02T08:22:49.1262414Z hint: call:
2026-08-02T08:22:49.1263389Z hint:
2026-08-02T08:22:49.1264489Z hint: 	git config --global init.defaultBranch <name>
2026-08-02T08:22:49.1265747Z hint:
2026-08-02T08:22:49.1267106Z hint: Names commonly chosen instead of 'master' are 'main', 'trunk' and
2026-08-02T08:22:49.1269183Z hint: 'development'. The just-created branch can be renamed via this command:
2026-08-02T08:22:49.1270718Z hint:
2026-08-02T08:22:49.1271939Z hint: 	git branch -m <name>
2026-08-02T08:22:49.1273060Z hint:
2026-08-02T08:22:49.1274404Z hint: Disable this message with "git config set advice.defaultBranchName false"
2026-08-02T08:22:49.1276889Z Initialized empty Git repository in /home/runner/work/governseed/governseed/.git/
2026-08-02T08:22:49.1281679Z [command]/usr/bin/git remote add origin https://github.com/Eskasia/governseed
2026-08-02T08:22:49.1346417Z ##[endgroup]
2026-08-02T08:22:49.1347331Z ##[group]Disabling automatic garbage collection
2026-08-02T08:22:49.1352482Z [command]/usr/bin/git config --local gc.auto 0
2026-08-02T08:22:49.1396594Z ##[endgroup]
2026-08-02T08:22:49.1397790Z ##[group]Setting up auth
2026-08-02T08:22:49.1404583Z [command]/usr/bin/git config --local --name-only --get-regexp core\.sshCommand
2026-08-02T08:22:49.1452924Z [command]/usr/bin/git submodule foreach --recursive sh -c "git config --local --name-only --get-regexp 'core\.sshCommand' && git config --local --unset-all 'core.sshCommand' || :"
2026-08-02T08:22:49.1862337Z [command]/usr/bin/git config --local --name-only --get-regexp http\.https\:\/\/github\.com\/\.extraheader
2026-08-02T08:22:49.1904512Z [command]/usr/bin/git submodule foreach --recursive sh -c "git config --local --name-only --get-regexp 'http\.https\:\/\/github\.com\/\.extraheader' && git config --local --unset-all 'http.https://github.com/.extraheader' || :"
2026-08-02T08:22:49.2146753Z [command]/usr/bin/git config --local --name-only --get-regexp ^includeIf\.gitdir:
2026-08-02T08:22:49.2190534Z [command]/usr/bin/git submodule foreach --recursive git config --local --show-origin --name-only --get-regexp remote.origin.url
2026-08-02T08:22:49.2435702Z [command]/usr/bin/git config --local http.https://github.com/.extraheader AUTHORIZATION: basic ***
2026-08-02T08:22:49.2482703Z ##[endgroup]
2026-08-02T08:22:49.2484698Z ##[group]Fetching the repository
2026-08-02T08:22:49.2494027Z [command]/usr/bin/git -c protocol.version=2 fetch --no-tags --prune --no-recurse-submodules --depth=1 origin +38a19c8169ba16879b6fca1132f3bc0f5b6b3e85:refs/remotes/origin/main
2026-08-02T08:22:52.1744576Z From https://github.com/Eskasia/governseed
2026-08-02T08:22:52.1746722Z  * [new ref]         38a19c8169ba16879b6fca1132f3bc0f5b6b3e85 -> origin/main
2026-08-02T08:22:52.1778177Z ##[endgroup]
2026-08-02T08:22:52.1779015Z ##[group]Determining the checkout info
2026-08-02T08:22:52.1782313Z ##[endgroup]
2026-08-02T08:22:52.1790834Z [command]/usr/bin/git sparse-checkout disable
2026-08-02T08:22:52.1849649Z [command]/usr/bin/git config --local --unset-all extensions.worktreeConfig
2026-08-02T08:22:52.1889053Z ##[group]Checking out the ref
2026-08-02T08:22:52.1895506Z [command]/usr/bin/git checkout --progress --force -B main refs/remotes/origin/main
2026-08-02T08:22:52.4319133Z Switched to a new branch 'main'
2026-08-02T08:22:52.4322199Z branch 'main' set up to track 'origin/main'.
2026-08-02T08:22:52.4370889Z ##[endgroup]
2026-08-02T08:22:52.4424695Z [command]/usr/bin/git log -1 --format=%H
2026-08-02T08:22:52.4454534Z 38a19c8169ba16879b6fca1132f3bc0f5b6b3e85
2026-08-02T08:22:52.4734105Z Node 20 is being deprecated. This workflow is running with Node 24 by default. If you need to temporarily use Node 20, you can set the ACTIONS_ALLOW_USE_UNSECURE_NODE_VERSION=true environment variable. For more information see: https://github.blog/changelog/2025-09-19-deprecation-of-node-20-on-github-actions-runners/
2026-08-02T08:22:52.4736355Z ##[group]Run actions/download-artifact@v4
2026-08-02T08:22:52.4736690Z with:
2026-08-02T08:22:52.4736989Z   name: external-oss-v8-dependency-cache-TASK-OSS-03
2026-08-02T08:22:52.4737397Z   path: /home/runner/work/_temp/v8-input/TASK-OSS-03
2026-08-02T08:22:52.4737754Z   merge-multiple: false
2026-08-02T08:22:52.4738032Z   repository: Eskasia/governseed
2026-08-02T08:22:52.4738342Z   run-id: 30739570734
2026-08-02T08:22:52.4738583Z env:
2026-08-02T08:22:52.4738833Z   BENCHMARK_ID: GS-OSS-2026-08-02-V8
2026-08-02T08:22:52.4739153Z   EVIDENCE_CLASS: external-observational
2026-08-02T08:22:52.4739469Z   V7_SOURCE_RUN_ID: 30732978684
2026-08-02T08:22:52.4739792Z ##[endgroup]
2026-08-02T08:22:52.6304698Z Downloading single artifact
2026-08-02T08:22:52.6476731Z (node:2226) [DEP0040] DeprecationWarning: The `punycode` module is deprecated. Please use a userland alternative instead.
2026-08-02T08:22:52.6478463Z (Use `node --trace-deprecation ...` to show where the warning was created)
2026-08-02T08:22:52.9160952Z Preparing to download the following artifacts:
2026-08-02T08:22:52.9163128Z - external-oss-v8-dependency-cache-TASK-OSS-03 (ID: 8830831990, Size: 503621020, Expected Digest: sha256:54241298f5e0bf8bc28b70978592a02f259d7bf400b659aa9a3397c56b43b0fb)
2026-08-02T08:22:53.1225050Z Redirecting to blob download url: https://productionresultssa2.blob.core.windows.net/actions-results/5987fa1b-97c2-4063-a1a9-b1135aa8062a/workflow-job-run-fc8bb874-270f-538e-9364-6e24b7bcb0e8/artifacts/832f0df008fe1ea67ae7beaf17995516c67dbdbb92a8df00f60e431f0b409f61.zip
2026-08-02T08:22:53.1227706Z Starting download of artifact to: /home/runner/work/_temp/v8-input/TASK-OSS-03
2026-08-02T08:22:53.5012220Z (node:2226) [DEP0005] DeprecationWarning: Buffer() is deprecated due to security and usability issues. Please use the Buffer.alloc(), Buffer.allocUnsafe(), or Buffer.from() methods instead.
2026-08-02T08:23:15.2017033Z SHA256 digest of downloaded artifact is 54241298f5e0bf8bc28b70978592a02f259d7bf400b659aa9a3397c56b43b0fb
2026-08-02T08:23:15.2018086Z Artifact download completed successfully.
2026-08-02T08:23:15.2018635Z Total of 1 artifact(s) downloaded
2026-08-02T08:23:15.2025792Z Download artifact has finished successfully
2026-08-02T08:23:15.2215430Z ##[group]Run set -euo pipefail
2026-08-02T08:23:15.2216057Z [36;1mset -euo pipefail[0m
2026-08-02T08:23:15.2216537Z [36;1minput="$RUNNER_TEMP/v8-input/$TASK_ID"[0m
2026-08-02T08:23:15.2217129Z [36;1mroot="$RUNNER_TEMP/v8-contract/$TASK_ID"[0m
2026-08-02T08:23:15.2217638Z [36;1mseed="$root/seed"[0m
2026-08-02T08:23:15.2218030Z [36;1mcache="$root/cache"[0m
2026-08-02T08:23:15.2218434Z [36;1mharness="$root/harness"[0m
2026-08-02T08:23:15.2218964Z [36;1mout="$RUNNER_TEMP/v8-contract-receipts/$TASK_ID"[0m
2026-08-02T08:23:15.2219593Z [36;1mmkdir -p "$seed" "$cache" "$harness" "$out"[0m
2026-08-02T08:23:15.2220154Z [36;1mtar -xzf "$input/seed.tgz" -C "$seed"[0m
2026-08-02T08:23:15.2220691Z [36;1mtar -xzf "$input/cache.tgz" -C "$cache"[0m
2026-08-02T08:23:15.2221630Z [36;1mcp "$input/cache-roots.txt" "$harness/cache-roots.txt"[0m
2026-08-02T08:23:15.2222622Z [36;1mcp benchmarks/external-oss-v8/tests/v8-runtime-contract.sh "$harness/v8-runtime-contract.sh"[0m
2026-08-02T08:23:15.2223929Z [36;1mcp benchmarks/external-oss-v8/tests/v8-container-wrapper.sh "$harness/v8-container-wrapper.sh"[0m
2026-08-02T08:23:15.2224879Z [36;1mchmod 0555 "$harness/v8-runtime-contract.sh"[0m
2026-08-02T08:23:15.2225734Z [36;1mchmod 0555 "$harness/v8-container-wrapper.sh"[0m
2026-08-02T08:23:15.2226304Z [36;1mchmod 0444 "$harness/cache-roots.txt"[0m
2026-08-02T08:23:15.2226943Z [36;1mdocker load --input "$input/runtime-image.tgz" >/dev/null[0m
2026-08-02T08:23:15.2227632Z [36;1mruntime_tag="governseed-v7-runtime:$TASK_ID"[0m
2026-08-02T08:23:15.2228163Z [36;1mcontainer_id=[0m
2026-08-02T08:23:15.2228855Z [36;1mcleanup() { test -n "$container_id" && docker rm -f "$container_id" >/dev/null 2>&1 || true; }[0m
2026-08-02T08:23:15.2229648Z [36;1mtrap cleanup EXIT[0m
2026-08-02T08:23:15.2230142Z [36;1mdocker create --name "v8-${TASK_ID,,}-contract" \[0m
2026-08-02T08:23:15.2231207Z [36;1m  --network none --read-only --cap-drop=ALL --security-opt no-new-privileges:true \[0m
2026-08-02T08:23:15.2232115Z [36;1m  --user 65532:65532 --pids-limit 256 --cpus 4 --memory 15g \[0m
2026-08-02T08:23:15.2232983Z [36;1m  --tmpfs "/workspace:rw,exec,nosuid,nodev,size=8g,uid=65532,gid=65532,mode=0750" \[0m
2026-08-02T08:23:15.2233829Z [36;1m  --mount "type=bind,src=$seed,dst=/seed,readonly" \[0m
2026-08-02T08:23:15.2234504Z [36;1m  --mount "type=bind,src=$cache,dst=/cache,readonly" \[0m
2026-08-02T08:23:15.2235198Z [36;1m  --mount "type=bind,src=$harness,dst=/harness,readonly" \[0m
2026-08-02T08:23:15.2236102Z [36;1m  --tmpfs "/home/benchmark:rw,noexec,nosuid,nodev,size=1g,uid=65532,gid=65532,mode=0700" \[0m
2026-08-02T08:23:15.2237133Z [36;1m  --tmpfs "/tmp:rw,noexec,nosuid,nodev,size=2g,uid=65532,gid=65532,mode=1770" \[0m
2026-08-02T08:23:15.2238284Z [36;1m  "$runtime_tag" /harness/v8-container-wrapper.sh v8-runtime-contract.sh "$TASK_ID" > "$out/container-id"[0m
2026-08-02T08:23:15.2239284Z [36;1mcontainer_id=$(tail -n 1 "$out/container-id")[0m
2026-08-02T08:23:15.2240119Z [36;1mtest "$(docker inspect "$container_id" --format '{{.HostConfig.NetworkMode}}')" = none[0m
2026-08-02T08:23:15.2241457Z [36;1mtest "$(docker inspect "$container_id" --format '{{.HostConfig.ReadonlyRootfs}}')" = true[0m
2026-08-02T08:23:15.2242627Z [36;1mtest "$(docker inspect "$container_id" --format '{{.Config.User}}')" = 65532:65532[0m
2026-08-02T08:23:15.2243700Z [36;1mtest "$(docker inspect "$container_id" --format '{{json .HostConfig.CapDrop}}')" = '["ALL"]'[0m
2026-08-02T08:23:15.2244960Z [36;1mdocker inspect "$container_id" --format '{{json .HostConfig.SecurityOpt}}' | grep -Fq no-new-privileges:true[0m
2026-08-02T08:23:15.2246167Z [36;1mtmpfs_json=$(docker inspect "$container_id" --format '{{json .HostConfig.Tmpfs}}')[0m
2026-08-02T08:23:15.2247082Z [36;1mTMPFS_JSON="$tmpfs_json" node --input-type=module - <<'NODE'[0m
2026-08-02T08:23:15.2247820Z [36;1mconst tmpfs = JSON.parse(process.env.TMPFS_JSON);[0m
2026-08-02T08:23:15.2248390Z [36;1mconst required = {[0m
2026-08-02T08:23:15.2249326Z [36;1m  '/workspace': ['rw', 'exec', 'nosuid', 'nodev', 'size=8g', 'uid=65532', 'gid=65532', 'mode=0750'],[0m
2026-08-02T08:23:15.2250442Z [36;1m  '/home/benchmark': ['rw', 'noexec', 'nosuid', 'nodev', 'size=1g', 'uid=65532', 'gid=65532', 'mode=0700'],[0m
2026-08-02T08:23:15.2251756Z [36;1m  '/tmp': ['rw', 'noexec', 'nosuid', 'nodev', 'size=2g', 'uid=65532', 'gid=65532', 'mode=1770'][0m
2026-08-02T08:23:15.2252476Z [36;1m};[0m
2026-08-02T08:23:15.2253794Z [36;1mconst aliases = { 'size=8g': ['size=8g', 'size=8388608k'], 'size=1g': ['size=1g', 'size=1048576k'], 'size=2g': ['size=2g', 'size=2097152k'], 'mode=0750': ['mode=0750', 'mode=750'], 'mode=0700': ['mode=0700', 'mode=700'], 'mode=1770': ['mode=1770'] };[0m
2026-08-02T08:23:15.2255454Z [36;1mfor (const [destination, tokens] of Object.entries(required)) {[0m
2026-08-02T08:23:15.2256265Z [36;1m  const options = String(tmpfs[destination] || '').split(',');[0m
2026-08-02T08:23:15.2257502Z [36;1m  if (!options.length || tokens.some((token) => !(aliases[token] || [token]).some((candidate) => options.includes(candidate)))) process.exit(1);[0m
2026-08-02T08:23:15.2258826Z [36;1m  if (destination === '/workspace' && options.includes('noexec')) process.exit(1);[0m
2026-08-02T08:23:15.2259719Z [36;1m}[0m
2026-08-02T08:23:15.2260023Z [36;1mNODE[0m
2026-08-02T08:23:15.2260493Z [36;1mfor spec in '/seed false' '/cache false' '/harness false'; do[0m
2026-08-02T08:23:15.2261348Z [36;1m  destination=${spec% *}; expected_rw=${spec#* }[0m
2026-08-02T08:23:15.2262440Z [36;1m  count=$(docker inspect "$container_id" --format '{{range .Mounts}}{{println .Destination}}{{end}}' | grep -Fxc "$destination")[0m
2026-08-02T08:23:15.2263453Z [36;1m  test "$count" -eq 1[0m
2026-08-02T08:23:15.2264419Z [36;1m  actual_rw=$(docker inspect "$container_id" --format '{{range .Mounts}}{{if eq .Destination "'"$destination"'"}}{{.RW}}{{end}}{{end}}')[0m
2026-08-02T08:23:15.2265481Z [36;1m  test "$actual_rw" = "$expected_rw"[0m
2026-08-02T08:23:15.2265965Z [36;1mdone[0m
2026-08-02T08:23:15.2266353Z [36;1mdocker start "$container_id" >/dev/null[0m
2026-08-02T08:23:15.2266908Z [36;1mfor attempt in $(seq 1 180); do[0m
2026-08-02T08:23:15.2267658Z [36;1m  running=$(docker inspect "$container_id" --format '{{.State.Running}}')[0m
2026-08-02T08:23:15.2268370Z [36;1m  test "$running" = true || break[0m
2026-08-02T08:23:15.2269281Z [36;1m  if docker exec "$container_id" test -f /workspace/workspace-exec-receipt.json 2>/dev/null; then break; fi[0m
2026-08-02T08:23:15.2270182Z [36;1m  sleep 1[0m
2026-08-02T08:23:15.2270516Z [36;1mdone[0m
2026-08-02T08:23:15.2271238Z [36;1mrunning=$(docker inspect "$container_id" --format '{{.State.Running}}')[0m
2026-08-02T08:23:15.2271955Z [36;1mif test "$running" = true; then[0m
2026-08-02T08:23:15.2274307Z [36;1m  for file in workspace-exec-receipt.json mountinfo.txt workspace-mount.txt cache-mount.txt home-mount.txt tmp-mount.txt vitest-resolved-path.txt vitest-symlink.txt vitest-version.txt runner-probe.txt python-version.txt pytest-version.txt libmagic-library-path.txt libmagic-database-path.txt libmagic-probe.txt; do[0m
2026-08-02T08:23:15.2276942Z [36;1m    docker exec "$container_id" cat "/workspace/$file" > "$out/$file" 2>/dev/null || true[0m
2026-08-02T08:23:15.2277714Z [36;1m  done[0m
2026-08-02T08:23:15.2278209Z [36;1m  docker exec "$container_id" sh -c ': > /workspace/.v8-release'[0m
2026-08-02T08:23:15.2278816Z [36;1mfi[0m
2026-08-02T08:23:15.2279151Z [36;1mfor attempt in $(seq 1 30); do[0m
2026-08-02T08:23:15.2279817Z [36;1m  running=$(docker inspect "$container_id" --format '{{.State.Running}}')[0m
2026-08-02T08:23:15.2280540Z [36;1m  test "$running" = true || break[0m
2026-08-02T08:23:15.2281188Z [36;1m  sleep 1[0m
2026-08-02T08:23:15.2281529Z [36;1mdone[0m
2026-08-02T08:23:15.2282047Z [36;1mrc=$(docker inspect "$container_id" --format '{{.State.ExitCode}}')[0m
2026-08-02T08:23:15.2282889Z [36;1mdocker logs "$container_id" > "$out/container-output" 2>&1 || true[0m
2026-08-02T08:23:15.2283740Z [36;1mtest "$rc" -eq 0[0m
2026-08-02T08:23:15.2284214Z [36;1mtest -f "$out/workspace-exec-receipt.json"[0m
2026-08-02T08:23:15.2284803Z [36;1mdocker rm -f "$container_id" >/dev/null[0m
2026-08-02T08:23:15.2285302Z [36;1mcontainer_id=[0m
2026-08-02T08:23:15.2340002Z shell: /usr/bin/bash --noprofile --norc -e -o pipefail {0}
2026-08-02T08:23:15.2340463Z env:
2026-08-02T08:23:15.2340738Z   BENCHMARK_ID: GS-OSS-2026-08-02-V8
2026-08-02T08:23:15.2341315Z   EVIDENCE_CLASS: external-observational
2026-08-02T08:23:15.2341651Z   V7_SOURCE_RUN_ID: 30732978684
2026-08-02T08:23:15.2341943Z   TASK_ID: TASK-OSS-03
2026-08-02T08:23:15.2342206Z ##[endgroup]
2026-08-02T08:23:48.2623316Z Node 20 is being deprecated. This workflow is running with Node 24 by default. If you need to temporarily use Node 20, you can set the ACTIONS_ALLOW_USE_UNSECURE_NODE_VERSION=true environment variable. For more information see: https://github.blog/changelog/2025-09-19-deprecation-of-node-20-on-github-actions-runners/
2026-08-02T08:23:48.2624614Z ##[group]Run actions/upload-artifact@v4
2026-08-02T08:23:48.2624893Z with:
2026-08-02T08:23:48.2625136Z   name: external-oss-v8-workspace-exec-TASK-OSS-03
2026-08-02T08:23:48.2625735Z   path: /home/runner/work/_temp/v8-contract-receipts/TASK-OSS-03/
2026-08-02T08:23:48.2626100Z   if-no-files-found: ignore
2026-08-02T08:23:48.2626336Z   compression-level: 6
2026-08-02T08:23:48.2626548Z   overwrite: false
2026-08-02T08:23:48.2626761Z   include-hidden-files: false
2026-08-02T08:23:48.2626994Z env:
2026-08-02T08:23:48.2627184Z   BENCHMARK_ID: GS-OSS-2026-08-02-V8
2026-08-02T08:23:48.2627455Z   EVIDENCE_CLASS: external-observational
2026-08-02T08:23:48.2627764Z   V7_SOURCE_RUN_ID: 30732978684
2026-08-02T08:23:48.2627995Z ##[endgroup]
2026-08-02T08:23:48.4355855Z (node:3254) [DEP0040] DeprecationWarning: The `punycode` module is deprecated. Please use a userland alternative instead.
2026-08-02T08:23:48.4356803Z (Use `node --trace-deprecation ...` to show where the warning was created)
2026-08-02T08:23:48.4472015Z With the provided path, there will be 17 files uploaded
2026-08-02T08:23:48.4474720Z Artifact name is valid!
2026-08-02T08:23:48.4475356Z Root directory input is valid!
2026-08-02T08:23:48.7568475Z Beginning upload of artifact content to blob storage
2026-08-02T08:23:48.8005986Z (node:3254) [DEP0169] DeprecationWarning: `url.parse()` behavior is not standardized and prone to errors that have security implications. Use the WHATWG URL API instead. CVEs are not issued for `url.parse()` vulnerabilities.
2026-08-02T08:23:49.0968149Z Uploaded bytes 4477
2026-08-02T08:23:49.1759343Z Finished uploading artifact content to blob storage!
2026-08-02T08:23:49.1760528Z SHA256 digest of uploaded artifact zip is 2c5506056299e0f5ab8805539086547131830717d9f76acfe3b02d3b39220e5b
2026-08-02T08:23:49.1762503Z Finalizing artifact upload
2026-08-02T08:23:49.3815198Z Artifact external-oss-v8-workspace-exec-TASK-OSS-03.zip successfully finalized. Artifact ID 8830843847
2026-08-02T08:23:49.3817014Z Artifact external-oss-v8-workspace-exec-TASK-OSS-03 has been successfully uploaded! Final size is 4477 bytes. Artifact ID is 8830843847
2026-08-02T08:23:49.3824434Z Artifact download URL: https://github.com/Eskasia/governseed/actions/runs/30739570734/artifacts/8830843847
2026-08-02T08:23:49.4032860Z Node 20 is being deprecated. This workflow is running with Node 24 by default. If you need to temporarily use Node 20, you can set the ACTIONS_ALLOW_USE_UNSECURE_NODE_VERSION=true environment variable. For more information see: https://github.blog/changelog/2025-09-19-deprecation-of-node-20-on-github-actions-runners/
2026-08-02T08:23:49.4034130Z Post job cleanup.
2026-08-02T08:23:49.4920040Z [command]/usr/bin/git version
2026-08-02T08:23:49.4965987Z git version 2.54.0
2026-08-02T08:23:49.5012439Z Temporarily overriding HOME='/home/runner/work/_temp/78220ddc-cad3-4865-92bd-d98f2c1f6846' before making global git config changes
2026-08-02T08:23:49.5014123Z Adding repository directory to the temporary git global config as a safe directory
2026-08-02T08:23:49.5018913Z [command]/usr/bin/git config --global --add safe.directory /home/runner/work/governseed/governseed
2026-08-02T08:23:49.5066618Z [command]/usr/bin/git config --local --name-only --get-regexp core\.sshCommand
2026-08-02T08:23:49.5111429Z [command]/usr/bin/git submodule foreach --recursive sh -c "git config --local --name-only --get-regexp 'core\.sshCommand' && git config --local --unset-all 'core.sshCommand' || :"
2026-08-02T08:23:49.5376670Z [command]/usr/bin/git config --local --name-only --get-regexp http\.https\:\/\/github\.com\/\.extraheader
2026-08-02T08:23:49.5406311Z http.https://github.com/.extraheader
2026-08-02T08:23:49.5419374Z [command]/usr/bin/git config --local --unset-all http.https://github.com/.extraheader
2026-08-02T08:23:49.5462158Z [command]/usr/bin/git submodule foreach --recursive sh -c "git config --local --name-only --get-regexp 'http\.https\:\/\/github\.com\/\.extraheader' && git config --local --unset-all 'http.https://github.com/.extraheader' || :"
2026-08-02T08:23:49.5773276Z [command]/usr/bin/git config --local --name-only --get-regexp ^includeIf\.gitdir:
2026-08-02T08:23:49.5829321Z [command]/usr/bin/git submodule foreach --recursive git config --local --show-origin --name-only --get-regexp remote.origin.url
2026-08-02T08:23:49.6270000Z Cleaning up orphan processes
2026-08-02T08:23:49.6726993Z ##[warning]Node.js 20 is deprecated. The following actions target Node.js 20 but are being forced to run on Node.js 24: actions/checkout@v4, actions/download-artifact@v4, actions/upload-artifact@v4. For more information see: https://github.blog/changelog/2025-09-19-deprecation-of-node-20-on-github-actions-runners/
